<?xml version="1.0"?>
<link_info>
   <banner>TI ARM Linker PC v5.2.9</banner>
   <copyright>Copyright (c) 1996-2017 Texas Instruments Incorporated</copyright>
   <link_time>0x666f8c15</link_time>
   <link_errors>0x0</link_errors>
   <output_file>UCD3138A_new_project.out</output_file>
   <entry_point>
      <name>_c_int00</name>
      <address>0x234c</address>
   </entry_point>
   <input_file_list>
      <input_file id="fl-2">
         <path>.\</path>
         <kind>object</kind>
         <file>main.obj</file>
         <name>main.obj</name>
      </input_file>
      <input_file id="fl-3">
         <path>.\APP\Defintion\</path>
         <kind>object</kind>
         <file>cyclone_global_variables_defs.obj</file>
         <name>cyclone_global_variables_defs.obj</name>
      </input_file>
      <input_file id="fl-4">
         <path>.\APP\Interrupt\</path>
         <kind>object</kind>
         <file>interrupts.obj</file>
         <name>interrupts.obj</name>
      </input_file>
      <input_file id="fl-5">
         <path>.\APP\Interrupt\</path>
         <kind>object</kind>
         <file>software_interrupt.obj</file>
         <name>software_interrupt.obj</name>
      </input_file>
      <input_file id="fl-6">
         <path>.\APP\Interrupt\</path>
         <kind>object</kind>
         <file>software_interrupt_wrapper.obj</file>
         <name>software_interrupt_wrapper.obj</name>
      </input_file>
      <input_file id="fl-7">
         <path>.\APP\Interrupt\</path>
         <kind>object</kind>
         <file>standard_interrupt.obj</file>
         <name>standard_interrupt.obj</name>
      </input_file>
      <input_file id="fl-8">
         <path>.\APP\Pmbus\</path>
         <kind>object</kind>
         <file>pmbus_topology.obj</file>
         <name>pmbus_topology.obj</name>
      </input_file>
      <input_file id="fl-9">
         <path>.\Device\UCD3138A\Source\</path>
         <kind>object</kind>
         <file>clear_program_flash.obj</file>
         <name>clear_program_flash.obj</name>
      </input_file>
      <input_file id="fl-a">
         <path>.\Device\UCD3138A\Source\</path>
         <kind>object</kind>
         <file>load_UCD3138A.obj</file>
         <name>load_UCD3138A.obj</name>
      </input_file>
      <input_file id="fl-b">
         <path>.\Driver\Pmbus\</path>
         <kind>object</kind>
         <file>pmbus_command_indexes.obj</file>
         <name>pmbus_command_indexes.obj</name>
      </input_file>
      <input_file id="fl-c">
         <path>.\Driver\Pmbus\</path>
         <kind>object</kind>
         <file>pmbus_common.obj</file>
         <name>pmbus_common.obj</name>
      </input_file>
      <input_file id="fl-d">
         <path>.\Driver\Pmbus\</path>
         <kind>object</kind>
         <file>pmbus_driver.obj</file>
         <name>pmbus_driver.obj</name>
      </input_file>
      <input_file id="fl-134">
         <path>D:\APP\CCS\ccs\tools\compiler\ti-cgt-arm_5.2.9\lib\</path>
         <kind>archive</kind>
         <file>rtsv4_A_be_tiarm9.lib</file>
         <name>copy_decompress_none.obj</name>
      </input_file>
      <input_file id="fl-135">
         <path>D:\APP\CCS\ccs\tools\compiler\ti-cgt-arm_5.2.9\lib\</path>
         <kind>archive</kind>
         <file>rtsv4_A_be_tiarm9.lib</file>
         <name>copy_decompress_rle.obj</name>
      </input_file>
      <input_file id="fl-136">
         <path>D:\APP\CCS\ccs\tools\compiler\ti-cgt-arm_5.2.9\lib\</path>
         <kind>archive</kind>
         <file>rtsv4_A_be_tiarm9.lib</file>
         <name>copy_zero_init.obj</name>
      </input_file>
      <input_file id="fl-137">
         <path>D:\APP\CCS\ccs\tools\compiler\ti-cgt-arm_5.2.9\lib\</path>
         <kind>archive</kind>
         <file>rtsv4_A_be_tiarm9.lib</file>
         <name>memcpy32.obj</name>
      </input_file>
      <input_file id="fl-138">
         <path>D:\APP\CCS\ccs\tools\compiler\ti-cgt-arm_5.2.9\lib\</path>
         <kind>archive</kind>
         <file>rtsv4_A_be_tiarm9.lib</file>
         <name>memset32.obj</name>
      </input_file>
      <input_file id="fl-139">
         <path>D:\APP\CCS\ccs\tools\compiler\ti-cgt-arm_5.2.9\lib\</path>
         <kind>archive</kind>
         <file>rtsv4_A_be_tiarm9.lib</file>
         <name>strcpy.obj</name>
      </input_file>
   </input_file_list>
   <object_component_list>
      <object_component id="oc-ac">
         <name>.text</name>
         <load_address>0x20</load_address>
         <run_address>0x20</run_address>
         <size>0xee0</size>
         <input_file_ref idref="fl-c"/>
      </object_component>
      <object_component id="oc-ae">
         <name>.text</name>
         <load_address>0xf00</load_address>
         <run_address>0xf00</run_address>
         <size>0x890</size>
         <input_file_ref idref="fl-d"/>
      </object_component>
      <object_component id="oc-b6">
         <name>.text</name>
         <load_address>0x1790</load_address>
         <run_address>0x1790</run_address>
         <size>0x44c</size>
         <input_file_ref idref="fl-8"/>
      </object_component>
      <object_component id="oc-5a">
         <name>.text:retain</name>
         <load_address>0x1bdc</load_address>
         <run_address>0x1bdc</run_address>
         <size>0x3e8</size>
         <input_file_ref idref="fl-5"/>
      </object_component>
      <object_component id="oc-b0">
         <name>.text</name>
         <load_address>0x1fc4</load_address>
         <run_address>0x1fc4</run_address>
         <size>0x1e4</size>
         <input_file_ref idref="fl-6"/>
      </object_component>
      <object_component id="oc-76">
         <name>.text</name>
         <load_address>0x21a8</load_address>
         <run_address>0x21a8</run_address>
         <size>0xd8</size>
         <input_file_ref idref="fl-a"/>
      </object_component>
      <object_component id="oc-af">
         <name>.text</name>
         <load_address>0x2280</load_address>
         <run_address>0x2280</run_address>
         <size>0xa0</size>
         <input_file_ref idref="fl-9"/>
      </object_component>
      <object_component id="oc-30">
         <name>.text</name>
         <load_address>0x2320</load_address>
         <run_address>0x2320</run_address>
         <size>0x48</size>
         <input_file_ref idref="fl-2"/>
      </object_component>
      <object_component id="oc-b3">
         <name>.text</name>
         <load_address>0x2368</load_address>
         <run_address>0x2368</run_address>
         <size>0x40</size>
         <input_file_ref idref="fl-b"/>
      </object_component>
      <object_component id="oc-ad">
         <name>.text</name>
         <load_address>0x23a8</load_address>
         <run_address>0x23a8</run_address>
         <size>0x1c</size>
         <input_file_ref idref="fl-139"/>
      </object_component>
      <object_component id="oc-54">
         <name>.text:retain</name>
         <load_address>0x23c4</load_address>
         <run_address>0x23c4</run_address>
         <size>0x10</size>
         <input_file_ref idref="fl-4"/>
      </object_component>
      <object_component id="oc-65">
         <name>.text:retain</name>
         <load_address>0x23d4</load_address>
         <run_address>0x23d4</run_address>
         <size>0x4</size>
         <input_file_ref idref="fl-7"/>
      </object_component>
      <object_component id="oc-eb">
         <name>.tramp._c_int00.1</name>
         <load_address>0x23d8</load_address>
         <run_address>0x23d8</run_address>
         <size>0x10</size>
         <input_file_ref idref="fl-2"/>
      </object_component>
      <object_component id="oc-b4">
         <name>.const:_pmbus_commands</name>
         <load_address>0x23f0</load_address>
         <run_address>0x23f0</run_address>
         <size>0x1b0</size>
         <input_file_ref idref="fl-b"/>
      </object_component>
      <object_component id="oc-b5">
         <name>.const:.string:_pmbus_index_array</name>
         <load_address>0x25a0</load_address>
         <run_address>0x25a0</run_address>
         <size>0x100</size>
         <input_file_ref idref="fl-b"/>
      </object_component>
      <object_component id="oc-6b">
         <name>.const:.string</name>
         <load_address>0x26a0</load_address>
         <run_address>0x26a0</run_address>
         <size>0x63</size>
         <input_file_ref idref="fl-8"/>
      </object_component>
      <object_component id="oc-b2">
         <name>.const:_parm_mem_start</name>
         <load_address>0x2704</load_address>
         <run_address>0x2704</run_address>
         <size>0x4c</size>
         <input_file_ref idref="fl-c"/>
      </object_component>
      <object_component id="oc-83">
         <name>.const:.string</name>
         <load_address>0x2750</load_address>
         <run_address>0x2750</run_address>
         <size>0x48</size>
         <input_file_ref idref="fl-c"/>
      </object_component>
      <object_component id="oc-7d">
         <name>.const:.string</name>
         <load_address>0x2798</load_address>
         <run_address>0x2798</run_address>
         <size>0x40</size>
         <input_file_ref idref="fl-b"/>
      </object_component>
      <object_component id="oc-b1">
         <name>.const:_parm_mem_length</name>
         <load_address>0x27d8</load_address>
         <run_address>0x27d8</run_address>
         <size>0x26</size>
         <input_file_ref idref="fl-c"/>
      </object_component>
      <object_component id="oc-6c">
         <name>FixedDeviceID</name>
         <load_address>0x7f58</load_address>
         <run_address>0x7f58</run_address>
         <size>0x1f</size>
         <input_file_ref idref="fl-8"/>
      </object_component>
      <object_component id="oc-77">
         <name>.vectors</name>
         <load_address>0x0</load_address>
         <run_address>0x0</run_address>
         <size>0x20</size>
         <input_file_ref idref="fl-a"/>
      </object_component>
      <object_component id="oc-31">
         <name>.bss</name>
         <uninitialized>true</uninitialized>
         <run_address>0x1919c</run_address>
         <size>0x68</size>
         <input_file_ref idref="fl-2"/>
      </object_component>
      <object_component id="oc-33">
         <name>.bss:_program_area</name>
         <uninitialized>true</uninitialized>
         <run_address>0x1911c</run_address>
         <size>0x80</size>
         <input_file_ref idref="fl-2"/>
      </object_component>
      <object_component id="oc-34">
         <name>.bss:_xn_bins</name>
         <uninitialized>true</uninitialized>
         <run_address>0x1901c</run_address>
         <size>0x100</size>
         <input_file_ref idref="fl-2"/>
      </object_component>
      <object_component id="oc-35">
         <name>.bss:_pmbus_buffer</name>
         <uninitialized>true</uninitialized>
         <run_address>0x19204</run_address>
         <size>0x34</size>
         <input_file_ref idref="fl-2"/>
      </object_component>
      <object_component id="oc-13">
         <name>_StackUSER_</name>
         <uninitialized>true</uninitialized>
         <run_address>0x19e6c</run_address>
         <size>0x0</size>
      </object_component>
      <object_component id="oc-4a">
         <name>LoopMuxRegsFile</name>
         <uninitialized>true</uninitialized>
         <run_address>0x20000</run_address>
         <size>0x78</size>
         <input_file_ref idref="fl-3"/>
      </object_component>
      <object_component id="oc-42">
         <name>FaultMuxRegsFile</name>
         <uninitialized>true</uninitialized>
         <run_address>0x30000</run_address>
         <size>0x80</size>
         <input_file_ref idref="fl-3"/>
      </object_component>
      <object_component id="oc-50">
         <name>Uart0RegsFile</name>
         <uninitialized>true</uninitialized>
         <run_address>0xfff7ec00</run_address>
         <size>0x38</size>
         <input_file_ref idref="fl-3"/>
      </object_component>
      <object_component id="oc-51">
         <name>Uart1RegsFile</name>
         <uninitialized>true</uninitialized>
         <run_address>0xfff7ed00</run_address>
         <size>0x38</size>
         <input_file_ref idref="fl-3"/>
      </object_component>
      <object_component id="oc-3b">
         <name>AdcRegsFile</name>
         <uninitialized>true</uninitialized>
         <run_address>0x40000</run_address>
         <size>0x98</size>
         <input_file_ref idref="fl-3"/>
      </object_component>
      <object_component id="oc-41">
         <name>Dpwm3RegsFile</name>
         <uninitialized>true</uninitialized>
         <run_address>0x50000</run_address>
         <size>0x8c</size>
         <input_file_ref idref="fl-3"/>
      </object_component>
      <object_component id="oc-49">
         <name>Filter2RegsFile</name>
         <uninitialized>true</uninitialized>
         <run_address>0x60000</run_address>
         <size>0x64</size>
         <input_file_ref idref="fl-3"/>
      </object_component>
      <object_component id="oc-40">
         <name>Dpwm2RegsFile</name>
         <uninitialized>true</uninitialized>
         <run_address>0x70000</run_address>
         <size>0x8c</size>
         <input_file_ref idref="fl-3"/>
      </object_component>
      <object_component id="oc-45">
         <name>FeCtrl2RegsFile</name>
         <uninitialized>true</uninitialized>
         <run_address>0x80000</run_address>
         <size>0x44</size>
         <input_file_ref idref="fl-3"/>
      </object_component>
      <object_component id="oc-47">
         <name>Filter1RegsFile</name>
         <uninitialized>true</uninitialized>
         <run_address>0x90000</run_address>
         <size>0x64</size>
         <input_file_ref idref="fl-3"/>
      </object_component>
      <object_component id="oc-3f">
         <name>Dpwm1RegsFile</name>
         <uninitialized>true</uninitialized>
         <run_address>0xa0000</run_address>
         <size>0x8c</size>
         <input_file_ref idref="fl-3"/>
      </object_component>
      <object_component id="oc-44">
         <name>FeCtrl1RegsFile</name>
         <uninitialized>true</uninitialized>
         <run_address>0xb0000</run_address>
         <size>0x44</size>
         <input_file_ref idref="fl-3"/>
      </object_component>
      <object_component id="oc-46">
         <name>Filter0RegsFile</name>
         <uninitialized>true</uninitialized>
         <run_address>0xc0000</run_address>
         <size>0x64</size>
         <input_file_ref idref="fl-3"/>
      </object_component>
      <object_component id="oc-3e">
         <name>Dpwm0RegsFile</name>
         <uninitialized>true</uninitialized>
         <run_address>0xd0000</run_address>
         <size>0x8c</size>
         <input_file_ref idref="fl-3"/>
      </object_component>
      <object_component id="oc-43">
         <name>FeCtrl0RegsFile</name>
         <uninitialized>true</uninitialized>
         <run_address>0xe0000</run_address>
         <size>0x44</size>
         <input_file_ref idref="fl-3"/>
      </object_component>
      <object_component id="oc-4b">
         <name>MiscAnalogRegsFile</name>
         <uninitialized>true</uninitialized>
         <run_address>0xfff7f000</run_address>
         <size>0x48</size>
         <input_file_ref idref="fl-3"/>
      </object_component>
      <object_component id="oc-4d">
         <name>PMBusRegsFile</name>
         <uninitialized>true</uninitialized>
         <run_address>0xfff7f600</run_address>
         <size>0x24</size>
         <input_file_ref idref="fl-3"/>
      </object_component>
      <object_component id="oc-48">
         <name>GioRegsFile</name>
         <uninitialized>true</uninitialized>
         <run_address>0xfff7fa00</run_address>
         <size>0x40</size>
         <input_file_ref idref="fl-3"/>
      </object_component>
      <object_component id="oc-4f">
         <name>TimerRegsFile</name>
         <uninitialized>true</uninitialized>
         <run_address>0xfff7fd00</run_address>
         <size>0x9c</size>
         <input_file_ref idref="fl-3"/>
      </object_component>
      <object_component id="oc-3c">
         <name>CimRegsFile</name>
         <uninitialized>true</uninitialized>
         <run_address>0xffffff20</run_address>
         <size>0x18</size>
         <input_file_ref idref="fl-3"/>
      </object_component>
      <object_component id="oc-3d">
         <name>DecRegsFile</name>
         <uninitialized>true</uninitialized>
         <run_address>0xfffffe00</run_address>
         <size>0x9c</size>
         <input_file_ref idref="fl-3"/>
      </object_component>
      <object_component id="oc-4c">
         <name>MmcRegsFile</name>
         <uninitialized>true</uninitialized>
         <run_address>0xfffffd00</run_address>
         <size>0x3c</size>
         <input_file_ref idref="fl-3"/>
      </object_component>
      <object_component id="oc-4e">
         <name>SysRegsFile</name>
         <uninitialized>true</uninitialized>
         <run_address>0xffffffd0</run_address>
         <size>0x30</size>
         <input_file_ref idref="fl-3"/>
      </object_component>
      <object_component id="oc-32">
         <name>.debug_info</name>
         <load_address>0x0</load_address>
         <run_address>0x0</run_address>
         <size>0x338c</size>
         <input_file_ref idref="fl-2"/>
      </object_component>
      <object_component id="oc-3a">
         <name>.debug_info</name>
         <load_address>0x338c</load_address>
         <run_address>0x338c</run_address>
         <size>0x178b3</size>
         <input_file_ref idref="fl-3"/>
      </object_component>
      <object_component id="oc-53">
         <name>.debug_info</name>
         <load_address>0x1ac3f</load_address>
         <run_address>0x1ac3f</run_address>
         <size>0x3c7</size>
         <input_file_ref idref="fl-4"/>
      </object_component>
      <object_component id="oc-59">
         <name>.debug_info</name>
         <load_address>0x1b006</load_address>
         <run_address>0x1b006</run_address>
         <size>0x2b66</size>
         <input_file_ref idref="fl-5"/>
      </object_component>
      <object_component id="oc-5f">
         <name>.debug_info</name>
         <load_address>0x1db6c</load_address>
         <run_address>0x1db6c</run_address>
         <size>0xdae</size>
         <input_file_ref idref="fl-6"/>
      </object_component>
      <object_component id="oc-64">
         <name>.debug_info</name>
         <load_address>0x1e91a</load_address>
         <run_address>0x1e91a</run_address>
         <size>0x237</size>
         <input_file_ref idref="fl-7"/>
      </object_component>
      <object_component id="oc-6a">
         <name>.debug_info</name>
         <load_address>0x1eb51</load_address>
         <run_address>0x1eb51</run_address>
         <size>0x57cf</size>
         <input_file_ref idref="fl-8"/>
      </object_component>
      <object_component id="oc-71">
         <name>.debug_info</name>
         <load_address>0x24320</load_address>
         <run_address>0x24320</run_address>
         <size>0x15d9</size>
         <input_file_ref idref="fl-9"/>
      </object_component>
      <object_component id="oc-78">
         <name>.debug_info</name>
         <load_address>0x258f9</load_address>
         <run_address>0x258f9</run_address>
         <size>0x17b</size>
         <input_file_ref idref="fl-a"/>
      </object_component>
      <object_component id="oc-7c">
         <name>.debug_info</name>
         <load_address>0x25a74</load_address>
         <run_address>0x25a74</run_address>
         <size>0x1578</size>
         <input_file_ref idref="fl-b"/>
      </object_component>
      <object_component id="oc-82">
         <name>.debug_info</name>
         <load_address>0x26fec</load_address>
         <run_address>0x26fec</run_address>
         <size>0x7d14</size>
         <input_file_ref idref="fl-c"/>
      </object_component>
      <object_component id="oc-88">
         <name>.debug_info</name>
         <load_address>0x2ed00</load_address>
         <run_address>0x2ed00</run_address>
         <size>0x1996</size>
         <input_file_ref idref="fl-d"/>
      </object_component>
      <object_component id="oc-8d">
         <name>.debug_info</name>
         <load_address>0x30696</load_address>
         <run_address>0x30696</run_address>
         <size>0x222</size>
         <input_file_ref idref="fl-134"/>
      </object_component>
      <object_component id="oc-92">
         <name>.debug_info</name>
         <load_address>0x308b8</load_address>
         <run_address>0x308b8</run_address>
         <size>0x203</size>
         <input_file_ref idref="fl-135"/>
      </object_component>
      <object_component id="oc-97">
         <name>.debug_info</name>
         <load_address>0x30abb</load_address>
         <run_address>0x30abb</run_address>
         <size>0x211</size>
         <input_file_ref idref="fl-136"/>
      </object_component>
      <object_component id="oc-9c">
         <name>.debug_info</name>
         <load_address>0x30ccc</load_address>
         <run_address>0x30ccc</run_address>
         <size>0xab</size>
         <input_file_ref idref="fl-137"/>
      </object_component>
      <object_component id="oc-a0">
         <name>.debug_info</name>
         <load_address>0x30d77</load_address>
         <run_address>0x30d77</run_address>
         <size>0xab</size>
         <input_file_ref idref="fl-138"/>
      </object_component>
      <object_component id="oc-a4">
         <name>.debug_info</name>
         <load_address>0x30e22</load_address>
         <run_address>0x30e22</run_address>
         <size>0x2a4</size>
         <input_file_ref idref="fl-139"/>
      </object_component>
      <object_component id="oc-ec">
         <name>.debug_info</name>
         <load_address>0x310c6</load_address>
         <run_address>0x310c6</run_address>
         <size>0xf6</size>
      </object_component>
      <object_component id="oc-36">
         <name>.debug_frame</name>
         <load_address>0x0</load_address>
         <run_address>0x0</run_address>
         <size>0x56</size>
         <input_file_ref idref="fl-2"/>
      </object_component>
      <object_component id="oc-55">
         <name>.debug_frame</name>
         <load_address>0x56</load_address>
         <run_address>0x56</run_address>
         <size>0x74</size>
         <input_file_ref idref="fl-4"/>
      </object_component>
      <object_component id="oc-5b">
         <name>.debug_frame</name>
         <load_address>0xca</load_address>
         <run_address>0xca</run_address>
         <size>0x4d</size>
         <input_file_ref idref="fl-5"/>
      </object_component>
      <object_component id="oc-60">
         <name>.debug_frame</name>
         <load_address>0x117</load_address>
         <run_address>0x117</run_address>
         <size>0x1b7</size>
         <input_file_ref idref="fl-6"/>
      </object_component>
      <object_component id="oc-66">
         <name>.debug_frame</name>
         <load_address>0x2ce</load_address>
         <run_address>0x2ce</run_address>
         <size>0x41</size>
         <input_file_ref idref="fl-7"/>
      </object_component>
      <object_component id="oc-6d">
         <name>.debug_frame</name>
         <load_address>0x30f</load_address>
         <run_address>0x30f</run_address>
         <size>0x49d</size>
         <input_file_ref idref="fl-8"/>
      </object_component>
      <object_component id="oc-72">
         <name>.debug_frame</name>
         <load_address>0x7ac</load_address>
         <run_address>0x7ac</run_address>
         <size>0x52</size>
         <input_file_ref idref="fl-9"/>
      </object_component>
      <object_component id="oc-7e">
         <name>.debug_frame</name>
         <load_address>0x7fe</load_address>
         <run_address>0x7fe</run_address>
         <size>0x4d</size>
         <input_file_ref idref="fl-b"/>
      </object_component>
      <object_component id="oc-84">
         <name>.debug_frame</name>
         <load_address>0x84b</load_address>
         <run_address>0x84b</run_address>
         <size>0x4e0</size>
         <input_file_ref idref="fl-c"/>
      </object_component>
      <object_component id="oc-89">
         <name>.debug_frame</name>
         <load_address>0xd2b</load_address>
         <run_address>0xd2b</run_address>
         <size>0xbb</size>
         <input_file_ref idref="fl-d"/>
      </object_component>
      <object_component id="oc-8e">
         <name>.debug_frame</name>
         <load_address>0xde6</load_address>
         <run_address>0xde6</run_address>
         <size>0x30</size>
         <input_file_ref idref="fl-134"/>
      </object_component>
      <object_component id="oc-93">
         <name>.debug_frame</name>
         <load_address>0xe16</load_address>
         <run_address>0xe16</run_address>
         <size>0x30</size>
         <input_file_ref idref="fl-135"/>
      </object_component>
      <object_component id="oc-98">
         <name>.debug_frame</name>
         <load_address>0xe46</load_address>
         <run_address>0xe46</run_address>
         <size>0x30</size>
         <input_file_ref idref="fl-136"/>
      </object_component>
      <object_component id="oc-a5">
         <name>.debug_frame</name>
         <load_address>0xe76</load_address>
         <run_address>0xe76</run_address>
         <size>0x41</size>
         <input_file_ref idref="fl-139"/>
      </object_component>
      <object_component id="oc-37">
         <name>.debug_line</name>
         <load_address>0x0</load_address>
         <run_address>0x0</run_address>
         <size>0x5e</size>
         <input_file_ref idref="fl-2"/>
      </object_component>
      <object_component id="oc-56">
         <name>.debug_line</name>
         <load_address>0x5e</load_address>
         <run_address>0x5e</run_address>
         <size>0x8f</size>
         <input_file_ref idref="fl-4"/>
      </object_component>
      <object_component id="oc-5c">
         <name>.debug_line</name>
         <load_address>0xed</load_address>
         <run_address>0xed</run_address>
         <size>0x128</size>
         <input_file_ref idref="fl-5"/>
      </object_component>
      <object_component id="oc-61">
         <name>.debug_line</name>
         <load_address>0x215</load_address>
         <run_address>0x215</run_address>
         <size>0x1ba</size>
         <input_file_ref idref="fl-6"/>
      </object_component>
      <object_component id="oc-67">
         <name>.debug_line</name>
         <load_address>0x3cf</load_address>
         <run_address>0x3cf</run_address>
         <size>0x5e</size>
         <input_file_ref idref="fl-7"/>
      </object_component>
      <object_component id="oc-6e">
         <name>.debug_line</name>
         <load_address>0x42d</load_address>
         <run_address>0x42d</run_address>
         <size>0x580</size>
         <input_file_ref idref="fl-8"/>
      </object_component>
      <object_component id="oc-73">
         <name>.debug_line</name>
         <load_address>0x9ad</load_address>
         <run_address>0x9ad</run_address>
         <size>0x94</size>
         <input_file_ref idref="fl-9"/>
      </object_component>
      <object_component id="oc-79">
         <name>.debug_line</name>
         <load_address>0xa41</load_address>
         <run_address>0xa41</run_address>
         <size>0xba</size>
         <input_file_ref idref="fl-a"/>
      </object_component>
      <object_component id="oc-7f">
         <name>.debug_line</name>
         <load_address>0xafb</load_address>
         <run_address>0xafb</run_address>
         <size>0x63</size>
         <input_file_ref idref="fl-b"/>
      </object_component>
      <object_component id="oc-85">
         <name>.debug_line</name>
         <load_address>0xb5e</load_address>
         <run_address>0xb5e</run_address>
         <size>0x709</size>
         <input_file_ref idref="fl-c"/>
      </object_component>
      <object_component id="oc-8a">
         <name>.debug_line</name>
         <load_address>0x1267</load_address>
         <run_address>0x1267</run_address>
         <size>0x1c3</size>
         <input_file_ref idref="fl-d"/>
      </object_component>
      <object_component id="oc-8f">
         <name>.debug_line</name>
         <load_address>0x142a</load_address>
         <run_address>0x142a</run_address>
         <size>0x37</size>
         <input_file_ref idref="fl-134"/>
      </object_component>
      <object_component id="oc-94">
         <name>.debug_line</name>
         <load_address>0x1461</load_address>
         <run_address>0x1461</run_address>
         <size>0x36</size>
         <input_file_ref idref="fl-135"/>
      </object_component>
      <object_component id="oc-99">
         <name>.debug_line</name>
         <load_address>0x1497</load_address>
         <run_address>0x1497</run_address>
         <size>0x31</size>
         <input_file_ref idref="fl-136"/>
      </object_component>
      <object_component id="oc-9d">
         <name>.debug_line</name>
         <load_address>0x14c8</load_address>
         <run_address>0x14c8</run_address>
         <size>0x2d</size>
         <input_file_ref idref="fl-137"/>
      </object_component>
      <object_component id="oc-a1">
         <name>.debug_line</name>
         <load_address>0x14f5</load_address>
         <run_address>0x14f5</run_address>
         <size>0x2d</size>
         <input_file_ref idref="fl-138"/>
      </object_component>
      <object_component id="oc-a6">
         <name>.debug_line</name>
         <load_address>0x1522</load_address>
         <run_address>0x1522</run_address>
         <size>0x7c</size>
         <input_file_ref idref="fl-139"/>
      </object_component>
      <object_component id="oc-38">
         <name>.debug_abbrev</name>
         <load_address>0x0</load_address>
         <run_address>0x0</run_address>
         <size>0x115</size>
         <input_file_ref idref="fl-2"/>
      </object_component>
      <object_component id="oc-52">
         <name>.debug_abbrev</name>
         <load_address>0x115</load_address>
         <run_address>0x115</run_address>
         <size>0x93</size>
         <input_file_ref idref="fl-3"/>
      </object_component>
      <object_component id="oc-57">
         <name>.debug_abbrev</name>
         <load_address>0x1a8</load_address>
         <run_address>0x1a8</run_address>
         <size>0x5b</size>
         <input_file_ref idref="fl-4"/>
      </object_component>
      <object_component id="oc-5d">
         <name>.debug_abbrev</name>
         <load_address>0x203</load_address>
         <run_address>0x203</run_address>
         <size>0x11f</size>
         <input_file_ref idref="fl-5"/>
      </object_component>
      <object_component id="oc-62">
         <name>.debug_abbrev</name>
         <load_address>0x322</load_address>
         <run_address>0x322</run_address>
         <size>0xa4</size>
         <input_file_ref idref="fl-6"/>
      </object_component>
      <object_component id="oc-68">
         <name>.debug_abbrev</name>
         <load_address>0x3c6</load_address>
         <run_address>0x3c6</run_address>
         <size>0x5b</size>
         <input_file_ref idref="fl-7"/>
      </object_component>
      <object_component id="oc-6f">
         <name>.debug_abbrev</name>
         <load_address>0x421</load_address>
         <run_address>0x421</run_address>
         <size>0x186</size>
         <input_file_ref idref="fl-8"/>
      </object_component>
      <object_component id="oc-74">
         <name>.debug_abbrev</name>
         <load_address>0x5a7</load_address>
         <run_address>0x5a7</run_address>
         <size>0xc8</size>
         <input_file_ref idref="fl-9"/>
      </object_component>
      <object_component id="oc-7a">
         <name>.debug_abbrev</name>
         <load_address>0x66f</load_address>
         <run_address>0x66f</run_address>
         <size>0x4f</size>
         <input_file_ref idref="fl-a"/>
      </object_component>
      <object_component id="oc-80">
         <name>.debug_abbrev</name>
         <load_address>0x6be</load_address>
         <run_address>0x6be</run_address>
         <size>0x127</size>
         <input_file_ref idref="fl-b"/>
      </object_component>
      <object_component id="oc-86">
         <name>.debug_abbrev</name>
         <load_address>0x7e5</load_address>
         <run_address>0x7e5</run_address>
         <size>0x1db</size>
         <input_file_ref idref="fl-c"/>
      </object_component>
      <object_component id="oc-8b">
         <name>.debug_abbrev</name>
         <load_address>0x9c0</load_address>
         <run_address>0x9c0</run_address>
         <size>0x154</size>
         <input_file_ref idref="fl-d"/>
      </object_component>
      <object_component id="oc-90">
         <name>.debug_abbrev</name>
         <load_address>0xb14</load_address>
         <run_address>0xb14</run_address>
         <size>0xb0</size>
         <input_file_ref idref="fl-134"/>
      </object_component>
      <object_component id="oc-95">
         <name>.debug_abbrev</name>
         <load_address>0xbc4</load_address>
         <run_address>0xbc4</run_address>
         <size>0xf2</size>
         <input_file_ref idref="fl-135"/>
      </object_component>
      <object_component id="oc-9a">
         <name>.debug_abbrev</name>
         <load_address>0xcb6</load_address>
         <run_address>0xcb6</run_address>
         <size>0xb0</size>
         <input_file_ref idref="fl-136"/>
      </object_component>
      <object_component id="oc-9e">
         <name>.debug_abbrev</name>
         <load_address>0xd66</load_address>
         <run_address>0xd66</run_address>
         <size>0x48</size>
         <input_file_ref idref="fl-137"/>
      </object_component>
      <object_component id="oc-a2">
         <name>.debug_abbrev</name>
         <load_address>0xdae</load_address>
         <run_address>0xdae</run_address>
         <size>0x3a</size>
         <input_file_ref idref="fl-138"/>
      </object_component>
      <object_component id="oc-a7">
         <name>.debug_abbrev</name>
         <load_address>0xde8</load_address>
         <run_address>0xde8</run_address>
         <size>0x89</size>
         <input_file_ref idref="fl-139"/>
      </object_component>
      <object_component id="oc-ed">
         <name>.debug_abbrev</name>
         <load_address>0xe71</load_address>
         <run_address>0xe71</run_address>
         <size>0x24</size>
      </object_component>
      <object_component id="oc-39">
         <name>.debug_aranges</name>
         <load_address>0x0</load_address>
         <run_address>0x0</run_address>
         <size>0x28</size>
         <input_file_ref idref="fl-2"/>
      </object_component>
      <object_component id="oc-58">
         <name>.debug_aranges</name>
         <load_address>0x28</load_address>
         <run_address>0x28</run_address>
         <size>0x38</size>
         <input_file_ref idref="fl-4"/>
      </object_component>
      <object_component id="oc-5e">
         <name>.debug_aranges</name>
         <load_address>0x60</load_address>
         <run_address>0x60</run_address>
         <size>0x20</size>
         <input_file_ref idref="fl-5"/>
      </object_component>
      <object_component id="oc-63">
         <name>.debug_aranges</name>
         <load_address>0x80</load_address>
         <run_address>0x80</run_address>
         <size>0x88</size>
         <input_file_ref idref="fl-6"/>
      </object_component>
      <object_component id="oc-69">
         <name>.debug_aranges</name>
         <load_address>0x108</load_address>
         <run_address>0x108</run_address>
         <size>0x20</size>
         <input_file_ref idref="fl-7"/>
      </object_component>
      <object_component id="oc-70">
         <name>.debug_aranges</name>
         <load_address>0x128</load_address>
         <run_address>0x128</run_address>
         <size>0x1a0</size>
         <input_file_ref idref="fl-8"/>
      </object_component>
      <object_component id="oc-75">
         <name>.debug_aranges</name>
         <load_address>0x2c8</load_address>
         <run_address>0x2c8</run_address>
         <size>0x28</size>
         <input_file_ref idref="fl-9"/>
      </object_component>
      <object_component id="oc-7b">
         <name>.debug_aranges</name>
         <load_address>0x2f0</load_address>
         <run_address>0x2f0</run_address>
         <size>0x28</size>
         <input_file_ref idref="fl-a"/>
      </object_component>
      <object_component id="oc-81">
         <name>.debug_aranges</name>
         <load_address>0x318</load_address>
         <run_address>0x318</run_address>
         <size>0x20</size>
         <input_file_ref idref="fl-b"/>
      </object_component>
      <object_component id="oc-87">
         <name>.debug_aranges</name>
         <load_address>0x338</load_address>
         <run_address>0x338</run_address>
         <size>0x190</size>
         <input_file_ref idref="fl-c"/>
      </object_component>
      <object_component id="oc-8c">
         <name>.debug_aranges</name>
         <load_address>0x4c8</load_address>
         <run_address>0x4c8</run_address>
         <size>0x40</size>
         <input_file_ref idref="fl-d"/>
      </object_component>
      <object_component id="oc-91">
         <name>.debug_aranges</name>
         <load_address>0x508</load_address>
         <run_address>0x508</run_address>
         <size>0x18</size>
         <input_file_ref idref="fl-134"/>
      </object_component>
      <object_component id="oc-96">
         <name>.debug_aranges</name>
         <load_address>0x520</load_address>
         <run_address>0x520</run_address>
         <size>0x18</size>
         <input_file_ref idref="fl-135"/>
      </object_component>
      <object_component id="oc-9b">
         <name>.debug_aranges</name>
         <load_address>0x538</load_address>
         <run_address>0x538</run_address>
         <size>0x18</size>
         <input_file_ref idref="fl-136"/>
      </object_component>
      <object_component id="oc-9f">
         <name>.debug_aranges</name>
         <load_address>0x550</load_address>
         <run_address>0x550</run_address>
         <size>0x18</size>
         <input_file_ref idref="fl-137"/>
      </object_component>
      <object_component id="oc-a3">
         <name>.debug_aranges</name>
         <load_address>0x568</load_address>
         <run_address>0x568</run_address>
         <size>0x18</size>
         <input_file_ref idref="fl-138"/>
      </object_component>
      <object_component id="oc-a8">
         <name>.debug_aranges</name>
         <load_address>0x580</load_address>
         <run_address>0x580</run_address>
         <size>0x20</size>
         <input_file_ref idref="fl-139"/>
      </object_component>
   </object_component_list>
   <logical_group_list>
      <logical_group id="lg-2" display="no" color="cyan">
         <name>.fiq</name>
         <run_address>0x0</run_address>
         <size>0x0</size>
         <contents>
         </contents>
      </logical_group>
      <logical_group id="lg-3" display="no" color="cyan">
         <name>.text</name>
         <load_address>0x20</load_address>
         <run_address>0x20</run_address>
         <size>0x23c8</size>
         <contents>
            <object_component_ref idref="oc-ac"/>
            <object_component_ref idref="oc-ae"/>
            <object_component_ref idref="oc-b6"/>
            <object_component_ref idref="oc-5a"/>
            <object_component_ref idref="oc-b0"/>
            <object_component_ref idref="oc-76"/>
            <object_component_ref idref="oc-af"/>
            <object_component_ref idref="oc-30"/>
            <object_component_ref idref="oc-b3"/>
            <object_component_ref idref="oc-ad"/>
            <object_component_ref idref="oc-54"/>
            <object_component_ref idref="oc-65"/>
            <object_component_ref idref="oc-eb"/>
         </contents>
      </logical_group>
      <logical_group id="lg-4" display="no" color="cyan">
         <name>.const</name>
         <load_address>0x23f0</load_address>
         <run_address>0x23f0</run_address>
         <size>0x40e</size>
         <contents>
            <object_component_ref idref="oc-b4"/>
            <object_component_ref idref="oc-b5"/>
            <object_component_ref idref="oc-6b"/>
            <object_component_ref idref="oc-b2"/>
            <object_component_ref idref="oc-83"/>
            <object_component_ref idref="oc-7d"/>
            <object_component_ref idref="oc-b1"/>
         </contents>
      </logical_group>
      <logical_group id="lg-5" display="no" color="cyan">
         <name>.cinit</name>
         <run_address>0x0</run_address>
         <size>0x0</size>
         <contents>
         </contents>
      </logical_group>
      <logical_group id="lg-6" display="no" color="cyan">
         <name>FixedDeviceID</name>
         <load_address>0x7f58</load_address>
         <run_address>0x7f58</run_address>
         <size>0x1f</size>
         <contents>
            <object_component_ref idref="oc-6c"/>
         </contents>
      </logical_group>
      <logical_group id="lg-7" display="no" color="cyan">
         <name>FixedTfaStep</name>
         <run_address>0x0</run_address>
         <size>0x0</size>
         <contents>
         </contents>
      </logical_group>
      <logical_group id="lg-8" display="no" color="cyan">
         <name>FixedConstants</name>
         <run_address>0x0</run_address>
         <size>0x0</size>
         <contents>
         </contents>
      </logical_group>
      <logical_group id="lg-9" display="no" color="cyan">
         <name>.flashi</name>
         <run_address>0x0</run_address>
         <size>0x0</size>
         <contents>
         </contents>
      </logical_group>
      <logical_group id="lg-a" display="no" color="cyan">
         <name>.vectors</name>
         <load_address>0x0</load_address>
         <run_address>0x0</run_address>
         <size>0x20</size>
         <contents>
            <object_component_ref idref="oc-77"/>
         </contents>
      </logical_group>
      <logical_group id="lg-b" display="no" color="cyan">
         <name>.sine</name>
         <run_address>0x0</run_address>
         <size>0x0</size>
         <contents>
         </contents>
      </logical_group>
      <logical_group id="lg-c" display="no" color="cyan">
         <name>.dflash</name>
         <run_address>0x0</run_address>
         <size>0x0</size>
         <contents>
         </contents>
      </logical_group>
      <logical_group id="lg-d" display="no" color="cyan">
         <name>.CONFIG</name>
         <run_address>0x0</run_address>
         <size>0x0</size>
         <contents>
         </contents>
      </logical_group>
      <logical_group id="lg-e" display="no" color="cyan">
         <name>.CONFIG_B</name>
         <run_address>0x0</run_address>
         <size>0x0</size>
         <contents>
         </contents>
      </logical_group>
      <logical_group id="lg-f" display="no" color="cyan">
         <name>.PASSW</name>
         <run_address>0x0</run_address>
         <size>0x0</size>
         <contents>
         </contents>
      </logical_group>
      <logical_group id="lg-10" display="no" color="cyan">
         <name>TesterVars</name>
         <run_address>0x0</run_address>
         <size>0x0</size>
         <contents>
         </contents>
      </logical_group>
      <logical_group id="lg-11" display="no" color="cyan">
         <name>.bss</name>
         <run_address>0x1901c</run_address>
         <size>0x21c</size>
         <contents>
            <object_component_ref idref="oc-31"/>
            <object_component_ref idref="oc-33"/>
            <object_component_ref idref="oc-34"/>
            <object_component_ref idref="oc-35"/>
         </contents>
      </logical_group>
      <logical_group id="lg-12" display="no" color="cyan">
         <name>.stack</name>
         <run_address>0x19e6c</run_address>
         <size>0x0</size>
         <contents>
            <object_component_ref idref="oc-13"/>
         </contents>
      </logical_group>
      <logical_group id="lg-14" display="no" color="cyan">
         <name>.romlock</name>
         <run_address>0x0</run_address>
         <size>0x0</size>
         <contents>
         </contents>
      </logical_group>
      <logical_group id="lg-15" display="no" color="cyan">
         <name>LoopMuxRegsFile</name>
         <run_address>0x20000</run_address>
         <size>0x78</size>
         <contents>
            <object_component_ref idref="oc-4a"/>
         </contents>
      </logical_group>
      <logical_group id="lg-16" display="no" color="cyan">
         <name>FaultMuxRegsFile</name>
         <run_address>0x30000</run_address>
         <size>0x80</size>
         <contents>
            <object_component_ref idref="oc-42"/>
         </contents>
      </logical_group>
      <logical_group id="lg-17" display="no" color="cyan">
         <name>Uart0RegsFile</name>
         <run_address>0xfff7ec00</run_address>
         <size>0x38</size>
         <contents>
            <object_component_ref idref="oc-50"/>
         </contents>
      </logical_group>
      <logical_group id="lg-18" display="no" color="cyan">
         <name>Uart1RegsFile</name>
         <run_address>0xfff7ed00</run_address>
         <size>0x38</size>
         <contents>
            <object_component_ref idref="oc-51"/>
         </contents>
      </logical_group>
      <logical_group id="lg-19" display="no" color="cyan">
         <name>AdcRegsFile</name>
         <run_address>0x40000</run_address>
         <size>0x98</size>
         <contents>
            <object_component_ref idref="oc-3b"/>
         </contents>
      </logical_group>
      <logical_group id="lg-1a" display="no" color="cyan">
         <name>Dpwm3RegsFile</name>
         <run_address>0x50000</run_address>
         <size>0x8c</size>
         <contents>
            <object_component_ref idref="oc-41"/>
         </contents>
      </logical_group>
      <logical_group id="lg-1b" display="no" color="cyan">
         <name>Filter2RegsFile</name>
         <run_address>0x60000</run_address>
         <size>0x64</size>
         <contents>
            <object_component_ref idref="oc-49"/>
         </contents>
      </logical_group>
      <logical_group id="lg-1c" display="no" color="cyan">
         <name>Dpwm2RegsFile</name>
         <run_address>0x70000</run_address>
         <size>0x8c</size>
         <contents>
            <object_component_ref idref="oc-40"/>
         </contents>
      </logical_group>
      <logical_group id="lg-1d" display="no" color="cyan">
         <name>FeCtrl2RegsFile</name>
         <run_address>0x80000</run_address>
         <size>0x44</size>
         <contents>
            <object_component_ref idref="oc-45"/>
         </contents>
      </logical_group>
      <logical_group id="lg-1e" display="no" color="cyan">
         <name>Filter1RegsFile</name>
         <run_address>0x90000</run_address>
         <size>0x64</size>
         <contents>
            <object_component_ref idref="oc-47"/>
         </contents>
      </logical_group>
      <logical_group id="lg-1f" display="no" color="cyan">
         <name>Dpwm1RegsFile</name>
         <run_address>0xa0000</run_address>
         <size>0x8c</size>
         <contents>
            <object_component_ref idref="oc-3f"/>
         </contents>
      </logical_group>
      <logical_group id="lg-20" display="no" color="cyan">
         <name>FeCtrl1RegsFile</name>
         <run_address>0xb0000</run_address>
         <size>0x44</size>
         <contents>
            <object_component_ref idref="oc-44"/>
         </contents>
      </logical_group>
      <logical_group id="lg-21" display="no" color="cyan">
         <name>Filter0RegsFile</name>
         <run_address>0xc0000</run_address>
         <size>0x64</size>
         <contents>
            <object_component_ref idref="oc-46"/>
         </contents>
      </logical_group>
      <logical_group id="lg-22" display="no" color="cyan">
         <name>Dpwm0RegsFile</name>
         <run_address>0xd0000</run_address>
         <size>0x8c</size>
         <contents>
            <object_component_ref idref="oc-3e"/>
         </contents>
      </logical_group>
      <logical_group id="lg-23" display="no" color="cyan">
         <name>FeCtrl0RegsFile</name>
         <run_address>0xe0000</run_address>
         <size>0x44</size>
         <contents>
            <object_component_ref idref="oc-43"/>
         </contents>
      </logical_group>
      <logical_group id="lg-24" display="no" color="cyan">
         <name>MiscAnalogRegsFile</name>
         <run_address>0xfff7f000</run_address>
         <size>0x48</size>
         <contents>
            <object_component_ref idref="oc-4b"/>
         </contents>
      </logical_group>
      <logical_group id="lg-25" display="no" color="cyan">
         <name>PMBusRegsFile</name>
         <run_address>0xfff7f600</run_address>
         <size>0x24</size>
         <contents>
            <object_component_ref idref="oc-4d"/>
         </contents>
      </logical_group>
      <logical_group id="lg-26" display="no" color="cyan">
         <name>GioRegsFile</name>
         <run_address>0xfff7fa00</run_address>
         <size>0x40</size>
         <contents>
            <object_component_ref idref="oc-48"/>
         </contents>
      </logical_group>
      <logical_group id="lg-27" display="no" color="cyan">
         <name>TimerRegsFile</name>
         <run_address>0xfff7fd00</run_address>
         <size>0x9c</size>
         <contents>
            <object_component_ref idref="oc-4f"/>
         </contents>
      </logical_group>
      <logical_group id="lg-28" display="no" color="cyan">
         <name>CimRegsFile</name>
         <run_address>0xffffff20</run_address>
         <size>0x18</size>
         <contents>
            <object_component_ref idref="oc-3c"/>
         </contents>
      </logical_group>
      <logical_group id="lg-29" display="no" color="cyan">
         <name>DecRegsFile</name>
         <run_address>0xfffffe00</run_address>
         <size>0x9c</size>
         <contents>
            <object_component_ref idref="oc-3d"/>
         </contents>
      </logical_group>
      <logical_group id="lg-2a" display="no" color="cyan">
         <name>MmcRegsFile</name>
         <run_address>0xfffffd00</run_address>
         <size>0x3c</size>
         <contents>
            <object_component_ref idref="oc-4c"/>
         </contents>
      </logical_group>
      <logical_group id="lg-2b" display="no" color="cyan">
         <name>SysRegsFile</name>
         <run_address>0xffffffd0</run_address>
         <size>0x30</size>
         <contents>
            <object_component_ref idref="oc-4e"/>
         </contents>
      </logical_group>
      <logical_group id="lg-e0" display="never" color="cyan">
         <name>.debug_info</name>
         <load_address>0x0</load_address>
         <run_address>0x0</run_address>
         <size>0x311bc</size>
         <contents>
            <object_component_ref idref="oc-32"/>
            <object_component_ref idref="oc-3a"/>
            <object_component_ref idref="oc-53"/>
            <object_component_ref idref="oc-59"/>
            <object_component_ref idref="oc-5f"/>
            <object_component_ref idref="oc-64"/>
            <object_component_ref idref="oc-6a"/>
            <object_component_ref idref="oc-71"/>
            <object_component_ref idref="oc-78"/>
            <object_component_ref idref="oc-7c"/>
            <object_component_ref idref="oc-82"/>
            <object_component_ref idref="oc-88"/>
            <object_component_ref idref="oc-8d"/>
            <object_component_ref idref="oc-92"/>
            <object_component_ref idref="oc-97"/>
            <object_component_ref idref="oc-9c"/>
            <object_component_ref idref="oc-a0"/>
            <object_component_ref idref="oc-a4"/>
            <object_component_ref idref="oc-ec"/>
         </contents>
      </logical_group>
      <logical_group id="lg-e2" display="never" color="cyan">
         <name>.debug_frame</name>
         <load_address>0x0</load_address>
         <run_address>0x0</run_address>
         <size>0xeb7</size>
         <contents>
            <object_component_ref idref="oc-36"/>
            <object_component_ref idref="oc-55"/>
            <object_component_ref idref="oc-5b"/>
            <object_component_ref idref="oc-60"/>
            <object_component_ref idref="oc-66"/>
            <object_component_ref idref="oc-6d"/>
            <object_component_ref idref="oc-72"/>
            <object_component_ref idref="oc-7e"/>
            <object_component_ref idref="oc-84"/>
            <object_component_ref idref="oc-89"/>
            <object_component_ref idref="oc-8e"/>
            <object_component_ref idref="oc-93"/>
            <object_component_ref idref="oc-98"/>
            <object_component_ref idref="oc-a5"/>
         </contents>
      </logical_group>
      <logical_group id="lg-e4" display="never" color="cyan">
         <name>.debug_line</name>
         <load_address>0x0</load_address>
         <run_address>0x0</run_address>
         <size>0x159e</size>
         <contents>
            <object_component_ref idref="oc-37"/>
            <object_component_ref idref="oc-56"/>
            <object_component_ref idref="oc-5c"/>
            <object_component_ref idref="oc-61"/>
            <object_component_ref idref="oc-67"/>
            <object_component_ref idref="oc-6e"/>
            <object_component_ref idref="oc-73"/>
            <object_component_ref idref="oc-79"/>
            <object_component_ref idref="oc-7f"/>
            <object_component_ref idref="oc-85"/>
            <object_component_ref idref="oc-8a"/>
            <object_component_ref idref="oc-8f"/>
            <object_component_ref idref="oc-94"/>
            <object_component_ref idref="oc-99"/>
            <object_component_ref idref="oc-9d"/>
            <object_component_ref idref="oc-a1"/>
            <object_component_ref idref="oc-a6"/>
         </contents>
      </logical_group>
      <logical_group id="lg-e6" display="never" color="cyan">
         <name>.debug_abbrev</name>
         <load_address>0x0</load_address>
         <run_address>0x0</run_address>
         <size>0xe95</size>
         <contents>
            <object_component_ref idref="oc-38"/>
            <object_component_ref idref="oc-52"/>
            <object_component_ref idref="oc-57"/>
            <object_component_ref idref="oc-5d"/>
            <object_component_ref idref="oc-62"/>
            <object_component_ref idref="oc-68"/>
            <object_component_ref idref="oc-6f"/>
            <object_component_ref idref="oc-74"/>
            <object_component_ref idref="oc-7a"/>
            <object_component_ref idref="oc-80"/>
            <object_component_ref idref="oc-86"/>
            <object_component_ref idref="oc-8b"/>
            <object_component_ref idref="oc-90"/>
            <object_component_ref idref="oc-95"/>
            <object_component_ref idref="oc-9a"/>
            <object_component_ref idref="oc-9e"/>
            <object_component_ref idref="oc-a2"/>
            <object_component_ref idref="oc-a7"/>
            <object_component_ref idref="oc-ed"/>
         </contents>
      </logical_group>
      <logical_group id="lg-e8" display="never" color="cyan">
         <name>.debug_aranges</name>
         <load_address>0x0</load_address>
         <run_address>0x0</run_address>
         <size>0x5a0</size>
         <contents>
            <object_component_ref idref="oc-39"/>
            <object_component_ref idref="oc-58"/>
            <object_component_ref idref="oc-5e"/>
            <object_component_ref idref="oc-63"/>
            <object_component_ref idref="oc-69"/>
            <object_component_ref idref="oc-70"/>
            <object_component_ref idref="oc-75"/>
            <object_component_ref idref="oc-7b"/>
            <object_component_ref idref="oc-81"/>
            <object_component_ref idref="oc-87"/>
            <object_component_ref idref="oc-8c"/>
            <object_component_ref idref="oc-91"/>
            <object_component_ref idref="oc-96"/>
            <object_component_ref idref="oc-9b"/>
            <object_component_ref idref="oc-9f"/>
            <object_component_ref idref="oc-a3"/>
            <object_component_ref idref="oc-a8"/>
         </contents>
      </logical_group>
   </logical_group_list>
   <placement_map>
      <memory_area display="no" color="green">
         <name>VECS</name>
         <page_id>0x0</page_id>
         <origin>0x0</origin>
         <length>0x20</length>
         <used_space>0x20</used_space>
         <unused_space>0x0</unused_space>
         <attributes>RWIX</attributes>
         <usage_details>
            <allocated_space>
               <start_address>0x0</start_address>
               <size>0x20</size>
               <logical_group_ref idref="lg-a"/>
            </allocated_space>
         </usage_details>
      </memory_area>
      <memory_area display="yes" color="green">
         <name>PFLASH</name>
         <page_id>0x0</page_id>
         <origin>0x20</origin>
         <length>0x7f38</length>
         <used_space>0x27d6</used_space>
         <unused_space>0x5762</unused_space>
         <attributes>RX</attributes>
         <usage_details>
            <allocated_space>
               <start_address>0x20</start_address>
               <size>0x23c8</size>
               <logical_group_ref idref="lg-3"/>
            </allocated_space>
            <available_space>
               <start_address>0x23e8</start_address>
               <size>0x8</size>
            </available_space>
            <allocated_space>
               <start_address>0x23f0</start_address>
               <size>0x40e</size>
               <logical_group_ref idref="lg-4"/>
            </allocated_space>
            <available_space>
               <start_address>0x27fe</start_address>
               <size>0x575a</size>
            </available_space>
         </usage_details>
      </memory_area>
      <memory_area display="no" color="green">
         <name>DEVICEID</name>
         <page_id>0x0</page_id>
         <origin>0x7f58</origin>
         <length>0x20</length>
         <used_space>0x1f</used_space>
         <unused_space>0x1</unused_space>
         <attributes>RX</attributes>
         <usage_details>
            <allocated_space>
               <start_address>0x7f58</start_address>
               <size>0x1f</size>
               <logical_group_ref idref="lg-6"/>
            </allocated_space>
            <available_space>
               <start_address>0x7f77</start_address>
               <size>0x1</size>
            </available_space>
         </usage_details>
      </memory_area>
      <memory_area display="no" color="green">
         <name>FIXTFA</name>
         <page_id>0x0</page_id>
         <origin>0x7f78</origin>
         <length>0x4</length>
         <used_space>0x0</used_space>
         <unused_space>0x4</unused_space>
         <attributes>RX</attributes>
         <usage_details>
         </usage_details>
      </memory_area>
      <memory_area display="yes" color="green">
         <name>FIXCONST</name>
         <page_id>0x0</page_id>
         <origin>0x7f7c</origin>
         <length>0x80</length>
         <used_space>0x0</used_space>
         <unused_space>0x80</unused_space>
         <attributes>RX</attributes>
         <usage_details>
         </usage_details>
      </memory_area>
      <memory_area display="no" color="green">
         <name>FLASHSUM</name>
         <page_id>0x0</page_id>
         <origin>0x7ffc</origin>
         <length>0x4</length>
         <used_space>0x0</used_space>
         <unused_space>0x4</unused_space>
         <attributes>RX</attributes>
         <usage_details>
         </usage_details>
      </memory_area>
      <memory_area display="yes" color="green">
         <name>ROM</name>
         <page_id>0x0</page_id>
         <origin>0xa020</origin>
         <length>0xbe0</length>
         <used_space>0x0</used_space>
         <unused_space>0xbe0</unused_space>
         <attributes>RWIX</attributes>
         <usage_details>
         </usage_details>
      </memory_area>
      <memory_area display="yes" color="green">
         <name>SINE</name>
         <page_id>0x0</page_id>
         <origin>0xac00</origin>
         <length>0x282</length>
         <used_space>0x0</used_space>
         <unused_space>0x282</unused_space>
         <attributes>RWIX</attributes>
         <usage_details>
         </usage_details>
      </memory_area>
      <memory_area display="yes" color="green">
         <name>EXP</name>
         <page_id>0x0</page_id>
         <origin>0xae82</origin>
         <length>0x7a</length>
         <used_space>0x0</used_space>
         <unused_space>0x7a</unused_space>
         <attributes>RWIX</attributes>
         <usage_details>
         </usage_details>
      </memory_area>
      <memory_area display="yes" color="green">
         <name>DFLASH</name>
         <page_id>0x0</page_id>
         <origin>0x18800</origin>
         <length>0x800</length>
         <used_space>0x0</used_space>
         <unused_space>0x800</unused_space>
         <attributes>RX</attributes>
         <usage_details>
         </usage_details>
      </memory_area>
      <memory_area display="no" color="green">
         <name>TESTER</name>
         <page_id>0x0</page_id>
         <origin>0x19000</origin>
         <length>0x1c</length>
         <used_space>0x0</used_space>
         <unused_space>0x1c</unused_space>
         <attributes>RW</attributes>
         <usage_details>
         </usage_details>
      </memory_area>
      <memory_area display="yes" color="green">
         <name>RAM</name>
         <page_id>0x0</page_id>
         <origin>0x1901c</origin>
         <length>0xe50</length>
         <used_space>0x21c</used_space>
         <unused_space>0xc34</unused_space>
         <attributes>RW</attributes>
         <usage_details>
            <allocated_space>
               <start_address>0x1901c</start_address>
               <size>0x21c</size>
               <logical_group_ref idref="lg-11"/>
            </allocated_space>
            <available_space>
               <start_address>0x19238</start_address>
               <size>0xc34</size>
            </available_space>
         </usage_details>
      </memory_area>
      <memory_area display="yes" color="green">
         <name>STACKS</name>
         <page_id>0x0</page_id>
         <origin>0x19e6c</origin>
         <length>0x190</length>
         <used_space>0x0</used_space>
         <unused_space>0x190</unused_space>
         <attributes>RW</attributes>
         <usage_details>
            <allocated_space>
               <start_address>0x19e6c</start_address>
               <size>0x0</size>
               <logical_group_ref idref="lg-12"/>
            </allocated_space>
            <available_space>
               <start_address>0x19e6c</start_address>
               <size>0x190</size>
            </available_space>
         </usage_details>
      </memory_area>
      <memory_area display="no" color="green">
         <name>ROMLOCK</name>
         <page_id>0x0</page_id>
         <origin>0x19ffc</origin>
         <length>0x4</length>
         <used_space>0x0</used_space>
         <unused_space>0x4</unused_space>
         <attributes>RW</attributes>
         <usage_details>
         </usage_details>
      </memory_area>
      <memory_area display="yes" color="green">
         <name>LOOP_MUX</name>
         <page_id>0x0</page_id>
         <origin>0x20000</origin>
         <length>0x90</length>
         <used_space>0x78</used_space>
         <unused_space>0x18</unused_space>
         <attributes>RWIX</attributes>
         <usage_details>
            <allocated_space>
               <start_address>0x20000</start_address>
               <size>0x78</size>
               <logical_group_ref idref="lg-15"/>
            </allocated_space>
            <available_space>
               <start_address>0x20078</start_address>
               <size>0x18</size>
            </available_space>
         </usage_details>
      </memory_area>
      <memory_area display="yes" color="green">
         <name>FAULT_MUX</name>
         <page_id>0x0</page_id>
         <origin>0x30000</origin>
         <length>0x80</length>
         <used_space>0x80</used_space>
         <unused_space>0x0</unused_space>
         <attributes>RWIX</attributes>
         <usage_details>
            <allocated_space>
               <start_address>0x30000</start_address>
               <size>0x80</size>
               <logical_group_ref idref="lg-16"/>
            </allocated_space>
         </usage_details>
      </memory_area>
      <memory_area display="yes" color="green">
         <name>ADC</name>
         <page_id>0x0</page_id>
         <origin>0x40000</origin>
         <length>0x98</length>
         <used_space>0x98</used_space>
         <unused_space>0x0</unused_space>
         <attributes>RWIX</attributes>
         <usage_details>
            <allocated_space>
               <start_address>0x40000</start_address>
               <size>0x98</size>
               <logical_group_ref idref="lg-19"/>
            </allocated_space>
         </usage_details>
      </memory_area>
      <memory_area display="yes" color="green">
         <name>DPWM3</name>
         <page_id>0x0</page_id>
         <origin>0x50000</origin>
         <length>0x90</length>
         <used_space>0x8c</used_space>
         <unused_space>0x4</unused_space>
         <attributes>RWIX</attributes>
         <usage_details>
            <allocated_space>
               <start_address>0x50000</start_address>
               <size>0x8c</size>
               <logical_group_ref idref="lg-1a"/>
            </allocated_space>
            <available_space>
               <start_address>0x5008c</start_address>
               <size>0x4</size>
            </available_space>
         </usage_details>
      </memory_area>
      <memory_area display="no" color="green">
         <name>FILTER2</name>
         <page_id>0x0</page_id>
         <origin>0x60000</origin>
         <length>0x64</length>
         <used_space>0x64</used_space>
         <unused_space>0x0</unused_space>
         <attributes>RWIX</attributes>
         <usage_details>
            <allocated_space>
               <start_address>0x60000</start_address>
               <size>0x64</size>
               <logical_group_ref idref="lg-1b"/>
            </allocated_space>
         </usage_details>
      </memory_area>
      <memory_area display="yes" color="green">
         <name>DPWM2</name>
         <page_id>0x0</page_id>
         <origin>0x70000</origin>
         <length>0x90</length>
         <used_space>0x8c</used_space>
         <unused_space>0x4</unused_space>
         <attributes>RWIX</attributes>
         <usage_details>
            <allocated_space>
               <start_address>0x70000</start_address>
               <size>0x8c</size>
               <logical_group_ref idref="lg-1c"/>
            </allocated_space>
            <available_space>
               <start_address>0x7008c</start_address>
               <size>0x4</size>
            </available_space>
         </usage_details>
      </memory_area>
      <memory_area display="no" color="green">
         <name>FE_CTRL2</name>
         <page_id>0x0</page_id>
         <origin>0x80000</origin>
         <length>0x44</length>
         <used_space>0x44</used_space>
         <unused_space>0x0</unused_space>
         <attributes>RWIX</attributes>
         <usage_details>
            <allocated_space>
               <start_address>0x80000</start_address>
               <size>0x44</size>
               <logical_group_ref idref="lg-1d"/>
            </allocated_space>
         </usage_details>
      </memory_area>
      <memory_area display="no" color="green">
         <name>FILTER1</name>
         <page_id>0x0</page_id>
         <origin>0x90000</origin>
         <length>0x64</length>
         <used_space>0x64</used_space>
         <unused_space>0x0</unused_space>
         <attributes>RWIX</attributes>
         <usage_details>
            <allocated_space>
               <start_address>0x90000</start_address>
               <size>0x64</size>
               <logical_group_ref idref="lg-1e"/>
            </allocated_space>
         </usage_details>
      </memory_area>
      <memory_area display="yes" color="green">
         <name>DPWM1</name>
         <page_id>0x0</page_id>
         <origin>0xa0000</origin>
         <length>0x90</length>
         <used_space>0x8c</used_space>
         <unused_space>0x4</unused_space>
         <attributes>RWIX</attributes>
         <usage_details>
            <allocated_space>
               <start_address>0xa0000</start_address>
               <size>0x8c</size>
               <logical_group_ref idref="lg-1f"/>
            </allocated_space>
            <available_space>
               <start_address>0xa008c</start_address>
               <size>0x4</size>
            </available_space>
         </usage_details>
      </memory_area>
      <memory_area display="no" color="green">
         <name>FE_CTRL1</name>
         <page_id>0x0</page_id>
         <origin>0xb0000</origin>
         <length>0x44</length>
         <used_space>0x44</used_space>
         <unused_space>0x0</unused_space>
         <attributes>RWIX</attributes>
         <usage_details>
            <allocated_space>
               <start_address>0xb0000</start_address>
               <size>0x44</size>
               <logical_group_ref idref="lg-20"/>
            </allocated_space>
         </usage_details>
      </memory_area>
      <memory_area display="no" color="green">
         <name>FILTER0</name>
         <page_id>0x0</page_id>
         <origin>0xc0000</origin>
         <length>0x64</length>
         <used_space>0x64</used_space>
         <unused_space>0x0</unused_space>
         <attributes>RWIX</attributes>
         <usage_details>
            <allocated_space>
               <start_address>0xc0000</start_address>
               <size>0x64</size>
               <logical_group_ref idref="lg-21"/>
            </allocated_space>
         </usage_details>
      </memory_area>
      <memory_area display="yes" color="green">
         <name>DPWM0</name>
         <page_id>0x0</page_id>
         <origin>0xd0000</origin>
         <length>0x90</length>
         <used_space>0x8c</used_space>
         <unused_space>0x4</unused_space>
         <attributes>RWIX</attributes>
         <usage_details>
            <allocated_space>
               <start_address>0xd0000</start_address>
               <size>0x8c</size>
               <logical_group_ref idref="lg-22"/>
            </allocated_space>
            <available_space>
               <start_address>0xd008c</start_address>
               <size>0x4</size>
            </available_space>
         </usage_details>
      </memory_area>
      <memory_area display="no" color="green">
         <name>FE_CTRL0</name>
         <page_id>0x0</page_id>
         <origin>0xe0000</origin>
         <length>0x44</length>
         <used_space>0x44</used_space>
         <unused_space>0x0</unused_space>
         <attributes>RWIX</attributes>
         <usage_details>
            <allocated_space>
               <start_address>0xe0000</start_address>
               <size>0x44</size>
               <logical_group_ref idref="lg-23"/>
            </allocated_space>
         </usage_details>
      </memory_area>
      <memory_area display="no" color="green">
         <name>UART0</name>
         <page_id>0x0</page_id>
         <origin>0xfff7ec00</origin>
         <length>0x50</length>
         <used_space>0x38</used_space>
         <unused_space>0x18</unused_space>
         <attributes>RWIX</attributes>
         <usage_details>
            <allocated_space>
               <start_address>0xfff7ec00</start_address>
               <size>0x38</size>
               <logical_group_ref idref="lg-17"/>
            </allocated_space>
            <available_space>
               <start_address>0xfff7ec38</start_address>
               <size>0x18</size>
            </available_space>
         </usage_details>
      </memory_area>
      <memory_area display="no" color="green">
         <name>UART1</name>
         <page_id>0x0</page_id>
         <origin>0xfff7ed00</origin>
         <length>0x50</length>
         <used_space>0x38</used_space>
         <unused_space>0x18</unused_space>
         <attributes>RWIX</attributes>
         <usage_details>
            <allocated_space>
               <start_address>0xfff7ed00</start_address>
               <size>0x38</size>
               <logical_group_ref idref="lg-18"/>
            </allocated_space>
            <available_space>
               <start_address>0xfff7ed38</start_address>
               <size>0x18</size>
            </available_space>
         </usage_details>
      </memory_area>
      <memory_area display="no" color="green">
         <name>MISC_ANALOG</name>
         <page_id>0x0</page_id>
         <origin>0xfff7f000</origin>
         <length>0x4c</length>
         <used_space>0x48</used_space>
         <unused_space>0x4</unused_space>
         <attributes>RWIX</attributes>
         <usage_details>
            <allocated_space>
               <start_address>0xfff7f000</start_address>
               <size>0x48</size>
               <logical_group_ref idref="lg-24"/>
            </allocated_space>
            <available_space>
               <start_address>0xfff7f048</start_address>
               <size>0x4</size>
            </available_space>
         </usage_details>
      </memory_area>
      <memory_area display="no" color="green">
         <name>PMBUS</name>
         <page_id>0x0</page_id>
         <origin>0xfff7f600</origin>
         <length>0x24</length>
         <used_space>0x24</used_space>
         <unused_space>0x0</unused_space>
         <attributes>RWIX</attributes>
         <usage_details>
            <allocated_space>
               <start_address>0xfff7f600</start_address>
               <size>0x24</size>
               <logical_group_ref idref="lg-25"/>
            </allocated_space>
         </usage_details>
      </memory_area>
      <memory_area display="no" color="green">
         <name>GIO</name>
         <page_id>0x0</page_id>
         <origin>0xfff7fa00</origin>
         <length>0x40</length>
         <used_space>0x40</used_space>
         <unused_space>0x0</unused_space>
         <attributes>RWIX</attributes>
         <usage_details>
            <allocated_space>
               <start_address>0xfff7fa00</start_address>
               <size>0x40</size>
               <logical_group_ref idref="lg-26"/>
            </allocated_space>
         </usage_details>
      </memory_area>
      <memory_area display="yes" color="green">
         <name>TIMER</name>
         <page_id>0x0</page_id>
         <origin>0xfff7fd00</origin>
         <length>0x9c</length>
         <used_space>0x9c</used_space>
         <unused_space>0x0</unused_space>
         <attributes>RWIX</attributes>
         <usage_details>
            <allocated_space>
               <start_address>0xfff7fd00</start_address>
               <size>0x9c</size>
               <logical_group_ref idref="lg-27"/>
            </allocated_space>
         </usage_details>
      </memory_area>
      <memory_area display="no" color="green">
         <name>MMC</name>
         <page_id>0x0</page_id>
         <origin>0xfffffd00</origin>
         <length>0x3c</length>
         <used_space>0x3c</used_space>
         <unused_space>0x0</unused_space>
         <attributes>RWIX</attributes>
         <usage_details>
            <allocated_space>
               <start_address>0xfffffd00</start_address>
               <size>0x3c</size>
               <logical_group_ref idref="lg-2a"/>
            </allocated_space>
         </usage_details>
      </memory_area>
      <memory_area display="yes" color="green">
         <name>DEC</name>
         <page_id>0x0</page_id>
         <origin>0xfffffe00</origin>
         <length>0x9c</length>
         <used_space>0x9c</used_space>
         <unused_space>0x0</unused_space>
         <attributes>RWIX</attributes>
         <usage_details>
            <allocated_space>
               <start_address>0xfffffe00</start_address>
               <size>0x9c</size>
               <logical_group_ref idref="lg-29"/>
            </allocated_space>
         </usage_details>
      </memory_area>
      <memory_area display="no" color="green">
         <name>CIM</name>
         <page_id>0x0</page_id>
         <origin>0xffffff20</origin>
         <length>0x18</length>
         <used_space>0x18</used_space>
         <unused_space>0x0</unused_space>
         <attributes>RWIX</attributes>
         <usage_details>
            <allocated_space>
               <start_address>0xffffff20</start_address>
               <size>0x18</size>
               <logical_group_ref idref="lg-28"/>
            </allocated_space>
         </usage_details>
      </memory_area>
      <memory_area display="no" color="green">
         <name>SYS</name>
         <page_id>0x0</page_id>
         <origin>0xffffffd0</origin>
         <length>0x30</length>
         <used_space>0x30</used_space>
         <unused_space>0x0</unused_space>
         <attributes>RWIX</attributes>
         <usage_details>
            <allocated_space>
               <start_address>0xffffffd0</start_address>
               <size>0x30</size>
               <logical_group_ref idref="lg-2b"/>
            </allocated_space>
         </usage_details>
      </memory_area>
   </placement_map>
   <veneer_list>
      <veneer>
         <callee_name>_c_int00</callee_name>
         <callee_addr>0x234c</callee_addr>
         <veneer_object_component_ref idref="oc-eb"/>
         <veneer_address>0x23d8</veneer_address>
         <caller_list>
            <veneer_call_site>
               <caller_address>0x2260</caller_address>
               <caller_object_component_ref idref="oc-76-64ed04"/>
            </veneer_call_site>
         </caller_list>
      </veneer>
   </veneer_list>
   <symbol_table>
      <symbol id="sm-0">
         <name>_StackUSER_</name>
         <value>0x19f24</value>
      </symbol>
      <symbol id="sm-1">
         <name>_StackFIQ_</name>
         <value>0x19f94</value>
      </symbol>
      <symbol id="sm-2">
         <name>_StackIRQ_</name>
         <value>0x19fe8</value>
      </symbol>
      <symbol id="sm-3">
         <name>_StackABORT_</name>
         <value>0x19fec</value>
      </symbol>
      <symbol id="sm-4">
         <name>_StackUND_</name>
         <value>0x19ff0</value>
      </symbol>
      <symbol id="sm-5">
         <name>_StackSUPER_</name>
         <value>0x19ffc</value>
      </symbol>
      <symbol id="sm-6">
         <name>cinit</name>
         <value>0xffffffff</value>
      </symbol>
      <symbol id="sm-7">
         <name>___cinit__</name>
         <value>0xffffffff</value>
      </symbol>
      <symbol id="sm-8">
         <name>pinit</name>
         <value>0xffffffff</value>
      </symbol>
      <symbol id="sm-9">
         <name>___pinit__</name>
         <value>0xffffffff</value>
      </symbol>
      <symbol id="sm-a">
         <name>binit</name>
         <value>0xffffffff</value>
      </symbol>
      <symbol id="sm-b">
         <name>___binit__</name>
         <value>0xffffffff</value>
      </symbol>
      <symbol id="sm-c">
         <name>___c_args__</name>
         <value>0xffffffff</value>
      </symbol>
      <symbol id="sm-d">
         <name>.text</name>
         <value>0x20</value>
      </symbol>
      <symbol id="sm-e">
         <name>___text__</name>
         <value>0x20</value>
      </symbol>
      <symbol id="sm-f">
         <name>etext</name>
         <value>0x23e8</value>
      </symbol>
      <symbol id="sm-10">
         <name>___etext__</name>
         <value>0x23e8</value>
      </symbol>
      <symbol id="sm-11">
         <name>.bss</name>
         <value>0x1901c</value>
      </symbol>
      <symbol id="sm-12">
         <name>___bss__</name>
         <value>0x1901c</value>
[...]
      </symbol>
      <symbol id="sm-188">
         <name>_enable_interrupt</name>
         <value>0x2074</value>
         <object_component_ref idref="oc-b0"/>
      </symbol>
      <symbol id="sm-189">
         <name>_clear_integrity_word</name>
         <value>0x213c</value>
         <object_component_ref idref="oc-b0"/>
      </symbol>
      <symbol id="sm-197">
         <name>_standard_interrupt</name>
         <value>0x23d4</value>
         <object_component_ref idref="oc-65"/>
      </symbol>
      <symbol id="sm-21d">
         <name>_setup_id</name>
         <value>0x26ac</value>
         <object_component_ref idref="oc-6b"/>
      </symbol>
      <symbol id="sm-21e">
         <name>_pmbus_read_write_iout_oc_warn_limit</name>
         <value>0x18b0</value>
         <object_component_ref idref="oc-b6"/>
      </symbol>
      <symbol id="sm-21f">
         <name>_pmbus_read_write_vin_ov_warn_limit</name>
         <value>0x1900</value>
         <object_component_ref idref="oc-b6"/>
      </symbol>
      <symbol id="sm-220">
         <name>_pmbus_read_write_vin_off_limit</name>
         <value>0x1b58</value>
         <object_component_ref idref="oc-b6"/>
      </symbol>
      <symbol id="sm-221">
         <name>_pmbus_read_write_status_bit_mask</name>
         <value>0x1b08</value>
         <object_component_ref idref="oc-b6"/>
      </symbol>
      <symbol id="sm-222">
         <name>_pmbus_read_write_vin_on_limit</name>
         <value>0x1b44</value>
         <object_component_ref idref="oc-b6"/>
      </symbol>
      <symbol id="sm-223">
         <name>_pmbus_read_write_frequency</name>
         <value>0x19f0</value>
         <object_component_ref idref="oc-b6"/>
      </symbol>
      <symbol id="sm-224">
         <name>_pmbus_read_write_iout</name>
         <value>0x19b4</value>
         <object_component_ref idref="oc-b6"/>
      </symbol>
      <symbol id="sm-225">
         <name>_pmbus_read_write_temp_mosfet</name>
         <value>0x19c8</value>
         <object_component_ref idref="oc-b6"/>
      </symbol>
      <symbol id="sm-226">
         <name>_pmbus_read_write_vin_uv_fault_limit</name>
         <value>0x1914</value>
         <object_component_ref idref="oc-b6"/>
      </symbol>
      <symbol id="sm-227">
         <name>_pmbus_read_write_vout_uv_fault_response</name>
         <value>0x1860</value>
         <object_component_ref idref="oc-b6"/>
      </symbol>
      <symbol id="sm-228">
         <name>_pmbus_read_write_status_byte</name>
         <value>0x1b1c</value>
         <object_component_ref idref="oc-b6"/>
      </symbol>
      <symbol id="sm-229">
         <name>_pmbus_read_write_ton_rise</name>
         <value>0x17fc</value>
         <object_component_ref idref="oc-b6"/>
      </symbol>
      <symbol id="sm-22a">
         <name>_pmbus_read_write_vin</name>
         <value>0x19a0</value>
         <object_component_ref idref="oc-b6"/>
      </symbol>
      <symbol id="sm-22b">
         <name>_mfr_id</name>
         <value>0x2700</value>
         <object_component_ref idref="oc-6b"/>
      </symbol>
      <symbol id="sm-22c">
         <name>_pmbus_read_write_mode_switching_config</name>
         <value>0x1aa4</value>
         <object_component_ref idref="oc-b6"/>
      </symbol>
      <symbol id="sm-22d">
         <name>_pmbus_read_write_iin_oc_warn_limit</name>
         <value>0x1950</value>
         <object_component_ref idref="oc-b6"/>
      </symbol>
      <symbol id="sm-22e">
         <name>_pmbus_read_write_ishare_configure</name>
         <value>0x1a2c</value>
         <object_component_ref idref="oc-b6"/>
      </symbol>
      <symbol id="sm-22f">
         <name>_pmbus_read_write_vout_mode</name>
         <value>0x17a4</value>
         <object_component_ref idref="oc-b6"/>
      </symbol>
      <symbol id="sm-230">
         <name>_pmbus_read_write_iin_oc_fault_limit</name>
         <value>0x193c</value>
         <object_component_ref idref="oc-b6"/>
      </symbol>
      <symbol id="sm-231">
         <name>_mfr_location</name>
         <value>0x26dc</value>
         <object_component_ref idref="oc-6b"/>
      </symbol>
      <symbol id="sm-232">
         <name>_pmbus_read_write_oc_fault_response</name>
         <value>0x1888</value>
         <object_component_ref idref="oc-b6"/>
      </symbol>
      <symbol id="sm-233">
         <name>_pmbus_read_write_vout_uv_warn_limit</name>
         <value>0x1874</value>
         <object_component_ref idref="oc-b6"/>
      </symbol>
      <symbol id="sm-234">
         <name>_pmbus_read_write_llc_sr_enable</name>
         <value>0x1a7c</value>
         <object_component_ref idref="oc-b6"/>
      </symbol>
      <symbol id="sm-235">
         <name>_pmbus_read_write_pfc_zvs_enable</name>
         <value>0x1a54</value>
         <object_component_ref idref="oc-b6"/>
      </symbol>
      <symbol id="sm-236">
         <name>_pmbus_read_write_vout_transition_rate</name>
         <value>0x17d4</value>
         <object_component_ref idref="oc-b6"/>
      </symbol>
      <symbol id="sm-237">
         <name>_pmbus_read_write_frequency_switch</name>
         <value>0x1790</value>
         <object_component_ref idref="oc-b6"/>
      </symbol>
      <symbol id="sm-238">
         <name>_pmbus_read_write_pfc_phase_2_enable</name>
         <value>0x1a40</value>
         <object_component_ref idref="oc-b6"/>
      </symbol>
      <symbol id="sm-239">
         <name>_pmbus_read_write_filter_select</name>
         <value>0x1ae0</value>
         <object_component_ref idref="oc-b6"/>
      </symbol>
      <symbol id="sm-23a">
         <name>_pmbus_read_write_cpcc_config</name>
         <value>0x1acc</value>
         <object_component_ref idref="oc-b6"/>
      </symbol>
      <symbol id="sm-23b">
         <name>_pmbus_read_write_vin_uv_warn_limit</name>
         <value>0x1928</value>
         <object_component_ref idref="oc-b6"/>
      </symbol>
      <symbol id="sm-23c">
         <name>_mfr_revision</name>
         <value>0x26d0</value>
         <object_component_ref idref="oc-6b"/>
      </symbol>
      <symbol id="sm-23d">
         <name>_pmbus_read_write_pgood_off_limit</name>
         <value>0x1978</value>
         <object_component_ref idref="oc-b6"/>
      </symbol>
      <symbol id="sm-23e">
         <name>_pmbus_read_write_deadband_config</name>
         <value>0x1a90</value>
         <object_component_ref idref="oc-b6"/>
      </symbol>
      <symbol id="sm-23f">
         <name>_pmbus_read_write_store_default_all</name>
         <value>0x1a18</value>
         <object_component_ref idref="oc-b6"/>
      </symbol>
      <symbol id="sm-240">
         <name>_pmbus_read_write_temp_ot_fault_limit</name>
         <value>0x18c4</value>
         <object_component_ref idref="oc-b6"/>
      </symbol>
      <symbol id="sm-241">
         <name>_pmbus_read_write_vout_ov_fault_limit</name>
         <value>0x1824</value>
         <object_component_ref idref="oc-b6"/>
      </symbol>
      <symbol id="sm-242">
         <name>_device_id_string</name>
         <value>0x7f58</value>
         <object_component_ref idref="oc-6c"/>
      </symbol>
      <symbol id="sm-243">
         <name>_status_bit_mask</name>
         <value>0x26a0</value>
         <object_component_ref idref="oc-6b"/>
      </symbol>
      <symbol id="sm-244">
         <name>_pmbus_read_write_light_load_config</name>
         <value>0x1ab8</value>
         <object_component_ref idref="oc-b6"/>
      </symbol>
      <symbol id="sm-245">
         <name>_pmbus_read_write_temp_device</name>
         <value>0x19dc</value>
         <object_component_ref idref="oc-b6"/>
      </symbol>
      <symbol id="sm-246">
         <name>_pmbus_read_write_iout_oc_fault_limit</name>
         <value>0x189c</value>
         <object_component_ref idref="oc-b6"/>
      </symbol>
      <symbol id="sm-247">
         <name>_pmbus_read_write_vout_ov_warn_limit</name>
         <value>0x1838</value>
         <object_component_ref idref="oc-b6"/>
      </symbol>
      <symbol id="sm-248">
         <name>_mfr_ic_device_rev</name>
         <value>0x26fc</value>
         <object_component_ref idref="oc-6b"/>
      </symbol>
      <symbol id="sm-249">
         <name>_mfr_model</name>
         <value>0x26bc</value>
         <object_component_ref idref="oc-6b"/>
      </symbol>
      <symbol id="sm-24a">
         <name>_mfr_serial</name>
         <value>0x26e8</value>
         <object_component_ref idref="oc-6b"/>
      </symbol>
      <symbol id="sm-24b">
         <name>_pmbus_read_write_vin_ov_fault_limit</name>
         <value>0x18ec</value>
         <object_component_ref idref="oc-b6"/>
      </symbol>
      <symbol id="sm-24c">
         <name>_pmbus_read_write_pfc_os_enable</name>
         <value>0x1a68</value>
         <object_component_ref idref="oc-b6"/>
      </symbol>
      <symbol id="sm-24d">
         <name>_pmbus_read_write_temp_ot_warn_limit</name>
         <value>0x18d8</value>
         <object_component_ref idref="oc-b6"/>
      </symbol>
      <symbol id="sm-24e">
         <name>_mfr_date</name>
         <value>0x26d4</value>
         <object_component_ref idref="oc-6b"/>
      </symbol>
      <symbol id="sm-24f">
         <name>_pmbus_read_write_pgood_on_limit</name>
         <value>0x1964</value>
         <object_component_ref idref="oc-b6"/>
      </symbol>
      <symbol id="sm-250">
         <name>_pmbus_read_write_clear_faults</name>
         <value>0x1810</value>
         <object_component_ref idref="oc-b6"/>
      </symbol>
      <symbol id="sm-251">
         <name>_get_pmbus_address</name>
         <value>0x1b6c</value>
         <object_component_ref idref="oc-b6"/>
      </symbol>
      <symbol id="sm-252">
         <name>_pmbus_read_write_vout_command</name>
         <value>0x17e8</value>
         <object_component_ref idref="oc-b6"/>
      </symbol>
      <symbol id="sm-253">
         <name>_mfr_ic_device</name>
         <value>0x26f0</value>
         <object_component_ref idref="oc-6b"/>
      </symbol>
      <symbol id="sm-254">
         <name>_pmbus_read_write_filter_gains</name>
         <value>0x1af4</value>
         <object_component_ref idref="oc-b6"/>
      </symbol>
      <symbol id="sm-255">
         <name>_pmbus_read_write_vout</name>
         <value>0x198c</value>
         <object_component_ref idref="oc-b6"/>
      </symbol>
      <symbol id="sm-256">
         <name>_pmbus_read_write_status_word</name>
         <value>0x1b30</value>
         <object_component_ref idref="oc-b6"/>
      </symbol>
      <symbol id="sm-257">
         <name>_pmbus_read_write_vout_uv_fault_limit</name>
         <value>0x184c</value>
         <object_component_ref idref="oc-b6"/>
      </symbol>
      <symbol id="sm-258">
         <name>_pmbus_read_write_restore_default_all</name>
         <value>0x1a04</value>
         <object_component_ref idref="oc-b6"/>
      </symbol>
      <symbol id="sm-271">
         <name>_clear_program_flash</name>
         <value>0x2280</value>
         <object_component_ref idref="oc-af"/>
      </symbol>
      <symbol id="sm-272">
         <name>_zero_out_integrity_word</name>
         <value>0x22a8</value>
         <object_component_ref idref="oc-af"/>
      </symbol>
      <symbol id="sm-29f">
         <name>rom_main</name>
         <value>0xffffa4dc</value>
      </symbol>
      <symbol id="sm-2bb">
         <name>_cmd_dcdc_paged</name>
         <value>0x2798</value>
         <object_component_ref idref="oc-7d"/>
      </symbol>
      <symbol id="sm-2bc">
         <name>_pmbus_index_array</name>
         <value>0x25a0</value>
         <object_component_ref idref="oc-b5"/>
      </symbol>
      <symbol id="sm-2bd">
         <name>_pmbus_read_write_message</name>
         <value>0x2368</value>
         <object_component_ref idref="oc-b3"/>
      </symbol>
      <symbol id="sm-2be">
         <name>_pmbus_commands</name>
         <value>0x23f0</value>
         <object_component_ref idref="oc-b4"/>
      </symbol>
      <symbol id="sm-2bf">
         <name>_cmd_dcdc_nonpaged</name>
         <value>0x27b8</value>
         <object_component_ref idref="oc-7d"/>
      </symbol>
      <symbol id="sm-3c9">
         <name>_pmbus_read_write_rom_mode</name>
         <value>0xd30</value>
         <object_component_ref idref="oc-ac"/>
      </symbol>
      <symbol id="sm-3ca">
         <name>_pmbus_read_write_device_id</name>
         <value>0x87c</value>
         <object_component_ref idref="oc-ac"/>
      </symbol>
      <symbol id="sm-3cb">
         <name>_pmbus_read_two_byte_handler</name>
         <value>0xad0</value>
         <object_component_ref idref="oc-ac"/>
      </symbol>
      <symbol id="sm-3cc">
         <name>_pmbus_read_write_debug_buffer</name>
         <value>0xca0</value>
         <object_component_ref idref="oc-ac"/>
      </symbol>
      <symbol id="sm-3cd">
         <name>_pmbus_read_write_cmd_dcdc_paged</name>
         <value>0xa18</value>
         <object_component_ref idref="oc-ac"/>
      </symbol>
      <symbol id="sm-3ce">
         <name>_pmbus_invalid_write</name>
         <value>0xbe0</value>
         <object_component_ref idref="oc-ac"/>
      </symbol>
      <symbol id="sm-3cf">
         <name>_pmbus_read_write_mfr_id</name>
         <value>0x8a4</value>
         <object_component_ref idref="oc-ac"/>
      </symbol>
      <symbol id="sm-3d0">
         <name>_pmbus_read_write_mfr_location</name>
         <value>0x96c</value>
         <object_component_ref idref="oc-ac"/>
      </symbol>
      <symbol id="sm-3d1">
         <name>_pmbus_read_write_user_ram_00</name>
         <value>0xce0</value>
         <object_component_ref idref="oc-ac"/>
      </symbol>
      <symbol id="sm-3d2">
         <name>_pmbus_read_write_capability</name>
         <value>0xddc</value>
         <object_component_ref idref="oc-ac"/>
      </symbol>
      <symbol id="sm-3d3">
         <name>_init_pmbus</name>
         <value>0xe0c</value>
         <object_component_ref idref="oc-ac"/>
      </symbol>
      <symbol id="sm-3d4">
         <name>_watchdog_reset</name>
         <value>0xa68</value>
         <object_component_ref idref="oc-ac"/>
      </symbol>
      <symbol id="sm-3d5">
         <name>_pmbus_read_write_mfr_ic_device</name>
         <value>0x9bc</value>
         <object_component_ref idref="oc-ac"/>
      </symbol>
      <symbol id="sm-3d6">
         <name>_pmbus_read_write_mfr_date</name>
         <value>0x944</value>
         <object_component_ref idref="oc-ac"/>
      </symbol>
      <symbol id="sm-3d7">
         <name>_yes_text</name>
         <value>0x2794</value>
         <object_component_ref idref="oc-83"/>
      </symbol>
      <symbol id="sm-3d8">
         <name>_pmbus_read_write_parm_info</name>
         <value>0xd5c</value>
         <object_component_ref idref="oc-ac"/>
      </symbol>
      <symbol id="sm-3d9">
         <name>_pmbus_write_gui_constant</name>
         <value>0xcc8</value>
         <object_component_ref idref="oc-ac"/>
      </symbol>
      <symbol id="sm-3da">
         <name>_parm_mem_start</name>
         <value>0x2704</value>
         <object_component_ref idref="oc-b2"/>
      </symbol>
      <symbol id="sm-3db">
         <name>_debug_7_text</name>
         <value>0x2788</value>
         <object_component_ref idref="oc-83"/>
      </symbol>
      <symbol id="sm-3dc">
         <name>_debug_6_text</name>
         <value>0x2780</value>
         <object_component_ref idref="oc-83"/>
      </symbol>
      <symbol id="sm-3dd">
         <name>_debug_5_text</name>
         <value>0x2778</value>
         <object_component_ref idref="oc-83"/>
      </symbol>
      <symbol id="sm-3de">
         <name>_debug_4_text</name>
         <value>0x2770</value>
         <object_component_ref idref="oc-83"/>
      </symbol>
      <symbol id="sm-3df">
         <name>_debug_3_text</name>
         <value>0x2768</value>
         <object_component_ref idref="oc-83"/>
      </symbol>
      <symbol id="sm-3e0">
         <name>_debug_2_text</name>
         <value>0x2760</value>
         <object_component_ref idref="oc-83"/>
      </symbol>
      <symbol id="sm-3e1">
         <name>_debug_1_text</name>
         <value>0x2758</value>
         <object_component_ref idref="oc-83"/>
      </symbol>
      <symbol id="sm-3e2">
         <name>_debug_0_text</name>
         <value>0x2750</value>
         <object_component_ref idref="oc-83"/>
      </symbol>
      <symbol id="sm-3e3">
         <name>_parm_mem_length</name>
         <value>0x27d8</value>
         <object_component_ref idref="oc-b1"/>
      </symbol>
      <symbol id="sm-3e4">
         <name>_pmbus_read_write_mfr_serial</name>
         <value>0x994</value>
         <object_component_ref idref="oc-ac"/>
      </symbol>
      <symbol id="sm-3e5">
         <name>_pmbus_read_write_mfr_ic_device_rev</name>
         <value>0x9e4</value>
         <object_component_ref idref="oc-ac"/>
      </symbol>
      <symbol id="sm-3e6">
         <name>_pmbus_read_write_mfr_model</name>
         <value>0x8f4</value>
         <object_component_ref idref="oc-ac"/>
      </symbol>
      <symbol id="sm-3e7">
         <name>_pmbus_read_write_parm_value</name>
         <value>0xd84</value>
         <object_component_ref idref="oc-ac"/>
      </symbol>
      <symbol id="sm-3e8">
         <name>_pmbus_read_write_mfr_revision</name>
         <value>0x91c</value>
         <object_component_ref idref="oc-ac"/>
      </symbol>
      <symbol id="sm-3e9">
         <name>_send_string</name>
         <value>0xc10</value>
         <object_component_ref idref="oc-ac"/>
      </symbol>
      <symbol id="sm-3ea">
         <name>_pmbus_read_write_cmd_dcdc_nonpaged</name>
         <value>0xa40</value>
         <object_component_ref idref="oc-ac"/>
      </symbol>
      <symbol id="sm-3eb">
         <name>_pmbus_invalid_read</name>
         <value>0xb0c</value>
         <object_component_ref idref="oc-ac"/>
      </symbol>
      <symbol id="sm-3ec">
         <name>_na_text</name>
         <value>0x2790</value>
         <object_component_ref idref="oc-83"/>
      </symbol>
      <symbol id="sm-3ed">
         <name>_pmbus_write_rom_mode</name>
         <value>0xd08</value>
         <object_component_ref idref="oc-ac"/>
      </symbol>
      <symbol id="sm-3ee">
         <name>_pmbus_read_one_byte_handler</name>
         <value>0xaa4</value>
         <object_component_ref idref="oc-ac"/>
      </symbol>
      <symbol id="sm-3ef">
         <name>_pmbus_read_write_mfr_setup_id</name>
         <value>0x8cc</value>
         <object_component_ref idref="oc-ac"/>
      </symbol>
      <symbol id="sm-3f0">
         <name>_pmbus_read_write_pmbus_revision</name>
         <value>0xdac</value>
         <object_component_ref idref="oc-ac"/>
      </symbol>
      <symbol id="sm-3f1">
         <name>_pmbus_read_write_invalid_command</name>
         <value>0xbe8</value>
         <object_component_ref idref="oc-ac"/>
      </symbol>
      <symbol id="sm-43b">
         <name>_pmbus_read_block_handler</name>
         <value>0x14bc</value>
         <object_component_ref idref="oc-ae"/>
      </symbol>
      <symbol id="sm-43c">
         <name>_pmbus_write_block_handler</name>
         <value>0xf7c</value>
         <object_component_ref idref="oc-ae"/>
      </symbol>
      <symbol id="sm-43d">
         <name>_pmbus_idle_handler</name>
         <value>0x119c</value>
         <object_component_ref idref="oc-ae"/>
      </symbol>
      <symbol id="sm-43e">
         <name>_pmbus_handler</name>
         <value>0xf00</value>
         <object_component_ref idref="oc-ae"/>
      </symbol>
      <symbol id="sm-43f">
         <name>_pmbus_read_wait_for_eom_handler</name>
         <value>0x16c0</value>
         <object_component_ref idref="oc-ae"/>
      </symbol>
      <symbol id="sm-47b">
         <name>_strcpy</name>
         <value>0x23a8</value>
         <object_component_ref idref="oc-ad"/>
      </symbol>
   </symbol_table>
   <title>Link successful</title>
</link_info>
