******************************************************************************
                  TI ARM Linker PC v5.2.9                      
******************************************************************************
>> Linked Mon Jun 17 09:06:29 2024

OUTPUT FILE NAME:   <UCD3138A_new_project.out>
ENTRY POINT SYMBOL: "_c_int00"  address: 0000234c


MEMORY CONFIGURATION

         name            origin    length      used     unused   attr    fill
----------------------  --------  ---------  --------  --------  ----  --------
  VECS                  00000000   00000020  00000020  00000000  RWIX
  PFLASH                00000020   00007f38  000027d6  00005762  R  X
  DEVICEID              00007f58   00000020  0000001f  00000001  R  X
  FIXTFA                00007f78   00000004  00000000  00000004  R  X
  FIXCONST              00007f7c   00000080  00000000  00000080  R  X
  FLASHSUM              00007ffc   00000004  00000000  00000004  R  X
  ROM                   0000a020   00000be0  00000000  00000be0  RWIX
  SINE                  0000ac00   00000282  00000000  00000282  RWIX
  EXP                   0000ae82   0000007a  00000000  0000007a  RWIX
  DFLASH                00018800   00000800  00000000  00000800  R  X
  TESTER                00019000   0000001c  00000000  0000001c  RW  
  RAM                   0001901c   00000e50  0000021c  00000c34  RW  
  STACKS                00019e6c   00000190  00000000  00000190  RW  
  ROMLOCK               00019ffc   00000004  00000000  00000004  RW  
  LOOP_MUX              00020000   00000090  00000078  00000018  RWIX
  FAULT_MUX             00030000   00000080  00000080  00000000  RWIX
  ADC                   00040000   00000098  00000098  00000000  RWIX
  DPWM3                 00050000   00000090  0000008c  00000004  RWIX
  FILTER2               00060000   00000064  00000064  00000000  RWIX
  DPWM2                 00070000   00000090  0000008c  00000004  RWIX
  FE_CTRL2              00080000   00000044  00000044  00000000  RWIX
  FILTER1               00090000   00000064  00000064  00000000  RWIX
  DPWM1                 000a0000   00000090  0000008c  00000004  RWIX
  FE_CTRL1              000b0000   00000044  00000044  00000000  RWIX
  FILTER0               000c0000   00000064  00000064  00000000  RWIX
  DPWM0                 000d0000   00000090  0000008c  00000004  RWIX
  FE_CTRL0              000e0000   00000044  00000044  00000000  RWIX
  UART0                 fff7ec00   00000050  00000038  00000018  RWIX
  UART1                 fff7ed00   00000050  00000038  00000018  RWIX
  MISC_ANALOG           fff7f000   0000004c  00000048  00000004  RWIX
  PMBUS                 fff7f600   00000024  00000024  00000000  RWIX
  GIO                   fff7fa00   00000040  00000040  00000000  RWIX
  TIMER                 fff7fd00   0000009c  0000009c  00000000  RWIX
  MMC                   fffffd00   0000003c  0000003c  00000000  RWIX
  DEC                   fffffe00   0000009c  0000009c  00000000  RWIX
  CIM                   ffffff20   00000018  00000018  00000000  RWIX
  SYS                   ffffffd0   00000030  00000030  00000000  RWIX


SECTION ALLOCATION MAP

 output                                  attributes/
section   page    origin      length       input sections
--------  ----  ----------  ----------   ----------------
.text      0    00000020    000023c8     
                  00000020    00000ee0     pmbus_common.obj (.text)
                  00000f00    00000890     pmbus_driver.obj (.text)
                  00001790    0000044c     pmbus_topology.obj (.text)
                  00001bdc    000003e8     software_interrupt.obj (.text:retain)
                  00001fc4    000001e4     software_interrupt_wrapper.obj (.text)
                  000021a8    000000d8     load_UCD3138A.obj (.text)
                  00002280    000000a0     clear_program_flash.obj (.text)
                  00002320    00000048     main.obj (.text)
                  00002368    00000040     pmbus_command_indexes.obj (.text)
                  000023a8    0000001c     rtsv4_A_be_tiarm9.lib : strcpy.obj (.text)
                  000023c4    00000010     interrupts.obj (.text:retain)
                  000023d4    00000004     standard_interrupt.obj (.text:retain)
                  000023d8    00000010     main.obj (.tramp._c_int00.1)

.const     0    000023f0    0000040e     
                  000023f0    000001b0     pmbus_command_indexes.obj (.const:_pmbus_commands)
                  000025a0    00000100     pmbus_command_indexes.obj (.const:.string:_pmbus_index_array)
                  000026a0    00000063     pmbus_topology.obj (.const:.string)
                  00002703    00000001     --HOLE-- [fill = 0]
                  00002704    0000004c     pmbus_common.obj (.const:_parm_mem_start)
                  00002750    00000048     pmbus_common.obj (.const:.string)
                  00002798    00000040     pmbus_command_indexes.obj (.const:.string)
                  000027d8    00000026     pmbus_common.obj (.const:_parm_mem_length)

.cinit     0    00000020    00000000     UNINITIALIZED

FixedDeviceID 
*          0    00007f58    0000001f     
                  00007f58    0000001f     pmbus_topology.obj (FixedDeviceID)

.vectors   0    00000000    00000020     
                  00000000    00000020     load_UCD3138A.obj (.vectors)

.bss       0    0001901c    0000021c     UNINITIALIZED
                  0001901c    00000100     main.obj (.bss:_xn_bins)
                  0001911c    00000080     main.obj (.bss:_program_area)
                  0001919c    00000068     main.obj (.bss)
                  00019204    00000034     main.obj (.bss:_pmbus_buffer)

.stack     0    00019e6c    00000000     UNINITIALIZED

LoopMuxRegsFile 
*          0    00020000    00000078     UNINITIALIZED
                  00020000    00000078     cyclone_global_variables_defs.obj (LoopMuxRegsFile)

FaultMuxRegsFile 
*          0    00030000    00000080     UNINITIALIZED
                  00030000    00000080     cyclone_global_variables_defs.obj (FaultMuxRegsFile)

AdcRegsFile 
*          0    00040000    00000098     UNINITIALIZED
                  00040000    00000098     cyclone_global_variables_defs.obj (AdcRegsFile)

Dpwm3RegsFile 
*          0    00050000    0000008c     UNINITIALIZED
                  00050000    0000008c     cyclone_global_variables_defs.obj (Dpwm3RegsFile)

Filter2RegsFile 
*          0    00060000    00000064     UNINITIALIZED
                  00060000    00000064     cyclone_global_variables_defs.obj (Filter2RegsFile)

Dpwm2RegsFile 
*          0    00070000    0000008c     UNINITIALIZED
                  00070000    0000008c     cyclone_global_variables_defs.obj (Dpwm2RegsFile)

FeCtrl2RegsFile 
*          0    00080000    00000044     UNINITIALIZED
                  00080000    00000044     cyclone_global_variables_defs.obj (FeCtrl2RegsFile)

Filter1RegsFile 
*          0    00090000    00000064     UNINITIALIZED
                  00090000    00000064     cyclone_global_variables_defs.obj (Filter1RegsFile)

Dpwm1RegsFile 
*          0    000a0000    0000008c     UNINITIALIZED
                  000a0000    0000008c     cyclone_global_variables_defs.obj (Dpwm1RegsFile)

FeCtrl1RegsFile 
*          0    000b0000    00000044     UNINITIALIZED
                  000b0000    00000044     cyclone_global_variables_defs.obj (FeCtrl1RegsFile)

Filter0RegsFile 
*          0    000c0000    00000064     UNINITIALIZED
                  000c0000    00000064     cyclone_global_variables_defs.obj (Filter0RegsFile)

Dpwm0RegsFile 
*          0    000d0000    0000008c     UNINITIALIZED
                  000d0000    0000008c     cyclone_global_variables_defs.obj (Dpwm0RegsFile)

FeCtrl0RegsFile 
*          0    000e0000    00000044     UNINITIALIZED
                  000e0000    00000044     cyclone_global_variables_defs.obj (FeCtrl0RegsFile)

Uart0RegsFile 
*          0    fff7ec00    00000038     UNINITIALIZED
                  fff7ec00    00000038     cyclone_global_variables_defs.obj (Uart0RegsFile)

Uart1RegsFile 
*          0    fff7ed00    00000038     UNINITIALIZED
                  fff7ed00    00000038     cyclone_global_variables_defs.obj (Uart1RegsFile)

MiscAnalogRegsFile 
*          0    fff7f000    00000048     UNINITIALIZED
                  fff7f000    00000048     cyclone_global_variables_defs.obj (MiscAnalogRegsFile)

PMBusRegsFile 
*          0    fff7f600    00000024     UNINITIALIZED
                  fff7f600    00000024     cyclone_global_variables_defs.obj (PMBusRegsFile)

GioRegsFile 
*          0    fff7fa00    00000040     UNINITIALIZED
                  fff7fa00    00000040     cyclone_global_variables_defs.obj (GioRegsFile)

TimerRegsFile 
*          0    fff7fd00    0000009c     UNINITIALIZED
                  fff7fd00    0000009c     cyclone_global_variables_defs.obj (TimerRegsFile)

MmcRegsFile 
*          0    fffffd00    0000003c     UNINITIALIZED
                  fffffd00    0000003c     cyclone_global_variables_defs.obj (MmcRegsFile)

DecRegsFile 
*          0    fffffe00    0000009c     UNINITIALIZED
                  fffffe00    0000009c     cyclone_global_variables_defs.obj (DecRegsFile)

CimRegsFile 
*          0    ffffff20    00000018     UNINITIALIZED
                  ffffff20    00000018     cyclone_global_variables_defs.obj (CimRegsFile)

SysRegsFile 
*          0    ffffffd0    00000030     UNINITIALIZED
                  ffffffd0    00000030     cyclone_global_variables_defs.obj (SysRegsFile)

VENEERS

callee name               veneer name
   callee addr  veneer addr  call addr  call info
--------------  -----------  ---------  ----------------
_c_int00                  $Ven$TA$L$PI$$_c_int00
   0000234c     000023d8     00002260   load_UCD3138A.obj (.text)

[1 trampolines]
[1 trampoline calls]


GLOBAL SYMBOLS: SORTED ALPHABETICALLY BY Name 

address   name                                    
-------   ----                                    
0001901c  .bss                                    
00000020  .text                                   
000191f0  _A_string                               
00040000  _AdcRegs                                
ffffff20  _CimRegs                                
fffffe00  _DecRegs                                
000d0000  _Dpwm0Regs                              
000a0000  _Dpwm1Regs                              
00070000  _Dpwm2Regs                              
00050000  _Dpwm3Regs                              
00030000  _FaultMuxRegs                           
000e0000  _FeCtrl0Regs                            
000b0000  _FeCtrl1Regs                            
00080000  _FeCtrl2Regs                            
000c0000  _Filter0Regs                            
00090000  _Filter1Regs                            
00060000  _Filter2Regs                            
fff7fa00  _GioRegs                                
00020000  _LoopMuxRegs                            
fff7f000  _MiscAnalogRegs                         
fffffd00  _MmcRegs                                
fff7f600  _PMBusRegs                              
00019fec  _StackABORT_                            
00019f94  _StackFIQ_                              
00019fe8  _StackIRQ_                              
00019ffc  _StackSUPER_                            
00019ff0  _StackUND_                              
00019f24  _StackUSER_                             
ffffffd0  _SysRegs                                
fff7fd00  _TimerRegs                              
fff7ec00  _Uart0Regs                              
fff7ed00  _Uart1Regs                              
ffffffff  ___binit__                              
0001901c  ___bss__                                
ffffffff  ___c_args__                             
ffffffff  ___cinit__                              
00019238  ___end__                                
000023e8  ___etext__                              
ffffffff  ___pinit__                              
00000020  ___text__                               
000023cc  _abort_data_fetch_exception             
000023c8  _abort_prefetch_exception               
0000234c  _c_int00                                
0000213c  _clear_integrity_word                   
00002280  _clear_program_flash                    
000027b8  _cmd_dcdc_nonpaged                      
00002798  _cmd_dcdc_paged                         
00002750  _debug_0_text                           
00002758  _debug_1_text                           
00002760  _debug_2_text                           
00002768  _debug_3_text                           
00002770  _debug_4_text                           
00002778  _debug_5_text                           
00002780  _debug_6_text                           
00002788  _debug_7_text                           
000191dc  _debug_buffer                           
00007f58  _device_id_string                       
00002054  _disable_fast_interrupt                 
00002094  _disable_interrupt                      
00002034  _enable_fast_interrupt                  
00002074  _enable_interrupt                       
00001fc4  _erase_data_flash_segment               
00001fe8  _erase_dflash_segment_no_delay          
00002188  _erase_pflash                           
000023d0  _fast_interrupt                         
000191b0  _flash_write_status                     
00001b6c  _get_pmbus_address                      
000191b2  _gui_constant_pointer                   
00000e0c  _init_pmbus                             
000191a4  _loop_counter                           
00002320  _main                                   
000026d4  _mfr_date                               
000026f0  _mfr_ic_device                          
000026fc  _mfr_ic_device_rev                      
00002700  _mfr_id                                 
000026dc  _mfr_location                           
000026bc  _mfr_model                              
000026d0  _mfr_revision                           
000026e8  _mfr_serial                             
00002790  _na_text                                
000191a8  _number_of_samples                      
000191e4  _page                                   
000191b8  _parm_count                             
000191b4  _parm_index                             
000027d8  _parm_mem_length                        
00002704  _parm_mem_start                         
000191b6  _parm_offset                            
000191b9  _parm_size                              
00019204  _pmbus_buffer                           
000191bc  _pmbus_buffer_position                  
000023f0  _pmbus_commands                         
00000f00  _pmbus_handler                          
0000119c  _pmbus_idle_handler                     
000025a0  _pmbus_index_array                      
00000b0c  _pmbus_invalid_read                     
00000be0  _pmbus_invalid_write                    
000191bb  _pmbus_number_of_bytes                  
000191cc  _pmbus_pec_buffer                       
000191d8  _pmbus_pec_buffer_number_of_bytes       
000191c8  _pmbus_pec_valid                        
000014bc  _pmbus_read_block_handler               
00000aa4  _pmbus_read_one_byte_handler            
00000ad0  _pmbus_read_two_byte_handler            
000016c0  _pmbus_read_wait_for_eom_handler        
00000ddc  _pmbus_read_write_capability            
00001810  _pmbus_read_write_clear_faults          
00000a40  _pmbus_read_write_cmd_dcdc_nonpaged     
00000a18  _pmbus_read_write_cmd_dcdc_paged        
00001acc  _pmbus_read_write_cpcc_config           
00001a90  _pmbus_read_write_deadband_config       
00000ca0  _pmbus_read_write_debug_buffer          
0000087c  _pmbus_read_write_device_id             
00001af4  _pmbus_read_write_filter_gains          
00001ae0  _pmbus_read_write_filter_select         
000019f0  _pmbus_read_write_frequency             
00001790  _pmbus_read_write_frequency_switch      
0000193c  _pmbus_read_write_iin_oc_fault_limit    
00001950  _pmbus_read_write_iin_oc_warn_limit     
00000be8  _pmbus_read_write_invalid_command       
000019b4  _pmbus_read_write_iout                  
0000189c  _pmbus_read_write_iout_oc_fault_limit   
000018b0  _pmbus_read_write_iout_oc_warn_limit    
00001a2c  _pmbus_read_write_ishare_configure      
00001ab8  _pmbus_read_write_light_load_config     
00001a7c  _pmbus_read_write_llc_sr_enable         
00002368  _pmbus_read_write_message               
00000944  _pmbus_read_write_mfr_date              
000009bc  _pmbus_read_write_mfr_ic_device         
000009e4  _pmbus_read_write_mfr_ic_device_rev     
000008a4  _pmbus_read_write_mfr_id                
0000096c  _pmbus_read_write_mfr_location          
000008f4  _pmbus_read_write_mfr_model             
0000091c  _pmbus_read_write_mfr_revision          
00000994  _pmbus_read_write_mfr_serial            
000008cc  _pmbus_read_write_mfr_setup_id          
00001aa4  _pmbus_read_write_mode_switching_config 
00001888  _pmbus_read_write_oc_fault_response     
00000d5c  _pmbus_read_write_parm_info             
00000d84  _pmbus_read_write_parm_value            
00001a68  _pmbus_read_write_pfc_os_enable         
00001a40  _pmbus_read_write_pfc_phase_2_enable    
00001a54  _pmbus_read_write_pfc_zvs_enable        
00001978  _pmbus_read_write_pgood_off_limit       
00001964  _pmbus_read_write_pgood_on_limit        
00000dac  _pmbus_read_write_pmbus_revision        
00001a04  _pmbus_read_write_restore_default_all   
00000d30  _pmbus_read_write_rom_mode              
00001b08  _pmbus_read_write_status_bit_mask       
00001b1c  _pmbus_read_write_status_byte           
00001b30  _pmbus_read_write_status_word           
00001a18  _pmbus_read_write_store_default_all     
000019dc  _pmbus_read_write_temp_device           
000019c8  _pmbus_read_write_temp_mosfet           
000018c4  _pmbus_read_write_temp_ot_fault_limit   
000018d8  _pmbus_read_write_temp_ot_warn_limit    
000017fc  _pmbus_read_write_ton_rise              
00000ce0  _pmbus_read_write_user_ram_00           
000019a0  _pmbus_read_write_vin                   
00001b58  _pmbus_read_write_vin_off_limit         
00001b44  _pmbus_read_write_vin_on_limit          
000018ec  _pmbus_read_write_vin_ov_fault_limit    
00001900  _pmbus_read_write_vin_ov_warn_limit     
00001914  _pmbus_read_write_vin_uv_fault_limit    
00001928  _pmbus_read_write_vin_uv_warn_limit     
0000198c  _pmbus_read_write_vout                  
000017e8  _pmbus_read_write_vout_command          
000017a4  _pmbus_read_write_vout_mode             
00001824  _pmbus_read_write_vout_ov_fault_limit   
00001838  _pmbus_read_write_vout_ov_warn_limit    
000017d4  _pmbus_read_write_vout_transition_rate  
0000184c  _pmbus_read_write_vout_uv_fault_limit   
00001860  _pmbus_read_write_vout_uv_fault_response
00001874  _pmbus_read_write_vout_uv_warn_limit    
000191ba  _pmbus_state                            
000191e7  _pmbus_status_cml                       
000191e8  _pmbus_status_fans_1_2                  
000191e9  _pmbus_status_fans_3_4                  
000191be  _pmbus_status_half_word_0_value         
000191c0  _pmbus_status_half_word_0_value_ored    
000191e6  _pmbus_status_input                     
000191e5  _pmbus_status_temperature               
000191ea  _pmbus_status_word                      
000191c4  _pmbus_watchdog_timer                   
00000f7c  _pmbus_write_block_handler              
00000cc8  _pmbus_write_gui_constant               
00000d08  _pmbus_write_rom_mode                   
0001911c  _program_area                           
000191ec  _second_pmbus_status_word               
00000c10  _send_string                            
000020fc  _set_supervisor_mode                    
0000211c  _set_user_mode                          
000026ac  _setup_id                               
000191ee  _setup_id_length                        
00001bdc  _software_interrupt                     
000023d4  _standard_interrupt                     
000191ac  _start_monitor                          
000026a0  _status_bit_mask                        
000191b1  _status_cml                             
000023a8  _strcpy                                 
000023c4  _undefined_instruction_exception        
000191b3  _user_ram_00                            
00000a68  _watchdog_reset                         
0000215c  _write_data_flash_block                 
0000200c  _write_data_flash_word                  
000020b4  _write_firqpr                           
000020d8  _write_reqmask                          
0001901c  _xn_bins                                
00002794  _yes_text                               
000022a8  _zero_out_integrity_word                
0001919c  _zoiw_address                           
000191a0  _zoiw_flash_key                         
ffffffff  binit                                   
ffffffff  cinit                                   
00019238  end                                     
000023e8  etext                                   
ffffffff  pinit                                   
ffffa4dc  rom_main                                


GLOBAL SYMBOLS: SORTED BY Symbol Address 

address   name                                    
-------   ----                                    
00000020  .text                                   
00000020  ___text__                               
0000087c  _pmbus_read_write_device_id             
000008a4  _pmbus_read_write_mfr_id                
000008cc  _pmbus_read_write_mfr_setup_id          
000008f4  _pmbus_read_write_mfr_model             
0000091c  _pmbus_read_write_mfr_revision          
00000944  _pmbus_read_write_mfr_date              
0000096c  _pmbus_read_write_mfr_location          
00000994  _pmbus_read_write_mfr_serial            
000009bc  _pmbus_read_write_mfr_ic_device         
000009e4  _pmbus_read_write_mfr_ic_device_rev     
00000a18  _pmbus_read_write_cmd_dcdc_paged        
00000a40  _pmbus_read_write_cmd_dcdc_nonpaged     
00000a68  _watchdog_reset                         
00000aa4  _pmbus_read_one_byte_handler            
00000ad0  _pmbus_read_two_byte_handler            
00000b0c  _pmbus_invalid_read                     
00000be0  _pmbus_invalid_write                    
00000be8  _pmbus_read_write_invalid_command       
00000c10  _send_string                            
00000ca0  _pmbus_read_write_debug_buffer          
00000cc8  _pmbus_write_gui_constant               
00000ce0  _pmbus_read_write_user_ram_00           
00000d08  _pmbus_write_rom_mode                   
00000d30  _pmbus_read_write_rom_mode              
00000d5c  _pmbus_read_write_parm_info             
00000d84  _pmbus_read_write_parm_value            
00000dac  _pmbus_read_write_pmbus_revision        
00000ddc  _pmbus_read_write_capability            
00000e0c  _init_pmbus                             
00000f00  _pmbus_handler                          
00000f7c  _pmbus_write_block_handler              
0000119c  _pmbus_idle_handler                     
000014bc  _pmbus_read_block_handler               
000016c0  _pmbus_read_wait_for_eom_handler        
00001790  _pmbus_read_write_frequency_switch      
000017a4  _pmbus_read_write_vout_mode             
000017d4  _pmbus_read_write_vout_transition_rate  
000017e8  _pmbus_read_write_vout_command          
000017fc  _pmbus_read_write_ton_rise              
00001810  _pmbus_read_write_clear_faults          
00001824  _pmbus_read_write_vout_ov_fault_limit   
00001838  _pmbus_read_write_vout_ov_warn_limit    
0000184c  _pmbus_read_write_vout_uv_fault_limit   
00001860  _pmbus_read_write_vout_uv_fault_response
00001874  _pmbus_read_write_vout_uv_warn_limit    
00001888  _pmbus_read_write_oc_fault_response     
0000189c  _pmbus_read_write_iout_oc_fault_limit   
000018b0  _pmbus_read_write_iout_oc_warn_limit    
000018c4  _pmbus_read_write_temp_ot_fault_limit   
000018d8  _pmbus_read_write_temp_ot_warn_limit    
000018ec  _pmbus_read_write_vin_ov_fault_limit    
00001900  _pmbus_read_write_vin_ov_warn_limit     
00001914  _pmbus_read_write_vin_uv_fault_limit    
00001928  _pmbus_read_write_vin_uv_warn_limit     
0000193c  _pmbus_read_write_iin_oc_fault_limit    
00001950  _pmbus_read_write_iin_oc_warn_limit     
00001964  _pmbus_read_write_pgood_on_limit        
00001978  _pmbus_read_write_pgood_off_limit       
0000198c  _pmbus_read_write_vout                  
000019a0  _pmbus_read_write_vin                   
000019b4  _pmbus_read_write_iout                  
000019c8  _pmbus_read_write_temp_mosfet           
000019dc  _pmbus_read_write_temp_device           
000019f0  _pmbus_read_write_frequency             
00001a04  _pmbus_read_write_restore_default_all   
00001a18  _pmbus_read_write_store_default_all     
00001a2c  _pmbus_read_write_ishare_configure      
00001a40  _pmbus_read_write_pfc_phase_2_enable    
00001a54  _pmbus_read_write_pfc_zvs_enable        
00001a68  _pmbus_read_write_pfc_os_enable         
00001a7c  _pmbus_read_write_llc_sr_enable         
00001a90  _pmbus_read_write_deadband_config       
00001aa4  _pmbus_read_write_mode_switching_config 
00001ab8  _pmbus_read_write_light_load_config     
00001acc  _pmbus_read_write_cpcc_config           
00001ae0  _pmbus_read_write_filter_select         
00001af4  _pmbus_read_write_filter_gains          
00001b08  _pmbus_read_write_status_bit_mask       
00001b1c  _pmbus_read_write_status_byte           
00001b30  _pmbus_read_write_status_word           
00001b44  _pmbus_read_write_vin_on_limit          
00001b58  _pmbus_read_write_vin_off_limit         
00001b6c  _get_pmbus_address                      
00001bdc  _software_interrupt                     
00001fc4  _erase_data_flash_segment               
00001fe8  _erase_dflash_segment_no_delay          
0000200c  _write_data_flash_word                  
00002034  _enable_fast_interrupt                  
00002054  _disable_fast_interrupt                 
00002074  _enable_interrupt                       
00002094  _disable_interrupt                      
000020b4  _write_firqpr                           
000020d8  _write_reqmask                          
000020fc  _set_supervisor_mode                    
0000211c  _set_user_mode                          
0000213c  _clear_integrity_word                   
0000215c  _write_data_flash_block                 
00002188  _erase_pflash                           
00002280  _clear_program_flash                    
000022a8  _zero_out_integrity_word                
00002320  _main                                   
0000234c  _c_int00                                
00002368  _pmbus_read_write_message               
000023a8  _strcpy                                 
000023c4  _undefined_instruction_exception        
000023c8  _abort_prefetch_exception               
000023cc  _abort_data_fetch_exception             
000023d0  _fast_interrupt                         
000023d4  _standard_interrupt                     
000023e8  ___etext__                              
000023e8  etext                                   
000023f0  _pmbus_commands                         
000025a0  _pmbus_index_array                      
000026a0  _status_bit_mask                        
000026ac  _setup_id                               
000026bc  _mfr_model                              
000026d0  _mfr_revision                           
000026d4  _mfr_date                               
000026dc  _mfr_location                           
000026e8  _mfr_serial                             
000026f0  _mfr_ic_device                          
000026fc  _mfr_ic_device_rev                      
00002700  _mfr_id                                 
00002704  _parm_mem_start                         
00002750  _debug_0_text                           
00002758  _debug_1_text                           
00002760  _debug_2_text                           
00002768  _debug_3_text                           
00002770  _debug_4_text                           
00002778  _debug_5_text                           
00002780  _debug_6_text                           
00002788  _debug_7_text                           
00002790  _na_text                                
00002794  _yes_text                               
00002798  _cmd_dcdc_paged                         
000027b8  _cmd_dcdc_nonpaged                      
000027d8  _parm_mem_length                        
00007f58  _device_id_string                       
0001901c  .bss                                    
0001901c  ___bss__                                
0001901c  _xn_bins                                
0001911c  _program_area                           
0001919c  _zoiw_address                           
000191a0  _zoiw_flash_key                         
000191a4  _loop_counter                           
000191a8  _number_of_samples                      
000191ac  _start_monitor                          
000191b0  _flash_write_status                     
000191b1  _status_cml                             
000191b2  _gui_constant_pointer                   
000191b3  _user_ram_00                            
000191b4  _parm_index                             
000191b6  _parm_offset                            
000191b8  _parm_count                             
000191b9  _parm_size                              
000191ba  _pmbus_state                            
000191bb  _pmbus_number_of_bytes                  
000191bc  _pmbus_buffer_position                  
000191be  _pmbus_status_half_word_0_value         
000191c0  _pmbus_status_half_word_0_value_ored    
000191c4  _pmbus_watchdog_timer                   
000191c8  _pmbus_pec_valid                        
000191cc  _pmbus_pec_buffer                       
000191d8  _pmbus_pec_buffer_number_of_bytes       
000191dc  _debug_buffer                           
000191e4  _page                                   
000191e5  _pmbus_status_temperature               
000191e6  _pmbus_status_input                     
000191e7  _pmbus_status_cml                       
000191e8  _pmbus_status_fans_1_2                  
000191e9  _pmbus_status_fans_3_4                  
000191ea  _pmbus_status_word                      
000191ec  _second_pmbus_status_word               
000191ee  _setup_id_length                        
000191f0  _A_string                               
00019204  _pmbus_buffer                           
00019238  ___end__                                
00019238  end                                     
00019f24  _StackUSER_                             
00019f94  _StackFIQ_                              
00019fe8  _StackIRQ_                              
00019fec  _StackABORT_                            
00019ff0  _StackUND_                              
00019ffc  _StackSUPER_                            
00020000  _LoopMuxRegs                            
00030000  _FaultMuxRegs                           
00040000  _AdcRegs                                
00050000  _Dpwm3Regs                              
00060000  _Filter2Regs                            
00070000  _Dpwm2Regs                              
00080000  _FeCtrl2Regs                            
00090000  _Filter1Regs                            
000a0000  _Dpwm1Regs                              
000b0000  _FeCtrl1Regs                            
000c0000  _Filter0Regs                            
000d0000  _Dpwm0Regs                              
000e0000  _FeCtrl0Regs                            
fff7ec00  _Uart0Regs                              
fff7ed00  _Uart1Regs                              
fff7f000  _MiscAnalogRegs                         
fff7f600  _PMBusRegs                              
fff7fa00  _GioRegs                                
fff7fd00  _TimerRegs                              
ffffa4dc  rom_main                                
fffffd00  _MmcRegs                                
fffffe00  _DecRegs                                
ffffff20  _CimRegs                                
ffffffd0  _SysRegs                                
ffffffff  ___binit__                              
ffffffff  ___c_args__                             
ffffffff  ___cinit__                              
ffffffff  ___pinit__                              
ffffffff  binit                                   
ffffffff  cinit                                   
ffffffff  pinit                                   

[217 symbols]
