******************************************************************************
                  TI ARM Linker PC v5.2.9                      
******************************************************************************
>> Linked Fri Jun 14 16:17:49 2024

OUTPUT FILE NAME:   <UCD3138_IBC_UCD3138A.out>
ENTRY POINT SYMBOL: "_c_int00"  address: 00000ef0


MEMORY CONFIGURATION

         name            origin    length      used     unused   attr    fill
----------------------  --------  ---------  --------  --------  ----  --------
  VECS                  00000000   00000020  00000020  00000000  RWIX
  PFLASH                00000020   00007f38  00001306  00006c32  R  X
  DEVICEID              00007f58   00000020  0000001f  00000001  R  X
  FIXTFA                00007f78   00000004  00000000  00000004  R  X
  FIXCONST              00007f7c   00000080  00000000  00000080  R  X
  FLASHSUM              00007ffc   00000004  00000000  00000004  R  X
  ROM                   0000a020   00000be0  00000000  00000be0  RWIX
  SINE                  0000ac00   00000282  00000000  00000282  RWIX
  EXP                   0000ae82   0000007a  00000000  0000007a  RWIX
  DFLASH                00018800   00000800  00000000  00000800  R  X
  TESTER                00019000   0000001c  00000000  0000001c  RW  
  RAM                   0001901c   00000e50  00000208  00000c48  RW  
  STACKS                00019e6c   00000190  00000000  00000190  RW  
  ROMLOCK               00019ffc   00000004  00000000  00000004  RW  
  LOOP_MUX              00020000   00000090  00000090  00000000  RWIX
  FAULT_MUX             00030000   00000080  00000080  00000000  RWIX
  ADC                   00040000   00000098  00000098  00000000  RWIX
  DPWM3                 00050000   00000090  00000090  00000000  RWIX
  FILTER2               00060000   00000064  00000064  00000000  RWIX
  DPWM2                 00070000   00000090  00000090  00000000  RWIX
  FE_CTRL2              00080000   00000044  00000044  00000000  RWIX
  FILTER1               00090000   00000064  00000064  00000000  RWIX
  DPWM1                 000a0000   00000090  00000090  00000000  RWIX
  FE_CTRL1              000b0000   00000044  00000044  00000000  RWIX
  FILTER0               000c0000   00000064  00000064  00000000  RWIX
  DPWM0                 000d0000   00000090  00000090  00000000  RWIX
  FE_CTRL0              000e0000   00000044  00000044  00000000  RWIX
  UART0                 fff7ec00   00000050  00000050  00000000  RWIX
  UART1                 fff7ed00   00000050  00000050  00000000  RWIX
  MISC_ANALOG           fff7f000   0000004c  00000048  00000004  RWIX
  PMBUS                 fff7f600   00000024  00000024  00000000  RWIX
  GIO                   fff7fa00   00000040  00000040  00000000  RWIX
  TIMER                 fff7fd00   0000009c  0000009c  00000000  RWIX
  MMC                   fffffd00   0000003c  0000003c  00000000  RWIX
  DEC                   fffffe00   0000009c  0000009c  00000000  RWIX
  CIM                   ffffff20   00000018  00000018  00000000  RWIX
  SYS                   ffffffd0   00000030  00000030  00000000  RWIX


SECTION ALLOCATION MAP

 output                                  attributes/
section   page    origin      length       input sections
--------  ----  ----------  ----------   ----------------
.vectors   0    00000000    00000020     
                  00000000    00000020     load_UCD3138A.obj (.vectors)

.text      0    00000020    00000ef8     
                  00000020    00000550     pmbus_common.obj (.text)
                  00000570    000002a8     software_interrupt.obj (.text:retain)
                  00000818    0000029c     pmbus_driver.obj (.text)
                  00000ab4    0000019c     software_interrupt_wrapper.obj (.text)
                  00000c50    00000110     pmbus_topology.obj (.text)
                  00000d60    000000d8     load_UCD3138A.obj (.text)
                  00000e38    00000080     clear_program_flash.obj (.text)
                  00000eb8    00000028     pmbus_command_indexes.obj (.text)
                  00000ee0    00000014     main.obj (.text)
                  00000ef4    00000010     interrupts.obj (.text:retain)
                  00000f04    00000004     standard_interrupt.obj (.text:retain)
                  00000f08    00000010     software_interrupt_wrapper.obj (.tramp._clear_integrity_word.1)

.const     0    00000f20    0000040e     
                  00000f20    000001b0     pmbus_command_indexes.obj (.const:_pmbus_commands)
                  000010d0    00000100     pmbus_command_indexes.obj (.const:.string:_pmbus_index_array)
                  000011d0    00000063     pmbus_topology.obj (.const:.string)
                  00001233    00000001     --HOLE-- [fill = 0]
                  00001234    0000004c     pmbus_common.obj (.const:_parm_mem_start)
                  00001280    00000048     pmbus_common.obj (.const:.string)
                  000012c8    00000040     pmbus_command_indexes.obj (.const:.string)
                  00001308    00000026     pmbus_common.obj (.const:_parm_mem_length)

FixedDeviceID 
*          0    00007f58    0000001f     
                  00007f58    0000001f     pmbus_topology.obj (FixedDeviceID)

.bss       0    0001901c    00000208     UNINITIALIZED
                  0001901c    00000100     main.obj (.bss:_xn_bins)
                  0001911c    00000080     main.obj (.bss:_program_area)
                  0001919c    00000053     main.obj (.bss)
                  000191ef    00000001     --HOLE--
                  000191f0    00000034     main.obj (.bss:_pmbus_buffer)

.stack     0    00019e6c    00000000     UNINITIALIZED

LoopMuxRegsFile 
*          0    00020000    00000090     UNINITIALIZED
                  00020000    00000090     cyclone_global_variables_defs.obj (LoopMuxRegsFile)

FaultMuxRegsFile 
*          0    00030000    00000080     UNINITIALIZED
                  00030000    00000080     cyclone_global_variables_defs.obj (FaultMuxRegsFile)

AdcRegsFile 
*          0    00040000    00000098     UNINITIALIZED
                  00040000    00000098     cyclone_global_variables_defs.obj (AdcRegsFile)

Dpwm3RegsFile 
*          0    00050000    00000090     UNINITIALIZED
                  00050000    00000090     cyclone_global_variables_defs.obj (Dpwm3RegsFile)

Filter2RegsFile 
*          0    00060000    00000064     UNINITIALIZED
                  00060000    00000064     cyclone_global_variables_defs.obj (Filter2RegsFile)

Dpwm2RegsFile 
*          0    00070000    00000090     UNINITIALIZED
                  00070000    00000090     cyclone_global_variables_defs.obj (Dpwm2RegsFile)

FeCtrl2RegsFile 
*          0    00080000    00000044     UNINITIALIZED
                  00080000    00000044     cyclone_global_variables_defs.obj (FeCtrl2RegsFile)

Filter1RegsFile 
*          0    00090000    00000064     UNINITIALIZED
                  00090000    00000064     cyclone_global_variables_defs.obj (Filter1RegsFile)

Dpwm1RegsFile 
*          0    000a0000    00000090     UNINITIALIZED
                  000a0000    00000090     cyclone_global_variables_defs.obj (Dpwm1RegsFile)

FeCtrl1RegsFile 
*          0    000b0000    00000044     UNINITIALIZED
                  000b0000    00000044     cyclone_global_variables_defs.obj (FeCtrl1RegsFile)

Filter0RegsFile 
*          0    000c0000    00000064     UNINITIALIZED
                  000c0000    00000064     cyclone_global_variables_defs.obj (Filter0RegsFile)

Dpwm0RegsFile 
*          0    000d0000    00000090     UNINITIALIZED
                  000d0000    00000090     cyclone_global_variables_defs.obj (Dpwm0RegsFile)

FeCtrl0RegsFile 
*          0    000e0000    00000044     UNINITIALIZED
                  000e0000    00000044     cyclone_global_variables_defs.obj (FeCtrl0RegsFile)

Uart0RegsFile 
*          0    fff7ec00    00000050     UNINITIALIZED
                  fff7ec00    00000050     cyclone_global_variables_defs.obj (Uart0RegsFile)

Uart1RegsFile 
*          0    fff7ed00    00000050     UNINITIALIZED
                  fff7ed00    00000050     cyclone_global_variables_defs.obj (Uart1RegsFile)

MiscAnalogRegsFile 
*          0    fff7f000    00000048     UNINITIALIZED
                  fff7f000    00000048     cyclone_global_variables_defs.obj (MiscAnalogRegsFile)

PMBusRegsFile 
*          0    fff7f600    00000024     UNINITIALIZED
                  fff7f600    00000024     cyclone_global_variables_defs.obj (PMBusRegsFile)

GioRegsFile 
*          0    fff7fa00    00000040     UNINITIALIZED
                  fff7fa00    00000040     cyclone_global_variables_defs.obj (GioRegsFile)

TimerRegsFile 
*          0    fff7fd00    0000009c     UNINITIALIZED
                  fff7fd00    0000009c     cyclone_global_variables_defs.obj (TimerRegsFile)

MmcRegsFile 
*          0    fffffd00    0000003c     UNINITIALIZED
                  fffffd00    0000003c     cyclone_global_variables_defs.obj (MmcRegsFile)

DecRegsFile 
*          0    fffffe00    0000009c     UNINITIALIZED
                  fffffe00    0000009c     cyclone_global_variables_defs.obj (DecRegsFile)

CimRegsFile 
*          0    ffffff20    00000018     UNINITIALIZED
                  ffffff20    00000018     cyclone_global_variables_defs.obj (CimRegsFile)

SysRegsFile 
*          0    ffffffd0    00000030     UNINITIALIZED
                  ffffffd0    00000030     cyclone_global_variables_defs.obj (SysRegsFile)

.cinit     0    00000020    00000000     UNINITIALIZED

VENEERS

callee name               veneer name
   callee addr  veneer addr  call addr  call info
--------------  -----------  ---------  ----------------
_clear_integrity_word     $Ven$TA$L$PI$$_clear_integrity_word
   00000c30     00000f08     00000078   pmbus_common.obj (.text)

[1 trampolines]
[1 trampoline calls]


GLOBAL SYMBOLS: SORTED ALPHABETICALLY BY Name 

address   name                                    
-------   ----                                    
0001901c  .bss                                    
00000020  .text                                   
00040000  _AdcRegs                                
ffffff20  _CimRegs                                
fffffe00  _DecRegs                                
000d0000  _Dpwm0Regs                              
000a0000  _Dpwm1Regs                              
00070000  _Dpwm2Regs                              
00050000  _Dpwm3Regs                              
00030000  _FaultMuxRegs                           
000e0000  _FeCtrl0Regs                            
000b0000  _FeCtrl1Regs                            
00080000  _FeCtrl2Regs                            
000c0000  _Filter0Regs                            
00090000  _Filter1Regs                            
00060000  _Filter2Regs                            
fff7fa00  _GioRegs                                
00020000  _LoopMuxRegs                            
fff7f000  _MiscAnalogRegs                         
fffffd00  _MmcRegs                                
fff7f600  _PMBusRegs                              
00019fec  _StackABORT_                            
00019f94  _StackFIQ_                              
00019fe8  _StackIRQ_                              
00019ffc  _StackSUPER_                            
00019ff0  _StackUND_                              
00019f24  _StackUSER_                             
ffffffd0  _SysRegs                                
fff7fd00  _TimerRegs                              
fff7ec00  _Uart0Regs                              
fff7ed00  _Uart1Regs                              
ffffffff  ___binit__                              
0001901c  ___bss__                                
ffffffff  ___c_args__                             
ffffffff  ___cinit__                              
00019224  ___end__                                
00000f18  ___etext__                              
ffffffff  ___pinit__                              
00000020  ___text__                               
00000f00  _abort_data_fetch_exception             
00000efc  _abort_prefetch_exception               
00000ef0  _c_int00                                
00000c30  _clear_integrity_word                   
00000e84  _clear_program_flash                    
000012e8  _cmd_dcdc_nonpaged                      
000012c8  _cmd_dcdc_paged                         
00001280  _debug_0_text                           
00001288  _debug_1_text                           
00001290  _debug_2_text                           
00001298  _debug_3_text                           
000012a0  _debug_4_text                           
000012a8  _debug_5_text                           
000012b0  _debug_6_text                           
000012b8  _debug_7_text                           
000191dc  _debug_buffer                           
00007f58  _device_id_string                       
00000c10  _disable_fast_interrupt                 
00000bf0  _disable_interrupt                      
00000bd0  _enable_fast_interrupt                  
00000bb0  _enable_interrupt                       
00000b94  _erase_data_flash_segment               
00000b78  _erase_dflash_segment_no_delay          
00000b58  _erase_pflash                           
00000ef8  _fast_interrupt                         
000191b0  _flash_write_status                     
00000d28  _get_pmbus_address                      
000191b2  _gui_constant_pointer                   
00000508  _init_pmbus                             
000191a4  _loop_counter                           
00000ee0  _main                                   
00001204  _mfr_date                               
00001220  _mfr_ic_device                          
0000122c  _mfr_ic_device_rev                      
00001230  _mfr_id                                 
0000120c  _mfr_location                           
000011ec  _mfr_model                              
00001200  _mfr_revision                           
00001218  _mfr_serial                             
000012c0  _na_text                                
000191a8  _number_of_samples                      
000191e4  _page                                   
000191b8  _parm_count                             
000191b4  _parm_index                             
00001308  _parm_mem_length                        
00001234  _parm_mem_start                         
000191b6  _parm_offset                            
000191b9  _parm_size                              
000191f0  _pmbus_buffer                           
000191bc  _pmbus_buffer_position                  
00000f20  _pmbus_commands                         
00000a5c  _pmbus_handler                          
00000988  _pmbus_idle_handler                     
000010d0  _pmbus_index_array                      
000000b0  _pmbus_invalid_read                     
00000124  _pmbus_invalid_write                    
000191bb  _pmbus_number_of_bytes                  
000191cc  _pmbus_pec_buffer                       
000191d8  _pmbus_pec_buffer_number_of_bytes       
000191c8  _pmbus_pec_valid                        
000008d8  _pmbus_read_block_handler               
00000114  _pmbus_read_one_byte_handler            
000004f4  _pmbus_read_two_byte_handler            
000008b0  _pmbus_read_wait_for_eom_handler        
000004d8  _pmbus_read_write_capability            
00000d24  _pmbus_read_write_clear_faults          
00000490  _pmbus_read_write_cmd_dcdc_nonpaged     
0000045c  _pmbus_read_write_cmd_dcdc_paged        
00000d20  _pmbus_read_write_cpcc_config           
00000d1c  _pmbus_read_write_deadband_config       
00000428  _pmbus_read_write_debug_buffer          
0000040c  _pmbus_read_write_device_id             
00000d18  _pmbus_read_write_filter_gains          
00000d14  _pmbus_read_write_filter_select         
00000d10  _pmbus_read_write_frequency             
00000d0c  _pmbus_read_write_frequency_switch      
00000d08  _pmbus_read_write_iin_oc_fault_limit    
00000d04  _pmbus_read_write_iin_oc_warn_limit     
000003f0  _pmbus_read_write_invalid_command       
00000d00  _pmbus_read_write_iout                  
00000cfc  _pmbus_read_write_iout_oc_fault_limit   
00000cf8  _pmbus_read_write_iout_oc_warn_limit    
00000cf4  _pmbus_read_write_ishare_configure      
00000cf0  _pmbus_read_write_light_load_config     
00000cec  _pmbus_read_write_llc_sr_enable         
00000eb8  _pmbus_read_write_message               
000003d4  _pmbus_read_write_mfr_date              
000003b0  _pmbus_read_write_mfr_ic_device         
00000390  _pmbus_read_write_mfr_ic_device_rev     
00000370  _pmbus_read_write_mfr_id                
00000354  _pmbus_read_write_mfr_location          
00000338  _pmbus_read_write_mfr_model             
0000031c  _pmbus_read_write_mfr_revision          
00000300  _pmbus_read_write_mfr_serial            
000002e4  _pmbus_read_write_mfr_setup_id          
00000ce8  _pmbus_read_write_mode_switching_config 
00000ce4  _pmbus_read_write_oc_fault_response     
00000268  _pmbus_read_write_parm_info             
00000144  _pmbus_read_write_parm_value            
00000ce0  _pmbus_read_write_pfc_os_enable         
00000cdc  _pmbus_read_write_pfc_phase_2_enable    
00000cd8  _pmbus_read_write_pfc_zvs_enable        
00000cd4  _pmbus_read_write_pgood_off_limit       
00000cd0  _pmbus_read_write_pgood_on_limit        
00000128  _pmbus_read_write_pmbus_revision        
00000ccc  _pmbus_read_write_restore_default_all   
000000fc  _pmbus_read_write_rom_mode              
00000cc8  _pmbus_read_write_status_bit_mask       
00000cc4  _pmbus_read_write_status_byte           
00000cc0  _pmbus_read_write_status_word           
00000cbc  _pmbus_read_write_store_default_all     
00000cb8  _pmbus_read_write_temp_device           
00000cb4  _pmbus_read_write_temp_mosfet           
00000cb0  _pmbus_read_write_temp_ot_fault_limit   
00000cac  _pmbus_read_write_temp_ot_warn_limit    
00000ca8  _pmbus_read_write_ton_rise              
00000094  _pmbus_read_write_user_ram_00           
00000ca4  _pmbus_read_write_vin                   
00000ca0  _pmbus_read_write_vin_off_limit         
00000c9c  _pmbus_read_write_vin_on_limit          
00000c98  _pmbus_read_write_vin_ov_fault_limit    
00000c94  _pmbus_read_write_vin_ov_warn_limit     
00000c90  _pmbus_read_write_vin_uv_fault_limit    
00000c8c  _pmbus_read_write_vin_uv_warn_limit     
00000c88  _pmbus_read_write_vout                  
00000c84  _pmbus_read_write_vout_command          
00000c68  _pmbus_read_write_vout_mode             
00000c64  _pmbus_read_write_vout_ov_fault_limit   
00000c60  _pmbus_read_write_vout_ov_warn_limit    
00000c5c  _pmbus_read_write_vout_transition_rate  
00000c58  _pmbus_read_write_vout_uv_fault_limit   
00000c54  _pmbus_read_write_vout_uv_fault_response
00000c50  _pmbus_read_write_vout_uv_warn_limit    
000191ba  _pmbus_state                            
000191e7  _pmbus_status_cml                       
000191e8  _pmbus_status_fans_1_2                  
000191e9  _pmbus_status_fans_3_4                  
000191be  _pmbus_status_half_word_0_value         
000191c0  _pmbus_status_half_word_0_value_ored    
000191e6  _pmbus_status_input                     
000191e5  _pmbus_status_temperature               
000191ea  _pmbus_status_word                      
000191c4  _pmbus_watchdog_timer                   
00000818  _pmbus_write_block_handler              
00000088  _pmbus_write_gui_constant               
0000006c  _pmbus_write_rom_mode                   
0001911c  _program_area                           
000191ec  _second_pmbus_status_word               
00000048  _send_string                            
00000b38  _set_supervisor_mode                    
00000b18  _set_user_mode                          
000011dc  _setup_id                               
000191ee  _setup_id_length                        
00000570  _software_interrupt                     
00000f04  _standard_interrupt                     
000191ac  _start_monitor                          
000011d0  _status_bit_mask                        
000191b1  _status_cml                             
00000ef4  _undefined_instruction_exception        
000191b3  _user_ram_00                            
00000020  _watchdog_reset                         
00000b04  _write_data_flash_block                 
00000aec  _write_data_flash_word                  
00000ad0  _write_firqpr                           
00000ab4  _write_reqmask                          
0001901c  _xn_bins                                
000012c4  _yes_text                               
00000e38  _zero_out_integrity_word                
0001919c  _zoiw_address                           
000191a0  _zoiw_flash_key                         
ffffffff  binit                                   
ffffffff  cinit                                   
00019224  end                                     
00000f18  etext                                   
ffffffff  pinit                                   
ffffa4dc  rom_main                                


GLOBAL SYMBOLS: SORTED BY Symbol Address 

address   name                                    
-------   ----                                    
00000020  .text                                   
00000020  ___text__                               
00000020  _watchdog_reset                         
00000048  _send_string                            
0000006c  _pmbus_write_rom_mode                   
00000088  _pmbus_write_gui_constant               
00000094  _pmbus_read_write_user_ram_00           
000000b0  _pmbus_invalid_read                     
000000fc  _pmbus_read_write_rom_mode              
00000114  _pmbus_read_one_byte_handler            
00000124  _pmbus_invalid_write                    
00000128  _pmbus_read_write_pmbus_revision        
00000144  _pmbus_read_write_parm_value            
00000268  _pmbus_read_write_parm_info             
000002e4  _pmbus_read_write_mfr_setup_id          
00000300  _pmbus_read_write_mfr_serial            
0000031c  _pmbus_read_write_mfr_revision          
00000338  _pmbus_read_write_mfr_model             
00000354  _pmbus_read_write_mfr_location          
00000370  _pmbus_read_write_mfr_id                
00000390  _pmbus_read_write_mfr_ic_device_rev     
000003b0  _pmbus_read_write_mfr_ic_device         
000003d4  _pmbus_read_write_mfr_date              
000003f0  _pmbus_read_write_invalid_command       
0000040c  _pmbus_read_write_device_id             
00000428  _pmbus_read_write_debug_buffer          
0000045c  _pmbus_read_write_cmd_dcdc_paged        
00000490  _pmbus_read_write_cmd_dcdc_nonpaged     
000004d8  _pmbus_read_write_capability            
000004f4  _pmbus_read_two_byte_handler            
00000508  _init_pmbus                             
00000570  _software_interrupt                     
00000818  _pmbus_write_block_handler              
000008b0  _pmbus_read_wait_for_eom_handler        
000008d8  _pmbus_read_block_handler               
00000988  _pmbus_idle_handler                     
00000a5c  _pmbus_handler                          
00000ab4  _write_reqmask                          
00000ad0  _write_firqpr                           
00000aec  _write_data_flash_word                  
00000b04  _write_data_flash_block                 
00000b18  _set_user_mode                          
00000b38  _set_supervisor_mode                    
00000b58  _erase_pflash                           
00000b78  _erase_dflash_segment_no_delay          
00000b94  _erase_data_flash_segment               
00000bb0  _enable_interrupt                       
00000bd0  _enable_fast_interrupt                  
00000bf0  _disable_interrupt                      
00000c10  _disable_fast_interrupt                 
00000c30  _clear_integrity_word                   
00000c50  _pmbus_read_write_vout_uv_warn_limit    
00000c54  _pmbus_read_write_vout_uv_fault_response
00000c58  _pmbus_read_write_vout_uv_fault_limit   
00000c5c  _pmbus_read_write_vout_transition_rate  
00000c60  _pmbus_read_write_vout_ov_warn_limit    
00000c64  _pmbus_read_write_vout_ov_fault_limit   
00000c68  _pmbus_read_write_vout_mode             
00000c84  _pmbus_read_write_vout_command          
00000c88  _pmbus_read_write_vout                  
00000c8c  _pmbus_read_write_vin_uv_warn_limit     
00000c90  _pmbus_read_write_vin_uv_fault_limit    
00000c94  _pmbus_read_write_vin_ov_warn_limit     
00000c98  _pmbus_read_write_vin_ov_fault_limit    
00000c9c  _pmbus_read_write_vin_on_limit          
00000ca0  _pmbus_read_write_vin_off_limit         
00000ca4  _pmbus_read_write_vin                   
00000ca8  _pmbus_read_write_ton_rise              
00000cac  _pmbus_read_write_temp_ot_warn_limit    
00000cb0  _pmbus_read_write_temp_ot_fault_limit   
00000cb4  _pmbus_read_write_temp_mosfet           
00000cb8  _pmbus_read_write_temp_device           
00000cbc  _pmbus_read_write_store_default_all     
00000cc0  _pmbus_read_write_status_word           
00000cc4  _pmbus_read_write_status_byte           
00000cc8  _pmbus_read_write_status_bit_mask       
00000ccc  _pmbus_read_write_restore_default_all   
00000cd0  _pmbus_read_write_pgood_on_limit        
00000cd4  _pmbus_read_write_pgood_off_limit       
00000cd8  _pmbus_read_write_pfc_zvs_enable        
00000cdc  _pmbus_read_write_pfc_phase_2_enable    
00000ce0  _pmbus_read_write_pfc_os_enable         
00000ce4  _pmbus_read_write_oc_fault_response     
00000ce8  _pmbus_read_write_mode_switching_config 
00000cec  _pmbus_read_write_llc_sr_enable         
00000cf0  _pmbus_read_write_light_load_config     
00000cf4  _pmbus_read_write_ishare_configure      
00000cf8  _pmbus_read_write_iout_oc_warn_limit    
00000cfc  _pmbus_read_write_iout_oc_fault_limit   
00000d00  _pmbus_read_write_iout                  
00000d04  _pmbus_read_write_iin_oc_warn_limit     
00000d08  _pmbus_read_write_iin_oc_fault_limit    
00000d0c  _pmbus_read_write_frequency_switch      
00000d10  _pmbus_read_write_frequency             
00000d14  _pmbus_read_write_filter_select         
00000d18  _pmbus_read_write_filter_gains          
00000d1c  _pmbus_read_write_deadband_config       
00000d20  _pmbus_read_write_cpcc_config           
00000d24  _pmbus_read_write_clear_faults          
00000d28  _get_pmbus_address                      
00000e38  _zero_out_integrity_word                
00000e84  _clear_program_flash                    
00000eb8  _pmbus_read_write_message               
00000ee0  _main                                   
00000ef0  _c_int00                                
00000ef4  _undefined_instruction_exception        
00000ef8  _fast_interrupt                         
00000efc  _abort_prefetch_exception               
00000f00  _abort_data_fetch_exception             
00000f04  _standard_interrupt                     
00000f18  ___etext__                              
00000f18  etext                                   
00000f20  _pmbus_commands                         
000010d0  _pmbus_index_array                      
000011d0  _status_bit_mask                        
000011dc  _setup_id                               
000011ec  _mfr_model                              
00001200  _mfr_revision                           
00001204  _mfr_date                               
0000120c  _mfr_location                           
00001218  _mfr_serial                             
00001220  _mfr_ic_device                          
0000122c  _mfr_ic_device_rev                      
00001230  _mfr_id                                 
00001234  _parm_mem_start                         
00001280  _debug_0_text                           
00001288  _debug_1_text                           
00001290  _debug_2_text                           
00001298  _debug_3_text                           
000012a0  _debug_4_text                           
000012a8  _debug_5_text                           
000012b0  _debug_6_text                           
000012b8  _debug_7_text                           
000012c0  _na_text                                
000012c4  _yes_text                               
000012c8  _cmd_dcdc_paged                         
000012e8  _cmd_dcdc_nonpaged                      
00001308  _parm_mem_length                        
00007f58  _device_id_string                       
0001901c  .bss                                    
0001901c  ___bss__                                
0001901c  _xn_bins                                
0001911c  _program_area                           
0001919c  _zoiw_address                           
000191a0  _zoiw_flash_key                         
000191a4  _loop_counter                           
000191a8  _number_of_samples                      
000191ac  _start_monitor                          
000191b0  _flash_write_status                     
000191b1  _status_cml                             
000191b2  _gui_constant_pointer                   
000191b3  _user_ram_00                            
000191b4  _parm_index                             
000191b6  _parm_offset                            
000191b8  _parm_count                             
000191b9  _parm_size                              
000191ba  _pmbus_state                            
000191bb  _pmbus_number_of_bytes                  
000191bc  _pmbus_buffer_position                  
000191be  _pmbus_status_half_word_0_value         
000191c0  _pmbus_status_half_word_0_value_ored    
000191c4  _pmbus_watchdog_timer                   
000191c8  _pmbus_pec_valid                        
000191cc  _pmbus_pec_buffer                       
000191d8  _pmbus_pec_buffer_number_of_bytes       
000191dc  _debug_buffer                           
000191e4  _page                                   
000191e5  _pmbus_status_temperature               
000191e6  _pmbus_status_input                     
000191e7  _pmbus_status_cml                       
000191e8  _pmbus_status_fans_1_2                  
000191e9  _pmbus_status_fans_3_4                  
000191ea  _pmbus_status_word                      
000191ec  _second_pmbus_status_word               
000191ee  _setup_id_length                        
000191f0  _pmbus_buffer                           
00019224  ___end__                                
00019224  end                                     
00019f24  _StackUSER_                             
00019f94  _StackFIQ_                              
00019fe8  _StackIRQ_                              
00019fec  _StackABORT_                            
00019ff0  _StackUND_                              
00019ffc  _StackSUPER_                            
00020000  _LoopMuxRegs                            
00030000  _FaultMuxRegs                           
00040000  _AdcRegs                                
00050000  _Dpwm3Regs                              
00060000  _Filter2Regs                            
00070000  _Dpwm2Regs                              
00080000  _FeCtrl2Regs                            
00090000  _Filter1Regs                            
000a0000  _Dpwm1Regs                              
000b0000  _FeCtrl1Regs                            
000c0000  _Filter0Regs                            
000d0000  _Dpwm0Regs                              
000e0000  _FeCtrl0Regs                            
fff7ec00  _Uart0Regs                              
fff7ed00  _Uart1Regs                              
fff7f000  _MiscAnalogRegs                         
fff7f600  _PMBusRegs                              
fff7fa00  _GioRegs                                
fff7fd00  _TimerRegs                              
ffffa4dc  rom_main                                
fffffd00  _MmcRegs                                
fffffe00  _DecRegs                                
ffffff20  _CimRegs                                
ffffffd0  _SysRegs                                
ffffffff  ___binit__                              
ffffffff  ___c_args__                             
ffffffff  ___cinit__                              
ffffffff  ___pinit__                              
ffffffff  binit                                   
ffffffff  cinit                                   
ffffffff  pinit                                   

[215 symbols]
