<?xml version="1.0"?>
<link_info>
   <banner>TI ARM Linker PC v5.2.9</banner>
   <copyright>Copyright (c) 1996-2017 Texas Instruments Incorporated</copyright>
   <link_time>0x666bfcad</link_time>
   <link_errors>0x0</link_errors>
   <output_file>UCD3138_IBC_UCD3138A.out</output_file>
   <entry_point>
      <name>_c_int00</name>
      <address>0xef0</address>
   </entry_point>
   <input_file_list>
      <input_file id="fl-2">
         <path>.\</path>
         <kind>object</kind>
         <file>main.obj</file>
         <name>main.obj</name>
      </input_file>
      <input_file id="fl-3">
         <path>.\APP\Defintion\</path>
         <kind>object</kind>
         <file>cyclone_global_variables_defs.obj</file>
         <name>cyclone_global_variables_defs.obj</name>
      </input_file>
      <input_file id="fl-4">
         <path>.\APP\Hardware\</path>
         <kind>object</kind>
         <file>init_dpwms.obj</file>
         <name>init_dpwms.obj</name>
      </input_file>
      <input_file id="fl-5">
         <path>.\APP\Hardware\</path>
         <kind>object</kind>
         <file>init_watchdog.obj</file>
         <name>init_watchdog.obj</name>
      </input_file>
      <input_file id="fl-6">
         <path>.\APP\Interrupt\</path>
         <kind>object</kind>
         <file>interrupts.obj</file>
         <name>interrupts.obj</name>
      </input_file>
      <input_file id="fl-7">
         <path>.\APP\Interrupt\</path>
         <kind>object</kind>
         <file>software_interrupt.obj</file>
         <name>software_interrupt.obj</name>
      </input_file>
      <input_file id="fl-8">
         <path>.\APP\Interrupt\</path>
         <kind>object</kind>
         <file>software_interrupt_wrapper.obj</file>
         <name>software_interrupt_wrapper.obj</name>
      </input_file>
      <input_file id="fl-9">
         <path>.\APP\Interrupt\</path>
         <kind>object</kind>
         <file>standard_interrupt.obj</file>
         <name>standard_interrupt.obj</name>
      </input_file>
      <input_file id="fl-a">
         <path>.\APP\Pmbus\</path>
         <kind>object</kind>
         <file>pmbus_topology.obj</file>
         <name>pmbus_topology.obj</name>
      </input_file>
      <input_file id="fl-b">
         <path>.\Device\UCD3138A\Source\</path>
         <kind>object</kind>
         <file>clear_program_flash.obj</file>
         <name>clear_program_flash.obj</name>
      </input_file>
      <input_file id="fl-c">
         <path>.\Device\UCD3138A\Source\</path>
         <kind>object</kind>
         <file>load_UCD3138A.obj</file>
         <name>load_UCD3138A.obj</name>
      </input_file>
      <input_file id="fl-d">
         <path>.\Driver\Pmbus\</path>
         <kind>object</kind>
         <file>pmbus_command_indexes.obj</file>
         <name>pmbus_command_indexes.obj</name>
      </input_file>
      <input_file id="fl-e">
         <path>.\Driver\Pmbus\</path>
         <kind>object</kind>
         <file>pmbus_common.obj</file>
         <name>pmbus_common.obj</name>
      </input_file>
      <input_file id="fl-f">
         <path>.\Driver\Pmbus\</path>
         <kind>object</kind>
         <file>pmbus_driver.obj</file>
         <name>pmbus_driver.obj</name>
      </input_file>
      <input_file id="fl-136">
         <path>D:\APP\CCS\ccs\tools\compiler\ti-cgt-arm_5.2.9\lib\</path>
         <kind>archive</kind>
         <file>rtsv4_T_be_tiarm9.lib</file>
         <name>copy_decompress_none.obj</name>
      </input_file>
      <input_file id="fl-137">
         <path>D:\APP\CCS\ccs\tools\compiler\ti-cgt-arm_5.2.9\lib\</path>
         <kind>archive</kind>
         <file>rtsv4_T_be_tiarm9.lib</file>
         <name>copy_decompress_rle.obj</name>
      </input_file>
      <input_file id="fl-138">
         <path>D:\APP\CCS\ccs\tools\compiler\ti-cgt-arm_5.2.9\lib\</path>
         <kind>archive</kind>
         <file>rtsv4_T_be_tiarm9.lib</file>
         <name>copy_zero_init.obj</name>
      </input_file>
      <input_file id="fl-139">
         <path>D:\APP\CCS\ccs\tools\compiler\ti-cgt-arm_5.2.9\lib\</path>
         <kind>archive</kind>
         <file>rtsv4_T_be_tiarm9.lib</file>
         <name>memcpy16.obj</name>
      </input_file>
      <input_file id="fl-13a">
         <path>D:\APP\CCS\ccs\tools\compiler\ti-cgt-arm_5.2.9\lib\</path>
         <kind>archive</kind>
         <file>rtsv4_T_be_tiarm9.lib</file>
         <name>memset16.obj</name>
      </input_file>
   </input_file_list>
   <object_component_list>
      <object_component id="oc-4a">
         <name>LoopMuxRegsFile</name>
         <uninitialized>true</uninitialized>
         <run_address>0x20000</run_address>
         <size>0x90</size>
         <input_file_ref idref="fl-3"/>
      </object_component>
      <object_component id="oc-42">
         <name>FaultMuxRegsFile</name>
         <uninitialized>true</uninitialized>
         <run_address>0x30000</run_address>
         <size>0x80</size>
         <input_file_ref idref="fl-3"/>
      </object_component>
      <object_component id="oc-50">
         <name>Uart0RegsFile</name>
         <uninitialized>true</uninitialized>
         <run_address>0xfff7ec00</run_address>
         <size>0x50</size>
         <input_file_ref idref="fl-3"/>
      </object_component>
      <object_component id="oc-51">
         <name>Uart1RegsFile</name>
         <uninitialized>true</uninitialized>
         <run_address>0xfff7ed00</run_address>
         <size>0x50</size>
         <input_file_ref idref="fl-3"/>
      </object_component>
      <object_component id="oc-3b">
         <name>AdcRegsFile</name>
         <uninitialized>true</uninitialized>
         <run_address>0x40000</run_address>
         <size>0x98</size>
         <input_file_ref idref="fl-3"/>
      </object_component>
      <object_component id="oc-41">
         <name>Dpwm3RegsFile</name>
         <uninitialized>true</uninitialized>
         <run_address>0x50000</run_address>
         <size>0x90</size>
         <input_file_ref idref="fl-3"/>
      </object_component>
      <object_component id="oc-49">
         <name>Filter2RegsFile</name>
         <uninitialized>true</uninitialized>
         <run_address>0x60000</run_address>
         <size>0x64</size>
         <input_file_ref idref="fl-3"/>
      </object_component>
      <object_component id="oc-40">
         <name>Dpwm2RegsFile</name>
         <uninitialized>true</uninitialized>
         <run_address>0x70000</run_address>
         <size>0x90</size>
         <input_file_ref idref="fl-3"/>
      </object_component>
      <object_component id="oc-45">
         <name>FeCtrl2RegsFile</name>
         <uninitialized>true</uninitialized>
         <run_address>0x80000</run_address>
         <size>0x44</size>
         <input_file_ref idref="fl-3"/>
      </object_component>
      <object_component id="oc-47">
         <name>Filter1RegsFile</name>
         <uninitialized>true</uninitialized>
         <run_address>0x90000</run_address>
         <size>0x64</size>
         <input_file_ref idref="fl-3"/>
      </object_component>
      <object_component id="oc-3f">
         <name>Dpwm1RegsFile</name>
         <uninitialized>true</uninitialized>
         <run_address>0xa0000</run_address>
         <size>0x90</size>
         <input_file_ref idref="fl-3"/>
      </object_component>
      <object_component id="oc-44">
         <name>FeCtrl1RegsFile</name>
         <uninitialized>true</uninitialized>
         <run_address>0xb0000</run_address>
         <size>0x44</size>
         <input_file_ref idref="fl-3"/>
      </object_component>
      <object_component id="oc-46">
         <name>Filter0RegsFile</name>
         <uninitialized>true</uninitialized>
         <run_address>0xc0000</run_address>
         <size>0x64</size>
         <input_file_ref idref="fl-3"/>
      </object_component>
      <object_component id="oc-3e">
         <name>Dpwm0RegsFile</name>
         <uninitialized>true</uninitialized>
         <run_address>0xd0000</run_address>
         <size>0x90</size>
         <input_file_ref idref="fl-3"/>
      </object_component>
      <object_component id="oc-43">
         <name>FeCtrl0RegsFile</name>
         <uninitialized>true</uninitialized>
         <run_address>0xe0000</run_address>
         <size>0x44</size>
         <input_file_ref idref="fl-3"/>
      </object_component>
      <object_component id="oc-4b">
         <name>MiscAnalogRegsFile</name>
         <uninitialized>true</uninitialized>
         <run_address>0xfff7f000</run_address>
         <size>0x48</size>
         <input_file_ref idref="fl-3"/>
      </object_component>
      <object_component id="oc-4d">
         <name>PMBusRegsFile</name>
         <uninitialized>true</uninitialized>
         <run_address>0xfff7f600</run_address>
         <size>0x24</size>
         <input_file_ref idref="fl-3"/>
      </object_component>
      <object_component id="oc-48">
         <name>GioRegsFile</name>
         <uninitialized>true</uninitialized>
         <run_address>0xfff7fa00</run_address>
         <size>0x40</size>
         <input_file_ref idref="fl-3"/>
      </object_component>
      <object_component id="oc-4f">
         <name>TimerRegsFile</name>
         <uninitialized>true</uninitialized>
         <run_address>0xfff7fd00</run_address>
         <size>0x9c</size>
         <input_file_ref idref="fl-3"/>
      </object_component>
      <object_component id="oc-3c">
         <name>CimRegsFile</name>
         <uninitialized>true</uninitialized>
         <run_address>0xffffff20</run_address>
         <size>0x18</size>
         <input_file_ref idref="fl-3"/>
      </object_component>
      <object_component id="oc-3d">
         <name>DecRegsFile</name>
         <uninitialized>true</uninitialized>
         <run_address>0xfffffe00</run_address>
         <size>0x9c</size>
         <input_file_ref idref="fl-3"/>
      </object_component>
      <object_component id="oc-4c">
         <name>MmcRegsFile</name>
         <uninitialized>true</uninitialized>
         <run_address>0xfffffd00</run_address>
         <size>0x3c</size>
         <input_file_ref idref="fl-3"/>
      </object_component>
      <object_component id="oc-4e">
         <name>SysRegsFile</name>
         <uninitialized>true</uninitialized>
         <run_address>0xffffffd0</run_address>
         <size>0x30</size>
         <input_file_ref idref="fl-3"/>
      </object_component>
      <object_component id="oc-b1">
         <name>.text</name>
         <load_address>0x20</load_address>
         <run_address>0x20</run_address>
         <size>0x550</size>
         <input_file_ref idref="fl-e"/>
      </object_component>
      <object_component id="oc-64">
         <name>.text:retain</name>
         <load_address>0x570</load_address>
         <run_address>0x570</run_address>
         <size>0x2a8</size>
         <input_file_ref idref="fl-7"/>
      </object_component>
      <object_component id="oc-b2">
         <name>.text</name>
         <load_address>0x818</load_address>
         <run_address>0x818</run_address>
         <size>0x29c</size>
         <input_file_ref idref="fl-f"/>
      </object_component>
      <object_component id="oc-b4">
         <name>.text</name>
         <load_address>0xab4</load_address>
         <run_address>0xab4</run_address>
         <size>0x19c</size>
         <input_file_ref idref="fl-8"/>
      </object_component>
      <object_component id="oc-ba">
         <name>.text</name>
         <load_address>0xc50</load_address>
         <run_address>0xc50</run_address>
         <size>0x110</size>
         <input_file_ref idref="fl-a"/>
      </object_component>
      <object_component id="oc-80">
         <name>.text</name>
         <load_address>0xd60</load_address>
         <run_address>0xd60</run_address>
         <size>0xd8</size>
         <input_file_ref idref="fl-c"/>
      </object_component>
      <object_component id="oc-b3">
         <name>.text</name>
         <load_address>0xe38</load_address>
         <run_address>0xe38</run_address>
         <size>0x80</size>
         <input_file_ref idref="fl-b"/>
      </object_component>
      <object_component id="oc-b7">
         <name>.text</name>
         <load_address>0xeb8</load_address>
         <run_address>0xeb8</run_address>
         <size>0x28</size>
         <input_file_ref idref="fl-d"/>
      </object_component>
      <object_component id="oc-30">
         <name>.text</name>
         <load_address>0xee0</load_address>
         <run_address>0xee0</run_address>
         <size>0x14</size>
         <input_file_ref idref="fl-2"/>
      </object_component>
      <object_component id="oc-5e">
         <name>.text:retain</name>
         <load_address>0xef4</load_address>
         <run_address>0xef4</run_address>
         <size>0x10</size>
         <input_file_ref idref="fl-6"/>
      </object_component>
      <object_component id="oc-6f">
         <name>.text:retain</name>
         <load_address>0xf04</load_address>
         <run_address>0xf04</run_address>
         <size>0x4</size>
         <input_file_ref idref="fl-9"/>
      </object_component>
      <object_component id="oc-ef">
         <name>.tramp._clear_integrity_word.1</name>
         <load_address>0xf08</load_address>
         <run_address>0xf08</run_address>
         <size>0x10</size>
         <input_file_ref idref="fl-8"/>
      </object_component>
      <object_component id="oc-b8">
         <name>.const:_pmbus_commands</name>
         <load_address>0xf20</load_address>
         <run_address>0xf20</run_address>
         <size>0x1b0</size>
         <input_file_ref idref="fl-d"/>
      </object_component>
      <object_component id="oc-b9">
         <name>.const:.string:_pmbus_index_array</name>
         <load_address>0x10d0</load_address>
         <run_address>0x10d0</run_address>
         <size>0x100</size>
         <input_file_ref idref="fl-d"/>
      </object_component>
      <object_component id="oc-75">
         <name>.const:.string</name>
         <load_address>0x11d0</load_address>
         <run_address>0x11d0</run_address>
         <size>0x63</size>
         <input_file_ref idref="fl-a"/>
      </object_component>
      <object_component id="oc-b6">
         <name>.const:_parm_mem_start</name>
         <load_address>0x1234</load_address>
         <run_address>0x1234</run_address>
         <size>0x4c</size>
         <input_file_ref idref="fl-e"/>
      </object_component>
      <object_component id="oc-8d">
         <name>.const:.string</name>
         <load_address>0x1280</load_address>
         <run_address>0x1280</run_address>
         <size>0x48</size>
         <input_file_ref idref="fl-e"/>
      </object_component>
      <object_component id="oc-87">
         <name>.const:.string</name>
         <load_address>0x12c8</load_address>
         <run_address>0x12c8</run_address>
         <size>0x40</size>
         <input_file_ref idref="fl-d"/>
      </object_component>
      <object_component id="oc-b5">
         <name>.const:_parm_mem_length</name>
         <load_address>0x1308</load_address>
         <run_address>0x1308</run_address>
         <size>0x26</size>
         <input_file_ref idref="fl-e"/>
      </object_component>
      <object_component id="oc-76">
         <name>FixedDeviceID</name>
         <load_address>0x7f58</load_address>
         <run_address>0x7f58</run_address>
         <size>0x1f</size>
         <input_file_ref idref="fl-a"/>
      </object_component>
      <object_component id="oc-81">
         <name>.vectors</name>
         <load_address>0x0</load_address>
         <run_address>0x0</run_address>
         <size>0x20</size>
         <input_file_ref idref="fl-c"/>
      </object_component>
      <object_component id="oc-31">
         <name>.bss</name>
         <uninitialized>true</uninitialized>
         <run_address>0x1919c</run_address>
         <size>0x53</size>
         <input_file_ref idref="fl-2"/>
      </object_component>
      <object_component id="oc-33">
         <name>.bss:_program_area</name>
         <uninitialized>true</uninitialized>
         <run_address>0x1911c</run_address>
         <size>0x80</size>
         <input_file_ref idref="fl-2"/>
      </object_component>
      <object_component id="oc-34">
         <name>.bss:_xn_bins</name>
         <uninitialized>true</uninitialized>
         <run_address>0x1901c</run_address>
         <size>0x100</size>
         <input_file_ref idref="fl-2"/>
      </object_component>
      <object_component id="oc-35">
         <name>.bss:_pmbus_buffer</name>
         <uninitialized>true</uninitialized>
         <run_address>0x191f0</run_address>
         <size>0x34</size>
         <input_file_ref idref="fl-2"/>
      </object_component>
      <object_component id="oc-2a">
         <name>_StackUSER_</name>
         <uninitialized>true</uninitialized>
         <run_address>0x19e6c</run_address>
         <size>0x0</size>
      </object_component>
      <object_component id="oc-32">
         <name>.debug_info</name>
         <load_address>0x0</load_address>
         <run_address>0x0</run_address>
         <size>0x970</size>
         <input_file_ref idref="fl-2"/>
      </object_component>
      <object_component id="oc-3a">
         <name>.debug_info</name>
         <load_address>0x970</load_address>
         <run_address>0x970</run_address>
         <size>0x179ab</size>
         <input_file_ref idref="fl-3"/>
      </object_component>
      <object_component id="oc-53">
         <name>.debug_info</name>
         <load_address>0x1831b</load_address>
         <run_address>0x1831b</run_address>
         <size>0x193</size>
         <input_file_ref idref="fl-4"/>
      </object_component>
      <object_component id="oc-58">
         <name>.debug_info</name>
         <load_address>0x184ae</load_address>
         <run_address>0x184ae</run_address>
         <size>0x16d9</size>
         <input_file_ref idref="fl-5"/>
      </object_component>
      <object_component id="oc-5d">
         <name>.debug_info</name>
         <load_address>0x19b87</load_address>
         <run_address>0x19b87</run_address>
         <size>0x1b59</size>
         <input_file_ref idref="fl-6"/>
      </object_component>
      <object_component id="oc-63">
         <name>.debug_info</name>
         <load_address>0x1b6e0</load_address>
         <run_address>0x1b6e0</run_address>
         <size>0x2a22</size>
         <input_file_ref idref="fl-7"/>
      </object_component>
      <object_component id="oc-69">
         <name>.debug_info</name>
         <load_address>0x1e102</load_address>
         <run_address>0x1e102</run_address>
         <size>0xcc6</size>
         <input_file_ref idref="fl-8"/>
      </object_component>
      <object_component id="oc-6e">
         <name>.debug_info</name>
         <load_address>0x1edc8</load_address>
         <run_address>0x1edc8</run_address>
         <size>0x22a</size>
         <input_file_ref idref="fl-9"/>
      </object_component>
      <object_component id="oc-74">
         <name>.debug_info</name>
         <load_address>0x1eff2</load_address>
         <run_address>0x1eff2</run_address>
         <size>0x522d</size>
         <input_file_ref idref="fl-a"/>
      </object_component>
      <object_component id="oc-7b">
         <name>.debug_info</name>
         <load_address>0x2421f</load_address>
         <run_address>0x2421f</run_address>
         <size>0x167a</size>
         <input_file_ref idref="fl-b"/>
      </object_component>
      <object_component id="oc-82">
         <name>.debug_info</name>
         <load_address>0x25899</load_address>
         <run_address>0x25899</run_address>
         <size>0x1ec</size>
         <input_file_ref idref="fl-c"/>
      </object_component>
      <object_component id="oc-86">
         <name>.debug_info</name>
         <load_address>0x25a85</load_address>
         <run_address>0x25a85</run_address>
         <size>0x15ca</size>
         <input_file_ref idref="fl-d"/>
      </object_component>
      <object_component id="oc-8c">
         <name>.debug_info</name>
         <load_address>0x2704f</load_address>
         <run_address>0x2704f</run_address>
         <size>0x7544</size>
         <input_file_ref idref="fl-e"/>
      </object_component>
      <object_component id="oc-92">
         <name>.debug_info</name>
         <load_address>0x2e593</load_address>
         <run_address>0x2e593</run_address>
         <size>0x1b44</size>
         <input_file_ref idref="fl-f"/>
      </object_component>
      <object_component id="oc-97">
         <name>.debug_info</name>
         <load_address>0x300d7</load_address>
         <run_address>0x300d7</run_address>
         <size>0x21d</size>
         <input_file_ref idref="fl-136"/>
      </object_component>
      <object_component id="oc-9c">
         <name>.debug_info</name>
         <load_address>0x302f4</load_address>
         <run_address>0x302f4</run_address>
         <size>0x203</size>
         <input_file_ref idref="fl-137"/>
      </object_component>
      <object_component id="oc-a1">
         <name>.debug_info</name>
         <load_address>0x304f7</load_address>
         <run_address>0x304f7</run_address>
         <size>0x20c</size>
         <input_file_ref idref="fl-138"/>
      </object_component>
      <object_component id="oc-a6">
         <name>.debug_info</name>
         <load_address>0x30703</load_address>
         <run_address>0x30703</run_address>
         <size>0xab</size>
         <input_file_ref idref="fl-139"/>
      </object_component>
      <object_component id="oc-aa">
         <name>.debug_info</name>
         <load_address>0x307ae</load_address>
         <run_address>0x307ae</run_address>
         <size>0xab</size>
         <input_file_ref idref="fl-13a"/>
      </object_component>
      <object_component id="oc-f0">
         <name>.debug_info</name>
         <load_address>0x30859</load_address>
         <run_address>0x30859</run_address>
         <size>0x103</size>
      </object_component>
      <object_component id="oc-36">
         <name>.debug_frame</name>
         <load_address>0x0</load_address>
         <run_address>0x0</run_address>
         <size>0x56</size>
         <input_file_ref idref="fl-2"/>
      </object_component>
      <object_component id="oc-54">
         <name>.debug_frame</name>
         <load_address>0x56</load_address>
         <run_address>0x56</run_address>
         <size>0x30</size>
         <input_file_ref idref="fl-4"/>
      </object_component>
      <object_component id="oc-59">
         <name>.debug_frame</name>
         <load_address>0x86</load_address>
         <run_address>0x86</run_address>
         <size>0x30</size>
         <input_file_ref idref="fl-5"/>
      </object_component>
      <object_component id="oc-5f">
         <name>.debug_frame</name>
         <load_address>0xb6</load_address>
         <run_address>0xb6</run_address>
         <size>0x74</size>
         <input_file_ref idref="fl-6"/>
      </object_component>
      <object_component id="oc-65">
         <name>.debug_frame</name>
         <load_address>0x12a</load_address>
         <run_address>0x12a</run_address>
         <size>0x70</size>
         <input_file_ref idref="fl-7"/>
      </object_component>
      <object_component id="oc-6a">
         <name>.debug_frame</name>
         <load_address>0x19a</load_address>
         <run_address>0x19a</run_address>
         <size>0x19c</size>
         <input_file_ref idref="fl-8"/>
      </object_component>
      <object_component id="oc-70">
         <name>.debug_frame</name>
         <load_address>0x336</load_address>
         <run_address>0x336</run_address>
         <size>0x41</size>
         <input_file_ref idref="fl-9"/>
      </object_component>
      <object_component id="oc-77">
         <name>.debug_frame</name>
         <load_address>0x377</load_address>
         <run_address>0x377</run_address>
         <size>0x387</size>
         <input_file_ref idref="fl-a"/>
      </object_component>
      <object_component id="oc-7c">
         <name>.debug_frame</name>
         <load_address>0x6fe</load_address>
         <run_address>0x6fe</run_address>
         <size>0x52</size>
         <input_file_ref idref="fl-b"/>
      </object_component>
      <object_component id="oc-88">
         <name>.debug_frame</name>
         <load_address>0x750</load_address>
         <run_address>0x750</run_address>
         <size>0x49</size>
         <input_file_ref idref="fl-d"/>
      </object_component>
      <object_component id="oc-8e">
         <name>.debug_frame</name>
         <load_address>0x799</load_address>
         <run_address>0x799</run_address>
         <size>0x2ee</size>
         <input_file_ref idref="fl-e"/>
      </object_component>
      <object_component id="oc-93">
         <name>.debug_frame</name>
         <load_address>0xa87</load_address>
         <run_address>0xa87</run_address>
         <size>0xd8</size>
         <input_file_ref idref="fl-f"/>
      </object_component>
      <object_component id="oc-98">
         <name>.debug_frame</name>
         <load_address>0xb5f</load_address>
         <run_address>0xb5f</run_address>
         <size>0x30</size>
         <input_file_ref idref="fl-136"/>
      </object_component>
      <object_component id="oc-9d">
         <name>.debug_frame</name>
         <load_address>0xb8f</load_address>
         <run_address>0xb8f</run_address>
         <size>0x30</size>
         <input_file_ref idref="fl-137"/>
      </object_component>
      <object_component id="oc-a2">
         <name>.debug_frame</name>
         <load_address>0xbbf</load_address>
         <run_address>0xbbf</run_address>
         <size>0x30</size>
         <input_file_ref idref="fl-138"/>
      </object_component>
      <object_component id="oc-37">
         <name>.debug_line</name>
         <load_address>0x0</load_address>
         <run_address>0x0</run_address>
         <size>0x5a</size>
         <input_file_ref idref="fl-2"/>
      </object_component>
      <object_component id="oc-55">
         <name>.debug_line</name>
         <load_address>0x5a</load_address>
         <run_address>0x5a</run_address>
         <size>0x3d</size>
         <input_file_ref idref="fl-4"/>
      </object_component>
      <object_component id="oc-5a">
         <name>.debug_line</name>
         <load_address>0x97</load_address>
         <run_address>0x97</run_address>
         <size>0x40</size>
         <input_file_ref idref="fl-5"/>
      </object_component>
      <object_component id="oc-60">
         <name>.debug_line</name>
         <load_address>0xd7</load_address>
         <run_address>0xd7</run_address>
         <size>0x8e</size>
         <input_file_ref idref="fl-6"/>
      </object_component>
      <object_component id="oc-66">
         <name>.debug_line</name>
         <load_address>0x165</load_address>
         <run_address>0x165</run_address>
         <size>0x13d</size>
         <input_file_ref idref="fl-7"/>
      </object_component>
      <object_component id="oc-6b">
         <name>.debug_line</name>
         <load_address>0x2a2</load_address>
         <run_address>0x2a2</run_address>
         <size>0x194</size>
         <input_file_ref idref="fl-8"/>
      </object_component>
      <object_component id="oc-71">
         <name>.debug_line</name>
         <load_address>0x436</load_address>
         <run_address>0x436</run_address>
         <size>0x58</size>
         <input_file_ref idref="fl-9"/>
      </object_component>
      <object_component id="oc-78">
         <name>.debug_line</name>
         <load_address>0x48e</load_address>
         <run_address>0x48e</run_address>
         <size>0x4df</size>
         <input_file_ref idref="fl-a"/>
      </object_component>
      <object_component id="oc-7d">
         <name>.debug_line</name>
         <load_address>0x96d</load_address>
         <run_address>0x96d</run_address>
         <size>0xb2</size>
         <input_file_ref idref="fl-b"/>
      </object_component>
      <object_component id="oc-83">
         <name>.debug_line</name>
         <load_address>0xa1f</load_address>
         <run_address>0xa1f</run_address>
         <size>0xe4</size>
         <input_file_ref idref="fl-c"/>
      </object_component>
      <object_component id="oc-89">
         <name>.debug_line</name>
         <load_address>0xb03</load_address>
         <run_address>0xb03</run_address>
         <size>0x8a</size>
         <input_file_ref idref="fl-d"/>
      </object_component>
      <object_component id="oc-8f">
         <name>.debug_line</name>
         <load_address>0xb8d</load_address>
         <run_address>0xb8d</run_address>
         <size>0x50a</size>
         <input_file_ref idref="fl-e"/>
      </object_component>
      <object_component id="oc-94">
         <name>.debug_line</name>
         <load_address>0x1097</load_address>
         <run_address>0x1097</run_address>
         <size>0x1f3</size>
         <input_file_ref idref="fl-f"/>
      </object_component>
      <object_component id="oc-99">
         <name>.debug_line</name>
         <load_address>0x128a</load_address>
         <run_address>0x128a</run_address>
         <size>0x37</size>
         <input_file_ref idref="fl-136"/>
      </object_component>
      <object_component id="oc-9e">
         <name>.debug_line</name>
         <load_address>0x12c1</load_address>
         <run_address>0x12c1</run_address>
         <size>0x36</size>
         <input_file_ref idref="fl-137"/>
      </object_component>
      <object_component id="oc-a3">
         <name>.debug_line</name>
         <load_address>0x12f7</load_address>
         <run_address>0x12f7</run_address>
         <size>0x31</size>
         <input_file_ref idref="fl-138"/>
      </object_component>
      <object_component id="oc-a7">
         <name>.debug_line</name>
         <load_address>0x1328</load_address>
         <run_address>0x1328</run_address>
         <size>0x2d</size>
         <input_file_ref idref="fl-139"/>
      </object_component>
      <object_component id="oc-ab">
         <name>.debug_line</name>
         <load_address>0x1355</load_address>
         <run_address>0x1355</run_address>
         <size>0x2d</size>
         <input_file_ref idref="fl-13a"/>
      </object_component>
      <object_component id="oc-38">
         <name>.debug_abbrev</name>
         <load_address>0x0</load_address>
         <run_address>0x0</run_address>
         <size>0xc2</size>
         <input_file_ref idref="fl-2"/>
      </object_component>
      <object_component id="oc-52">
         <name>.debug_abbrev</name>
         <load_address>0xc2</load_address>
         <run_address>0xc2</run_address>
         <size>0x93</size>
         <input_file_ref idref="fl-3"/>
      </object_component>
      <object_component id="oc-56">
         <name>.debug_abbrev</name>
         <load_address>0x155</load_address>
         <run_address>0x155</run_address>
         <size>0x58</size>
         <input_file_ref idref="fl-4"/>
      </object_component>
      <object_component id="oc-5b">
         <name>.debug_abbrev</name>
         <load_address>0x1ad</load_address>
         <run_address>0x1ad</run_address>
         <size>0xc8</size>
         <input_file_ref idref="fl-5"/>
      </object_component>
      <object_component id="oc-61">
         <name>.debug_abbrev</name>
         <load_address>0x275</load_address>
         <run_address>0x275</run_address>
         <size>0xf2</size>
         <input_file_ref idref="fl-6"/>
      </object_component>
      <object_component id="oc-67">
         <name>.debug_abbrev</name>
         <load_address>0x367</load_address>
         <run_address>0x367</run_address>
         <size>0x11b</size>
         <input_file_ref idref="fl-7"/>
      </object_component>
      <object_component id="oc-6c">
         <name>.debug_abbrev</name>
         <load_address>0x482</load_address>
         <run_address>0x482</run_address>
         <size>0x96</size>
         <input_file_ref idref="fl-8"/>
      </object_component>
      <object_component id="oc-72">
         <name>.debug_abbrev</name>
         <load_address>0x518</load_address>
         <run_address>0x518</run_address>
         <size>0x5b</size>
         <input_file_ref idref="fl-9"/>
      </object_component>
      <object_component id="oc-79">
         <name>.debug_abbrev</name>
         <load_address>0x573</load_address>
         <run_address>0x573</run_address>
         <size>0x186</size>
         <input_file_ref idref="fl-a"/>
      </object_component>
      <object_component id="oc-7e">
         <name>.debug_abbrev</name>
         <load_address>0x6f9</load_address>
         <run_address>0x6f9</run_address>
         <size>0xc8</size>
         <input_file_ref idref="fl-b"/>
      </object_component>
      <object_component id="oc-84">
         <name>.debug_abbrev</name>
         <load_address>0x7c1</load_address>
         <run_address>0x7c1</run_address>
         <size>0x4f</size>
         <input_file_ref idref="fl-c"/>
      </object_component>
      <object_component id="oc-8a">
         <name>.debug_abbrev</name>
         <load_address>0x810</load_address>
         <run_address>0x810</run_address>
         <size>0x119</size>
         <input_file_ref idref="fl-d"/>
      </object_component>
      <object_component id="oc-90">
         <name>.debug_abbrev</name>
         <load_address>0x929</load_address>
         <run_address>0x929</run_address>
         <size>0x182</size>
         <input_file_ref idref="fl-e"/>
      </object_component>
      <object_component id="oc-95">
         <name>.debug_abbrev</name>
         <load_address>0xaab</load_address>
         <run_address>0xaab</run_address>
         <size>0x154</size>
         <input_file_ref idref="fl-f"/>
      </object_component>
      <object_component id="oc-9a">
         <name>.debug_abbrev</name>
         <load_address>0xbff</load_address>
         <run_address>0xbff</run_address>
         <size>0xb9</size>
         <input_file_ref idref="fl-136"/>
      </object_component>
      <object_component id="oc-9f">
         <name>.debug_abbrev</name>
         <load_address>0xcb8</load_address>
         <run_address>0xcb8</run_address>
         <size>0xe1</size>
         <input_file_ref idref="fl-137"/>
      </object_component>
      <object_component id="oc-a4">
         <name>.debug_abbrev</name>
         <load_address>0xd99</load_address>
         <run_address>0xd99</run_address>
         <size>0xb9</size>
         <input_file_ref idref="fl-138"/>
      </object_component>
      <object_component id="oc-a8">
         <name>.debug_abbrev</name>
         <load_address>0xe52</load_address>
         <run_address>0xe52</run_address>
         <size>0x3a</size>
         <input_file_ref idref="fl-139"/>
      </object_component>
      <object_component id="oc-ac">
         <name>.debug_abbrev</name>
         <load_address>0xe8c</load_address>
         <run_address>0xe8c</run_address>
         <size>0x3a</size>
         <input_file_ref idref="fl-13a"/>
      </object_component>
      <object_component id="oc-f1">
         <name>.debug_abbrev</name>
         <load_address>0xec6</load_address>
         <run_address>0xec6</run_address>
         <size>0x24</size>
      </object_component>
      <object_component id="oc-39">
         <name>.debug_aranges</name>
         <load_address>0x0</load_address>
         <run_address>0x0</run_address>
         <size>0x28</size>
         <input_file_ref idref="fl-2"/>
      </object_component>
      <object_component id="oc-57">
         <name>.debug_aranges</name>
         <load_address>0x28</load_address>
         <run_address>0x28</run_address>
         <size>0x18</size>
         <input_file_ref idref="fl-4"/>
      </object_component>
      <object_component id="oc-5c">
         <name>.debug_aranges</name>
         <load_address>0x40</load_address>
         <run_address>0x40</run_address>
         <size>0x18</size>
         <input_file_ref idref="fl-5"/>
      </object_component>
      <object_component id="oc-62">
         <name>.debug_aranges</name>
         <load_address>0x58</load_address>
         <run_address>0x58</run_address>
         <size>0x38</size>
         <input_file_ref idref="fl-6"/>
      </object_component>
      <object_component id="oc-68">
         <name>.debug_aranges</name>
         <load_address>0x90</load_address>
         <run_address>0x90</run_address>
         <size>0x20</size>
         <input_file_ref idref="fl-7"/>
      </object_component>
      <object_component id="oc-6d">
         <name>.debug_aranges</name>
         <load_address>0xb0</load_address>
         <run_address>0xb0</run_address>
         <size>0x88</size>
         <input_file_ref idref="fl-8"/>
      </object_component>
      <object_component id="oc-73">
         <name>.debug_aranges</name>
         <load_address>0x138</load_address>
         <run_address>0x138</run_address>
         <size>0x20</size>
         <input_file_ref idref="fl-9"/>
      </object_component>
      <object_component id="oc-7a">
         <name>.debug_aranges</name>
         <load_address>0x158</load_address>
         <run_address>0x158</run_address>
         <size>0x1a0</size>
         <input_file_ref idref="fl-a"/>
      </object_component>
      <object_component id="oc-7f">
         <name>.debug_aranges</name>
         <load_address>0x2f8</load_address>
         <run_address>0x2f8</run_address>
         <size>0x28</size>
         <input_file_ref idref="fl-b"/>
      </object_component>
      <object_component id="oc-85">
         <name>.debug_aranges</name>
         <load_address>0x320</load_address>
         <run_address>0x320</run_address>
         <size>0x28</size>
         <input_file_ref idref="fl-c"/>
      </object_component>
      <object_component id="oc-8b">
         <name>.debug_aranges</name>
         <load_address>0x348</load_address>
         <run_address>0x348</run_address>
         <size>0x20</size>
         <input_file_ref idref="fl-d"/>
      </object_component>
      <object_component id="oc-91">
         <name>.debug_aranges</name>
         <load_address>0x368</load_address>
         <run_address>0x368</run_address>
         <size>0x100</size>
         <input_file_ref idref="fl-e"/>
      </object_component>
      <object_component id="oc-96">
         <name>.debug_aranges</name>
         <load_address>0x468</load_address>
         <run_address>0x468</run_address>
         <size>0x40</size>
         <input_file_ref idref="fl-f"/>
      </object_component>
      <object_component id="oc-9b">
         <name>.debug_aranges</name>
         <load_address>0x4a8</load_address>
         <run_address>0x4a8</run_address>
         <size>0x18</size>
         <input_file_ref idref="fl-136"/>
      </object_component>
      <object_component id="oc-a0">
         <name>.debug_aranges</name>
         <load_address>0x4c0</load_address>
         <run_address>0x4c0</run_address>
         <size>0x18</size>
         <input_file_ref idref="fl-137"/>
      </object_component>
      <object_component id="oc-a5">
         <name>.debug_aranges</name>
         <load_address>0x4d8</load_address>
         <run_address>0x4d8</run_address>
         <size>0x18</size>
         <input_file_ref idref="fl-138"/>
      </object_component>
      <object_component id="oc-a9">
         <name>.debug_aranges</name>
         <load_address>0x4f0</load_address>
         <run_address>0x4f0</run_address>
         <size>0x18</size>
         <input_file_ref idref="fl-139"/>
      </object_component>
      <object_component id="oc-ad">
         <name>.debug_aranges</name>
         <load_address>0x508</load_address>
         <run_address>0x508</run_address>
         <size>0x18</size>
         <input_file_ref idref="fl-13a"/>
      </object_component>
   </object_component_list>
   <logical_group_list>
      <logical_group id="lg-2" display="no" color="cyan">
         <name>LoopMuxRegsFile</name>
         <run_address>0x20000</run_address>
         <size>0x90</size>
         <contents>
            <object_component_ref idref="oc-4a"/>
         </contents>
      </logical_group>
      <logical_group id="lg-3" display="no" color="cyan">
         <name>FaultMuxRegsFile</name>
         <run_address>0x30000</run_address>
         <size>0x80</size>
         <contents>
            <object_component_ref idref="oc-42"/>
         </contents>
      </logical_group>
      <logical_group id="lg-4" display="no" color="cyan">
         <name>Uart0RegsFile</name>
         <run_address>0xfff7ec00</run_address>
         <size>0x50</size>
         <contents>
            <object_component_ref idref="oc-50"/>
         </contents>
      </logical_group>
      <logical_group id="lg-5" display="no" color="cyan">
         <name>Uart1RegsFile</name>
         <run_address>0xfff7ed00</run_address>
         <size>0x50</size>
         <contents>
            <object_component_ref idref="oc-51"/>
         </contents>
      </logical_group>
      <logical_group id="lg-6" display="no" color="cyan">
         <name>AdcRegsFile</name>
         <run_address>0x40000</run_address>
         <size>0x98</size>
         <contents>
            <object_component_ref idref="oc-3b"/>
         </contents>
      </logical_group>
      <logical_group id="lg-7" display="no" color="cyan">
         <name>Dpwm3RegsFile</name>
         <run_address>0x50000</run_address>
         <size>0x90</size>
         <contents>
            <object_component_ref idref="oc-41"/>
         </contents>
      </logical_group>
      <logical_group id="lg-8" display="no" color="cyan">
         <name>Filter2RegsFile</name>
         <run_address>0x60000</run_address>
         <size>0x64</size>
         <contents>
            <object_component_ref idref="oc-49"/>
         </contents>
      </logical_group>
      <logical_group id="lg-9" display="no" color="cyan">
         <name>Dpwm2RegsFile</name>
         <run_address>0x70000</run_address>
         <size>0x90</size>
         <contents>
            <object_component_ref idref="oc-40"/>
         </contents>
      </logical_group>
      <logical_group id="lg-a" display="no" color="cyan">
         <name>FeCtrl2RegsFile</name>
         <run_address>0x80000</run_address>
         <size>0x44</size>
         <contents>
            <object_component_ref idref="oc-45"/>
         </contents>
      </logical_group>
      <logical_group id="lg-b" display="no" color="cyan">
         <name>Filter1RegsFile</name>
         <run_address>0x90000</run_address>
         <size>0x64</size>
         <contents>
            <object_component_ref idref="oc-47"/>
         </contents>
      </logical_group>
      <logical_group id="lg-c" display="no" color="cyan">
         <name>Dpwm1RegsFile</name>
         <run_address>0xa0000</run_address>
         <size>0x90</size>
         <contents>
            <object_component_ref idref="oc-3f"/>
         </contents>
      </logical_group>
      <logical_group id="lg-d" display="no" color="cyan">
         <name>FeCtrl1RegsFile</name>
         <run_address>0xb0000</run_address>
         <size>0x44</size>
         <contents>
            <object_component_ref idref="oc-44"/>
         </contents>
      </logical_group>
      <logical_group id="lg-e" display="no" color="cyan">
         <name>Filter0RegsFile</name>
         <run_address>0xc0000</run_address>
         <size>0x64</size>
         <contents>
            <object_component_ref idref="oc-46"/>
         </contents>
      </logical_group>
      <logical_group id="lg-f" display="no" color="cyan">
         <name>Dpwm0RegsFile</name>
         <run_address>0xd0000</run_address>
         <size>0x90</size>
         <contents>
            <object_component_ref idref="oc-3e"/>
         </contents>
      </logical_group>
      <logical_group id="lg-10" display="no" color="cyan">
         <name>FeCtrl0RegsFile</name>
         <run_address>0xe0000</run_address>
         <size>0x44</size>
         <contents>
            <object_component_ref idref="oc-43"/>
         </contents>
      </logical_group>
      <logical_group id="lg-11" display="no" color="cyan">
         <name>MiscAnalogRegsFile</name>
         <run_address>0xfff7f000</run_address>
         <size>0x48</size>
         <contents>
            <object_component_ref idref="oc-4b"/>
         </contents>
      </logical_group>
      <logical_group id="lg-12" display="no" color="cyan">
         <name>PMBusRegsFile</name>
         <run_address>0xfff7f600</run_address>
         <size>0x24</size>
         <contents>
            <object_component_ref idref="oc-4d"/>
         </contents>
      </logical_group>
      <logical_group id="lg-13" display="no" color="cyan">
         <name>GioRegsFile</name>
         <run_address>0xfff7fa00</run_address>
         <size>0x40</size>
         <contents>
            <object_component_ref idref="oc-48"/>
         </contents>
      </logical_group>
      <logical_group id="lg-14" display="no" color="cyan">
         <name>TimerRegsFile</name>
         <run_address>0xfff7fd00</run_address>
         <size>0x9c</size>
         <contents>
            <object_component_ref idref="oc-4f"/>
         </contents>
      </logical_group>
      <logical_group id="lg-15" display="no" color="cyan">
         <name>CimRegsFile</name>
         <run_address>0xffffff20</run_address>
         <size>0x18</size>
         <contents>
            <object_component_ref idref="oc-3c"/>
         </contents>
      </logical_group>
      <logical_group id="lg-16" display="no" color="cyan">
         <name>DecRegsFile</name>
         <run_address>0xfffffe00</run_address>
         <size>0x9c</size>
         <contents>
            <object_component_ref idref="oc-3d"/>
         </contents>
      </logical_group>
      <logical_group id="lg-17" display="no" color="cyan">
         <name>MmcRegsFile</name>
         <run_address>0xfffffd00</run_address>
         <size>0x3c</size>
         <contents>
            <object_component_ref idref="oc-4c"/>
         </contents>
      </logical_group>
      <logical_group id="lg-18" display="no" color="cyan">
         <name>SysRegsFile</name>
         <run_address>0xffffffd0</run_address>
         <size>0x30</size>
         <contents>
            <object_component_ref idref="oc-4e"/>
         </contents>
      </logical_group>
      <logical_group id="lg-19" display="no" color="cyan">
         <name>.fiq</name>
         <run_address>0x0</run_address>
         <size>0x0</size>
         <contents>
         </contents>
      </logical_group>
      <logical_group id="lg-1a" display="no" color="cyan">
         <name>.text</name>
         <load_address>0x20</load_address>
         <run_address>0x20</run_address>
         <size>0xef8</size>
         <contents>
            <object_component_ref idref="oc-b1"/>
            <object_component_ref idref="oc-64"/>
            <object_component_ref idref="oc-b2"/>
            <object_component_ref idref="oc-b4"/>
            <object_component_ref idref="oc-ba"/>
            <object_component_ref idref="oc-80"/>
            <object_component_ref idref="oc-b3"/>
            <object_component_ref idref="oc-b7"/>
            <object_component_ref idref="oc-30"/>
            <object_component_ref idref="oc-5e"/>
            <object_component_ref idref="oc-6f"/>
            <object_component_ref idref="oc-ef"/>
         </contents>
      </logical_group>
      <logical_group id="lg-1b" display="no" color="cyan">
         <name>.const</name>
         <load_address>0xf20</load_address>
         <run_address>0xf20</run_address>
         <size>0x40e</size>
         <contents>
            <object_component_ref idref="oc-b8"/>
            <object_component_ref idref="oc-b9"/>
            <object_component_ref idref="oc-75"/>
            <object_component_ref idref="oc-b6"/>
            <object_component_ref idref="oc-8d"/>
            <object_component_ref idref="oc-87"/>
            <object_component_ref idref="oc-b5"/>
         </contents>
      </logical_group>
      <logical_group id="lg-1c" display="no" color="cyan">
         <name>.cinit</name>
         <run_address>0x0</run_address>
         <size>0x0</size>
         <contents>
         </contents>
      </logical_group>
      <logical_group id="lg-1d" display="no" color="cyan">
         <name>FixedDeviceID</name>
         <load_address>0x7f58</load_address>
         <run_address>0x7f58</run_address>
         <size>0x1f</size>
         <contents>
            <object_component_ref idref="oc-76"/>
         </contents>
      </logical_group>
      <logical_group id="lg-1e" display="no" color="cyan">
         <name>FixedTfaStep</name>
         <run_address>0x0</run_address>
         <size>0x0</size>
         <contents>
         </contents>
      </logical_group>
      <logical_group id="lg-1f" display="no" color="cyan">
         <name>FixedConstants</name>
         <run_address>0x0</run_address>
         <size>0x0</size>
         <contents>
         </contents>
      </logical_group>
      <logical_group id="lg-20" display="no" color="cyan">
         <name>.flashi</name>
         <run_address>0x0</run_address>
         <size>0x0</size>
         <contents>
         </contents>
      </logical_group>
      <logical_group id="lg-21" display="no" color="cyan">
         <name>.vectors</name>
         <load_address>0x0</load_address>
         <run_address>0x0</run_address>
         <size>0x20</size>
         <contents>
            <object_component_ref idref="oc-81"/>
         </contents>
      </logical_group>
      <logical_group id="lg-22" display="no" color="cyan">
         <name>.sine</name>
         <run_address>0x0</run_address>
         <size>0x0</size>
         <contents>
         </contents>
      </logical_group>
      <logical_group id="lg-23" display="no" color="cyan">
         <name>.dflash</name>
         <run_address>0x0</run_address>
         <size>0x0</size>
         <contents>
         </contents>
      </logical_group>
      <logical_group id="lg-24" display="no" color="cyan">
         <name>.CONFIG</name>
         <run_address>0x0</run_address>
         <size>0x0</size>
         <contents>
         </contents>
      </logical_group>
      <logical_group id="lg-25" display="no" color="cyan">
         <name>.CONFIG_B</name>
         <run_address>0x0</run_address>
         <size>0x0</size>
         <contents>
         </contents>
      </logical_group>
      <logical_group id="lg-26" display="no" color="cyan">
         <name>.PASSW</name>
         <run_address>0x0</run_address>
         <size>0x0</size>
         <contents>
         </contents>
      </logical_group>
      <logical_group id="lg-27" display="no" color="cyan">
         <name>TesterVars</name>
         <run_address>0x0</run_address>
         <size>0x0</size>
         <contents>
         </contents>
      </logical_group>
      <logical_group id="lg-28" display="no" color="cyan">
         <name>.bss</name>
         <run_address>0x1901c</run_address>
         <size>0x208</size>
         <contents>
            <object_component_ref idref="oc-31"/>
            <object_component_ref idref="oc-33"/>
            <object_component_ref idref="oc-34"/>
            <object_component_ref idref="oc-35"/>
         </contents>
      </logical_group>
      <logical_group id="lg-29" display="no" color="cyan">
         <name>.stack</name>
         <run_address>0x19e6c</run_address>
         <size>0x0</size>
         <contents>
            <object_component_ref idref="oc-2a"/>
         </contents>
      </logical_group>
      <logical_group id="lg-2b" display="no" color="cyan">
         <name>.romlock</name>
         <run_address>0x0</run_address>
         <size>0x0</size>
         <contents>
         </contents>
      </logical_group>
      <logical_group id="lg-e4" display="never" color="cyan">
         <name>.debug_info</name>
         <load_address>0x0</load_address>
         <run_address>0x0</run_address>
         <size>0x3095c</size>
         <contents>
            <object_component_ref idref="oc-32"/>
            <object_component_ref idref="oc-3a"/>
            <object_component_ref idref="oc-53"/>
            <object_component_ref idref="oc-58"/>
            <object_component_ref idref="oc-5d"/>
            <object_component_ref idref="oc-63"/>
            <object_component_ref idref="oc-69"/>
            <object_component_ref idref="oc-6e"/>
            <object_component_ref idref="oc-74"/>
            <object_component_ref idref="oc-7b"/>
            <object_component_ref idref="oc-82"/>
            <object_component_ref idref="oc-86"/>
            <object_component_ref idref="oc-8c"/>
            <object_component_ref idref="oc-92"/>
            <object_component_ref idref="oc-97"/>
            <object_component_ref idref="oc-9c"/>
            <object_component_ref idref="oc-a1"/>
            <object_component_ref idref="oc-a6"/>
            <object_component_ref idref="oc-aa"/>
            <object_component_ref idref="oc-f0"/>
         </contents>
      </logical_group>
      <logical_group id="lg-e6" display="never" color="cyan">
         <name>.debug_frame</name>
         <load_address>0x0</load_address>
         <run_address>0x0</run_address>
         <size>0xbef</size>
         <contents>
            <object_component_ref idref="oc-36"/>
            <object_component_ref idref="oc-54"/>
            <object_component_ref idref="oc-59"/>
            <object_component_ref idref="oc-5f"/>
            <object_component_ref idref="oc-65"/>
            <object_component_ref idref="oc-6a"/>
            <object_component_ref idref="oc-70"/>
            <object_component_ref idref="oc-77"/>
            <object_component_ref idref="oc-7c"/>
            <object_component_ref idref="oc-88"/>
            <object_component_ref idref="oc-8e"/>
            <object_component_ref idref="oc-93"/>
            <object_component_ref idref="oc-98"/>
            <object_component_ref idref="oc-9d"/>
            <object_component_ref idref="oc-a2"/>
         </contents>
      </logical_group>
      <logical_group id="lg-e8" display="never" color="cyan">
         <name>.debug_line</name>
         <load_address>0x0</load_address>
         <run_address>0x0</run_address>
         <size>0x1382</size>
         <contents>
            <object_component_ref idref="oc-37"/>
            <object_component_ref idref="oc-55"/>
            <object_component_ref idref="oc-5a"/>
            <object_component_ref idref="oc-60"/>
            <object_component_ref idref="oc-66"/>
            <object_component_ref idref="oc-6b"/>
            <object_component_ref idref="oc-71"/>
            <object_component_ref idref="oc-78"/>
            <object_component_ref idref="oc-7d"/>
            <object_component_ref idref="oc-83"/>
            <object_component_ref idref="oc-89"/>
            <object_component_ref idref="oc-8f"/>
            <object_component_ref idref="oc-94"/>
            <object_component_ref idref="oc-99"/>
            <object_component_ref idref="oc-9e"/>
            <object_component_ref idref="oc-a3"/>
            <object_component_ref idref="oc-a7"/>
            <object_component_ref idref="oc-ab"/>
         </contents>
      </logical_group>
      <logical_group id="lg-ea" display="never" color="cyan">
         <name>.debug_abbrev</name>
         <load_address>0x0</load_address>
         <run_address>0x0</run_address>
         <size>0xeea</size>
         <contents>
            <object_component_ref idref="oc-38"/>
            <object_component_ref idref="oc-52"/>
            <object_component_ref idref="oc-56"/>
            <object_component_ref idref="oc-5b"/>
            <object_component_ref idref="oc-61"/>
            <object_component_ref idref="oc-67"/>
            <object_component_ref idref="oc-6c"/>
            <object_component_ref idref="oc-72"/>
            <object_component_ref idref="oc-79"/>
            <object_component_ref idref="oc-7e"/>
            <object_component_ref idref="oc-84"/>
            <object_component_ref idref="oc-8a"/>
            <object_component_ref idref="oc-90"/>
            <object_component_ref idref="oc-95"/>
            <object_component_ref idref="oc-9a"/>
            <object_component_ref idref="oc-9f"/>
            <object_component_ref idref="oc-a4"/>
            <object_component_ref idref="oc-a8"/>
            <object_component_ref idref="oc-ac"/>
            <object_component_ref idref="oc-f1"/>
         </contents>
      </logical_group>
      <logical_group id="lg-ec" display="never" color="cyan">
         <name>.debug_aranges</name>
         <load_address>0x0</load_address>
         <run_address>0x0</run_address>
         <size>0x520</size>
         <contents>
            <object_component_ref idref="oc-39"/>
            <object_component_ref idref="oc-57"/>
            <object_component_ref idref="oc-5c"/>
            <object_component_ref idref="oc-62"/>
            <object_component_ref idref="oc-68"/>
            <object_component_ref idref="oc-6d"/>
            <object_component_ref idref="oc-73"/>
            <object_component_ref idref="oc-7a"/>
            <object_component_ref idref="oc-7f"/>
            <object_component_ref idref="oc-85"/>
            <object_component_ref idref="oc-8b"/>
            <object_component_ref idref="oc-91"/>
            <object_component_ref idref="oc-96"/>
            <object_component_ref idref="oc-9b"/>
            <object_component_ref idref="oc-a0"/>
            <object_component_ref idref="oc-a5"/>
            <object_component_ref idref="oc-a9"/>
            <object_component_ref idref="oc-ad"/>
         </contents>
      </logical_group>
   </logical_group_list>
   <placement_map>
      <memory_area display="no" color="green">
         <name>VECS</name>
         <page_id>0x0</page_id>
         <origin>0x0</origin>
         <length>0x20</length>
         <used_space>0x20</used_space>
         <unused_space>0x0</unused_space>
         <attributes>RWIX</attributes>
         <usage_details>
            <allocated_space>
               <start_address>0x0</start_address>
               <size>0x20</size>
               <logical_group_ref idref="lg-21"/>
            </allocated_space>
         </usage_details>
      </memory_area>
      <memory_area display="yes" color="green">
         <name>PFLASH</name>
         <page_id>0x0</page_id>
         <origin>0x20</origin>
         <length>0x7f38</length>
         <used_space>0x1306</used_space>
         <unused_space>0x6c32</unused_space>
         <attributes>RX</attributes>
         <usage_details>
            <allocated_space>
               <start_address>0x20</start_address>
               <size>0xef8</size>
               <logical_group_ref idref="lg-1a"/>
            </allocated_space>
            <available_space>
               <start_address>0xf18</start_address>
               <size>0x8</size>
            </available_space>
            <allocated_space>
               <start_address>0xf20</start_address>
               <size>0x40e</size>
               <logical_group_ref idref="lg-1b"/>
            </allocated_space>
            <available_space>
               <start_address>0x132e</start_address>
               <size>0x6c2a</size>
            </available_space>
         </usage_details>
      </memory_area>
      <memory_area display="no" color="green">
         <name>DEVICEID</name>
         <page_id>0x0</page_id>
         <origin>0x7f58</origin>
         <length>0x20</length>
         <used_space>0x1f</used_space>
         <unused_space>0x1</unused_space>
         <attributes>RX</attributes>
         <usage_details>
            <allocated_space>
               <start_address>0x7f58</start_address>
               <size>0x1f</size>
               <logical_group_ref idref="lg-1d"/>
            </allocated_space>
            <available_space>
               <start_address>0x7f77</start_address>
               <size>0x1</size>
            </available_space>
         </usage_details>
      </memory_area>
      <memory_area display="no" color="green">
         <name>FIXTFA</name>
         <page_id>0x0</page_id>
         <origin>0x7f78</origin>
         <length>0x4</length>
         <used_space>0x0</used_space>
         <unused_space>0x4</unused_space>
         <attributes>RX</attributes>
         <usage_details>
         </usage_details>
      </memory_area>
      <memory_area display="yes" color="green">
         <name>FIXCONST</name>
         <page_id>0x0</page_id>
         <origin>0x7f7c</origin>
         <length>0x80</length>
         <used_space>0x0</used_space>
         <unused_space>0x80</unused_space>
         <attributes>RX</attributes>
         <usage_details>
         </usage_details>
      </memory_area>
      <memory_area display="no" color="green">
         <name>FLASHSUM</name>
         <page_id>0x0</page_id>
         <origin>0x7ffc</origin>
         <length>0x4</length>
         <used_space>0x0</used_space>
         <unused_space>0x4</unused_space>
         <attributes>RX</attributes>
         <usage_details>
         </usage_details>
      </memory_area>
      <memory_area display="yes" color="green">
         <name>ROM</name>
         <page_id>0x0</page_id>
         <origin>0xa020</origin>
         <length>0xbe0</length>
         <used_space>0x0</used_space>
         <unused_space>0xbe0</unused_space>
         <attributes>RWIX</attributes>
         <usage_details>
         </usage_details>
      </memory_area>
      <memory_area display="yes" color="green">
         <name>SINE</name>
         <page_id>0x0</page_id>
         <origin>0xac00</origin>
         <length>0x282</length>
         <used_space>0x0</used_space>
         <unused_space>0x282</unused_space>
         <attributes>RWIX</attributes>
         <usage_details>
         </usage_details>
      </memory_area>
      <memory_area display="yes" color="green">
         <name>EXP</name>
         <page_id>0x0</page_id>
         <origin>0xae82</origin>
         <length>0x7a</length>
         <used_space>0x0</used_space>
         <unused_space>0x7a</unused_space>
         <attributes>RWIX</attributes>
         <usage_details>
         </usage_details>
      </memory_area>
      <memory_area display="yes" color="green">
         <name>DFLASH</name>
         <page_id>0x0</page_id>
         <origin>0x18800</origin>
         <length>0x800</length>
         <used_space>0x0</used_space>
         <unused_space>0x800</unused_space>
         <attributes>RX</attributes>
         <usage_details>
         </usage_details>
      </memory_area>
      <memory_area display="no" color="green">
         <name>TESTER</name>
         <page_id>0x0</page_id>
         <origin>0x19000</origin>
         <length>0x1c</length>
         <used_space>0x0</used_space>
         <unused_space>0x1c</unused_space>
         <attributes>RW</attributes>
         <usage_details>
         </usage_details>
      </memory_area>
      <memory_area display="yes" color="green">
         <name>RAM</name>
         <page_id>0x0</page_id>
         <origin>0x1901c</origin>
         <length>0xe50</length>
         <used_space>0x208</used_space>
         <unused_space>0xc48</unused_space>
         <attributes>RW</attributes>
         <usage_details>
            <allocated_space>
               <start_address>0x1901c</start_address>
               <size>0x208</size>
               <logical_group_ref idref="lg-28"/>
            </allocated_space>
            <available_space>
               <start_address>0x19224</start_address>
               <size>0xc48</size>
            </available_space>
         </usage_details>
      </memory_area>
      <memory_area display="yes" color="green">
         <name>STACKS</name>
         <page_id>0x0</page_id>
         <origin>0x19e6c</origin>
         <length>0x190</length>
         <used_space>0x0</used_space>
         <unused_space>0x190</unused_space>
         <attributes>RW</attributes>
         <usage_details>
            <allocated_space>
               <start_address>0x19e6c</start_address>
               <size>0x0</size>
               <logical_group_ref idref="lg-29"/>
            </allocated_space>
            <available_space>
               <start_address>0x19e6c</start_address>
               <size>0x190</size>
            </available_space>
         </usage_details>
      </memory_area>
      <memory_area display="no" color="green">
         <name>ROMLOCK</name>
         <page_id>0x0</page_id>
         <origin>0x19ffc</origin>
         <length>0x4</length>
         <used_space>0x0</used_space>
         <unused_space>0x4</unused_space>
         <attributes>RW</attributes>
         <usage_details>
         </usage_details>
      </memory_area>
      <memory_area display="yes" color="green">
         <name>LOOP_MUX</name>
         <page_id>0x0</page_id>
         <origin>0x20000</origin>
         <length>0x90</length>
         <used_space>0x90</used_space>
         <unused_space>0x0</unused_space>
         <attributes>RWIX</attributes>
         <usage_details>
            <allocated_space>
               <start_address>0x20000</start_address>
               <size>0x90</size>
               <logical_group_ref idref="lg-2"/>
            </allocated_space>
         </usage_details>
      </memory_area>
      <memory_area display="yes" color="green">
         <name>FAULT_MUX</name>
         <page_id>0x0</page_id>
         <origin>0x30000</origin>
         <length>0x80</length>
         <used_space>0x80</used_space>
         <unused_space>0x0</unused_space>
         <attributes>RWIX</attributes>
         <usage_details>
            <allocated_space>
               <start_address>0x30000</start_address>
               <size>0x80</size>
               <logical_group_ref idref="lg-3"/>
            </allocated_space>
         </usage_details>
      </memory_area>
      <memory_area display="yes" color="green">
         <name>ADC</name>
         <page_id>0x0</page_id>
         <origin>0x40000</origin>
         <length>0x98</length>
         <used_space>0x98</used_space>
         <unused_space>0x0</unused_space>
         <attributes>RWIX</attributes>
         <usage_details>
            <allocated_space>
               <start_address>0x40000</start_address>
               <size>0x98</size>
               <logical_group_ref idref="lg-6"/>
            </allocated_space>
         </usage_details>
      </memory_area>
      <memory_area display="yes" color="green">
         <name>DPWM3</name>
         <page_id>0x0</page_id>
         <origin>0x50000</origin>
         <length>0x90</length>
         <used_space>0x90</used_space>
         <unused_space>0x0</unused_space>
         <attributes>RWIX</attributes>
         <usage_details>
            <allocated_space>
               <start_address>0x50000</start_address>
               <size>0x90</size>
               <logical_group_ref idref="lg-7"/>
            </allocated_space>
         </usage_details>
      </memory_area>
      <memory_area display="no" color="green">
         <name>FILTER2</name>
         <page_id>0x0</page_id>
         <origin>0x60000</origin>
         <length>0x64</length>
         <used_space>0x64</used_space>
         <unused_space>0x0</unused_space>
         <attributes>RWIX</attributes>
         <usage_details>
            <allocated_space>
               <start_address>0x60000</start_address>
               <size>0x64</size>
               <logical_group_ref idref="lg-8"/>
            </allocated_space>
         </usage_details>
      </memory_area>
      <memory_area display="yes" color="green">
         <name>DPWM2</name>
         <page_id>0x0</page_id>
         <origin>0x70000</origin>
         <length>0x90</length>
         <used_space>0x90</used_space>
         <unused_space>0x0</unused_space>
         <attributes>RWIX</attributes>
         <usage_details>
            <allocated_space>
               <start_address>0x70000</start_address>
               <size>0x90</size>
               <logical_group_ref idref="lg-9"/>
            </allocated_space>
         </usage_details>
      </memory_area>
      <memory_area display="no" color="green">
         <name>FE_CTRL2</name>
         <page_id>0x0</page_id>
         <origin>0x80000</origin>
         <length>0x44</length>
         <used_space>0x44</used_space>
         <unused_space>0x0</unused_space>
         <attributes>RWIX</attributes>
         <usage_details>
            <allocated_space>
               <start_address>0x80000</start_address>
               <size>0x44</size>
               <logical_group_ref idref="lg-a"/>
            </allocated_space>
         </usage_details>
      </memory_area>
      <memory_area display="no" color="green">
         <name>FILTER1</name>
         <page_id>0x0</page_id>
         <origin>0x90000</origin>
         <length>0x64</length>
         <used_space>0x64</used_space>
         <unused_space>0x0</unused_space>
         <attributes>RWIX</attributes>
         <usage_details>
            <allocated_space>
               <start_address>0x90000</start_address>
               <size>0x64</size>
               <logical_group_ref idref="lg-b"/>
            </allocated_space>
         </usage_details>
      </memory_area>
      <memory_area display="yes" color="green">
         <name>DPWM1</name>
         <page_id>0x0</page_id>
         <origin>0xa0000</origin>
         <length>0x90</length>
         <used_space>0x90</used_space>
         <unused_space>0x0</unused_space>
         <attributes>RWIX</attributes>
         <usage_details>
            <allocated_space>
               <start_address>0xa0000</start_address>
               <size>0x90</size>
               <logical_group_ref idref="lg-c"/>
            </allocated_space>
         </usage_details>
      </memory_area>
      <memory_area display="no" color="green">
         <name>FE_CTRL1</name>
         <page_id>0x0</page_id>
         <origin>0xb0000</origin>
         <length>0x44</length>
         <used_space>0x44</used_space>
         <unused_space>0x0</unused_space>
         <attributes>RWIX</attributes>
         <usage_details>
            <allocated_space>
               <start_address>0xb0000</start_address>
               <size>0x44</size>
               <logical_group_ref idref="lg-d"/>
            </allocated_space>
         </usage_details>
      </memory_area>
      <memory_area display="no" color="green">
         <name>FILTER0</name>
         <page_id>0x0</page_id>
         <origin>0xc0000</origin>
         <length>0x64</length>
         <used_space>0x64</used_space>
         <unused_space>0x0</unused_space>
         <attributes>RWIX</attributes>
         <usage_details>
            <allocated_space>
               <start_address>0xc0000</start_address>
               <size>0x64</size>
               <logical_group_ref idref="lg-e"/>
            </allocated_space>
         </usage_details>
      </memory_area>
      <memory_area display="yes" color="green">
         <name>DPWM0</name>
         <page_id>0x0</page_id>
         <origin>0xd0000</origin>
         <length>0x90</length>
         <used_space>0x90</used_space>
         <unused_space>0x0</unused_space>
         <attributes>RWIX</attributes>
         <usage_details>
            <allocated_space>
               <start_address>0xd0000</start_address>
               <size>0x90</size>
               <logical_group_ref idref="lg-f"/>
            </allocated_space>
         </usage_details>
      </memory_area>
      <memory_area display="no" color="green">
         <name>FE_CTRL0</name>
         <page_id>0x0</page_id>
         <origin>0xe0000</origin>
         <length>0x44</length>
         <used_space>0x44</used_space>
         <unused_space>0x0</unused_space>
         <attributes>RWIX</attributes>
         <usage_details>
            <allocated_space>
               <start_address>0xe0000</start_address>
               <size>0x44</size>
               <logical_group_ref idref="lg-10"/>
            </allocated_space>
         </usage_details>
      </memory_area>
      <memory_area display="no" color="green">
         <name>UART0</name>
         <page_id>0x0</page_id>
         <origin>0xfff7ec00</origin>
         <length>0x50</length>
         <used_space>0x50</used_space>
         <unused_space>0x0</unused_space>
         <attributes>RWIX</attributes>
         <usage_details>
            <allocated_space>
               <start_address>0xfff7ec00</start_address>
               <size>0x50</size>
               <logical_group_ref idref="lg-4"/>
            </allocated_space>
         </usage_details>
      </memory_area>
      <memory_area display="no" color="green">
         <name>UART1</name>
         <page_id>0x0</page_id>
         <origin>0xfff7ed00</origin>
         <length>0x50</length>
         <used_space>0x50</used_space>
         <unused_space>0x0</unused_space>
         <attributes>RWIX</attributes>
         <usage_details>
            <allocated_space>
               <start_address>0xfff7ed00</start_address>
               <size>0x50</size>
               <logical_group_ref idref="lg-5"/>
            </allocated_space>
         </usage_details>
      </memory_area>
      <memory_area display="no" color="green">
         <name>MISC_ANALOG</name>
         <page_id>0x0</page_id>
         <origin>0xfff7f000</origin>
         <length>0x4c</length>
         <used_space>0x48</used_space>
         <unused_space>0x4</unused_space>
         <attributes>RWIX</attributes>
         <usage_details>
            <allocated_space>
               <start_address>0xfff7f000</start_address>
               <size>0x48</size>
               <logical_group_ref idref="lg-11"/>
            </allocated_space>
            <available_space>
               <start_address>0xfff7f048</start_address>
               <size>0x4</size>
            </available_space>
         </usage_details>
      </memory_area>
      <memory_area display="no" color="green">
         <name>PMBUS</name>
         <page_id>0x0</page_id>
         <origin>0xfff7f600</origin>
         <length>0x24</length>
         <used_space>0x24</used_space>
         <unused_space>0x0</unused_space>
         <attributes>RWIX</attributes>
         <usage_details>
            <allocated_space>
               <start_address>0xfff7f600</start_address>
               <size>0x24</size>
               <logical_group_ref idref="lg-12"/>
            </allocated_space>
         </usage_details>
      </memory_area>
      <memory_area display="no" color="green">
         <name>GIO</name>
         <page_id>0x0</page_id>
         <origin>0xfff7fa00</origin>
         <length>0x40</length>
         <used_space>0x40</used_space>
         <unused_space>0x0</unused_space>
         <attributes>RWIX</attributes>
         <usage_details>
            <allocated_space>
               <start_address>0xfff7fa00</start_address>
               <size>0x40</size>
               <logical_group_ref idref="lg-13"/>
            </allocated_space>
         </usage_details>
      </memory_area>
      <memory_area display="yes" color="green">
         <name>TIMER</name>
         <page_id>0x0</page_id>
         <origin>0xfff7fd00</origin>
         <length>0x9c</length>
         <used_space>0x9c</used_space>
         <unused_space>0x0</unused_space>
         <attributes>RWIX</attributes>
         <usage_details>
            <allocated_space>
               <start_address>0xfff7fd00</start_address>
               <size>0x9c</size>
               <logical_group_ref idref="lg-14"/>
            </allocated_space>
         </usage_details>
      </memory_area>
      <memory_area display="no" color="green">
         <name>MMC</name>
         <page_id>0x0</page_id>
         <origin>0xfffffd00</origin>
         <length>0x3c</length>
         <used_space>0x3c</used_space>
         <unused_space>0x0</unused_space>
         <attributes>RWIX</attributes>
         <usage_details>
            <allocated_space>
               <start_address>0xfffffd00</start_address>
               <size>0x3c</size>
               <logical_group_ref idref="lg-17"/>
            </allocated_space>
         </usage_details>
      </memory_area>
      <memory_area display="yes" color="green">
         <name>DEC</name>
         <page_id>0x0</page_id>
         <origin>0xfffffe00</origin>
         <length>0x9c</length>
         <used_space>0x9c</used_space>
         <unused_space>0x0</unused_space>
         <attributes>RWIX</attributes>
         <usage_details>
            <allocated_space>
               <start_address>0xfffffe00</start_address>
               <size>0x9c</size>
               <logical_group_ref idref="lg-16"/>
            </allocated_space>
         </usage_details>
      </memory_area>
      <memory_area display="no" color="green">
         <name>CIM</name>
         <page_id>0x0</page_id>
         <origin>0xffffff20</origin>
         <length>0x18</length>
         <used_space>0x18</used_space>
         <unused_space>0x0</unused_space>
         <attributes>RWIX</attributes>
         <usage_details>
            <allocated_space>
               <start_address>0xffffff20</start_address>
               <size>0x18</size>
               <logical_group_ref idref="lg-15"/>
            </allocated_space>
         </usage_details>
      </memory_area>
      <memory_area display="no" color="green">
         <name>SYS</name>
         <page_id>0x0</page_id>
         <origin>0xffffffd0</origin>
         <length>0x30</length>
         <used_space>0x30</used_space>
         <unused_space>0x0</unused_space>
         <attributes>RWIX</attributes>
         <usage_details>
            <allocated_space>
               <start_address>0xffffffd0</start_address>
               <size>0x30</size>
               <logical_group_ref idref="lg-18"/>
            </allocated_space>
         </usage_details>
      </memory_area>
   </placement_map>
   <veneer_list>
      <veneer>
         <callee_name>_clear_integrity_word</callee_name>
         <callee_addr>0xc30</callee_addr>
         <veneer_object_component_ref idref="oc-ef"/>
         <veneer_address>0xf08</veneer_address>
         <caller_list>
            <veneer_call_site>
               <caller_address>0x78</caller_address>
               <caller_object_component_ref idref="oc-b1-64ed04"/>
            </veneer_call_site>
         </caller_list>
      </veneer>
   </veneer_list>
   <symbol_table>
      <symbol id="sm-0">
         <name>_StackUSER_</name>
         <value>0x19f24</value>
      </symbol>
      <symbol id="sm-1">
         <name>_StackFIQ_</name>
         <value>0x19f94</value>
      </symbol>
      <symbol id="sm-2">
         <name>_StackIRQ_</name>
         <value>0x19fe8</value>
      </symbol>
      <symbol id="sm-3">
         <name>_StackABORT_</name>
         <value>0x19fec</value>
      </symbol>
      <symbol id="sm-4">
         <name>_StackUND_</name>
         <value>0x19ff0</value>
      </symbol>
      <symbol id="sm-5">
         <name>_StackSUPER_</name>
         <value>0x19ffc</value>
      </symbol>
      <symbol id="sm-6">
         <name>cinit</name>
         <value>0xffffffff</value>
      </symbol>
      <symbol id="sm-7">
         <name>___cinit__</name>
         <value>0xffffffff</value>
      </symbol>
      <symbol id="sm-8">
         <name>pinit</name>
         <value>0xffffffff</value>
      </symbol>
      <symbol id="sm-9">
         <name>___pinit__</name>
         <value>0xffffffff</value>
      </symbol>
      <symbol id="sm-a">
         <name>binit</name>
         <value>0xffffffff</value>
      </symbol>
      <symbol id="sm-b">
         <name>___binit__</name>
         <value>0xffffffff</value>
      </symbol>
      <symbol id="sm-c">
         <name>___c_args__</name>
         <value>0xffffffff</value>
      </symbol>
      <symbol id="sm-d">
         <name>.text</name>
         <value>0x20</value>
      </symbol>
      <symbol id="sm-e">
         <name>___text__</name>
         <value>0x20</value>
      </symbol>
      <symbol id="sm-f">
         <name>etext</name>
         <value>0xf18</value>
      </symbol>
[...]
         <value>0xbd0</value>
         <object_component_ref idref="oc-b4"/>
      </symbol>
      <symbol id="sm-188">
         <name>_set_supervisor_mode</name>
         <value>0xb38</value>
         <object_component_ref idref="oc-b4"/>
      </symbol>
      <symbol id="sm-189">
         <name>_enable_interrupt</name>
         <value>0xbb0</value>
         <object_component_ref idref="oc-b4"/>
      </symbol>
      <symbol id="sm-18a">
         <name>_clear_integrity_word</name>
         <value>0xc30</value>
         <object_component_ref idref="oc-b4"/>
      </symbol>
      <symbol id="sm-19c">
         <name>_standard_interrupt</name>
         <value>0xf04</value>
         <object_component_ref idref="oc-6f"/>
      </symbol>
      <symbol id="sm-221">
         <name>_setup_id</name>
         <value>0x11dc</value>
         <object_component_ref idref="oc-75"/>
      </symbol>
      <symbol id="sm-222">
         <name>_pmbus_read_write_iout_oc_warn_limit</name>
         <value>0xcf8</value>
         <object_component_ref idref="oc-ba"/>
      </symbol>
      <symbol id="sm-223">
         <name>_pmbus_read_write_vin_ov_warn_limit</name>
         <value>0xc94</value>
         <object_component_ref idref="oc-ba"/>
      </symbol>
      <symbol id="sm-224">
         <name>_pmbus_read_write_vin_off_limit</name>
         <value>0xca0</value>
         <object_component_ref idref="oc-ba"/>
      </symbol>
      <symbol id="sm-225">
         <name>_pmbus_read_write_status_bit_mask</name>
         <value>0xcc8</value>
         <object_component_ref idref="oc-ba"/>
      </symbol>
      <symbol id="sm-226">
         <name>_pmbus_read_write_vin_on_limit</name>
         <value>0xc9c</value>
         <object_component_ref idref="oc-ba"/>
      </symbol>
      <symbol id="sm-227">
         <name>_pmbus_read_write_frequency</name>
         <value>0xd10</value>
         <object_component_ref idref="oc-ba"/>
      </symbol>
      <symbol id="sm-228">
         <name>_pmbus_read_write_iout</name>
         <value>0xd00</value>
         <object_component_ref idref="oc-ba"/>
      </symbol>
      <symbol id="sm-229">
         <name>_pmbus_read_write_temp_mosfet</name>
         <value>0xcb4</value>
         <object_component_ref idref="oc-ba"/>
      </symbol>
      <symbol id="sm-22a">
         <name>_pmbus_read_write_vin_uv_fault_limit</name>
         <value>0xc90</value>
         <object_component_ref idref="oc-ba"/>
      </symbol>
      <symbol id="sm-22b">
         <name>_pmbus_read_write_vout_uv_fault_response</name>
         <value>0xc54</value>
         <object_component_ref idref="oc-ba"/>
      </symbol>
      <symbol id="sm-22c">
         <name>_pmbus_read_write_status_byte</name>
         <value>0xcc4</value>
         <object_component_ref idref="oc-ba"/>
      </symbol>
      <symbol id="sm-22d">
         <name>_pmbus_read_write_ton_rise</name>
         <value>0xca8</value>
         <object_component_ref idref="oc-ba"/>
      </symbol>
      <symbol id="sm-22e">
         <name>_pmbus_read_write_vin</name>
         <value>0xca4</value>
         <object_component_ref idref="oc-ba"/>
      </symbol>
      <symbol id="sm-22f">
         <name>_mfr_id</name>
         <value>0x1230</value>
         <object_component_ref idref="oc-75"/>
      </symbol>
      <symbol id="sm-230">
         <name>_pmbus_read_write_mode_switching_config</name>
         <value>0xce8</value>
         <object_component_ref idref="oc-ba"/>
      </symbol>
      <symbol id="sm-231">
         <name>_pmbus_read_write_iin_oc_warn_limit</name>
         <value>0xd04</value>
         <object_component_ref idref="oc-ba"/>
      </symbol>
      <symbol id="sm-232">
         <name>_pmbus_read_write_ishare_configure</name>
         <value>0xcf4</value>
         <object_component_ref idref="oc-ba"/>
      </symbol>
      <symbol id="sm-233">
         <name>_pmbus_read_write_vout_mode</name>
         <value>0xc68</value>
         <object_component_ref idref="oc-ba"/>
      </symbol>
      <symbol id="sm-234">
         <name>_pmbus_read_write_iin_oc_fault_limit</name>
         <value>0xd08</value>
         <object_component_ref idref="oc-ba"/>
      </symbol>
      <symbol id="sm-235">
         <name>_mfr_location</name>
         <value>0x120c</value>
         <object_component_ref idref="oc-75"/>
      </symbol>
      <symbol id="sm-236">
         <name>_pmbus_read_write_oc_fault_response</name>
         <value>0xce4</value>
         <object_component_ref idref="oc-ba"/>
      </symbol>
      <symbol id="sm-237">
         <name>_pmbus_read_write_vout_uv_warn_limit</name>
         <value>0xc50</value>
         <object_component_ref idref="oc-ba"/>
      </symbol>
      <symbol id="sm-238">
         <name>_pmbus_read_write_llc_sr_enable</name>
         <value>0xcec</value>
         <object_component_ref idref="oc-ba"/>
      </symbol>
      <symbol id="sm-239">
         <name>_pmbus_read_write_pfc_zvs_enable</name>
         <value>0xcd8</value>
         <object_component_ref idref="oc-ba"/>
      </symbol>
      <symbol id="sm-23a">
         <name>_pmbus_read_write_vout_transition_rate</name>
         <value>0xc5c</value>
         <object_component_ref idref="oc-ba"/>
      </symbol>
      <symbol id="sm-23b">
         <name>_pmbus_read_write_frequency_switch</name>
         <value>0xd0c</value>
         <object_component_ref idref="oc-ba"/>
      </symbol>
      <symbol id="sm-23c">
         <name>_pmbus_read_write_pfc_phase_2_enable</name>
         <value>0xcdc</value>
         <object_component_ref idref="oc-ba"/>
      </symbol>
      <symbol id="sm-23d">
         <name>_pmbus_read_write_filter_select</name>
         <value>0xd14</value>
         <object_component_ref idref="oc-ba"/>
      </symbol>
      <symbol id="sm-23e">
         <name>_pmbus_read_write_cpcc_config</name>
         <value>0xd20</value>
         <object_component_ref idref="oc-ba"/>
      </symbol>
      <symbol id="sm-23f">
         <name>_pmbus_read_write_vin_uv_warn_limit</name>
         <value>0xc8c</value>
         <object_component_ref idref="oc-ba"/>
      </symbol>
      <symbol id="sm-240">
         <name>_mfr_revision</name>
         <value>0x1200</value>
         <object_component_ref idref="oc-75"/>
      </symbol>
      <symbol id="sm-241">
         <name>_pmbus_read_write_pgood_off_limit</name>
         <value>0xcd4</value>
         <object_component_ref idref="oc-ba"/>
      </symbol>
      <symbol id="sm-242">
         <name>_pmbus_read_write_deadband_config</name>
         <value>0xd1c</value>
         <object_component_ref idref="oc-ba"/>
      </symbol>
      <symbol id="sm-243">
         <name>_pmbus_read_write_store_default_all</name>
         <value>0xcbc</value>
         <object_component_ref idref="oc-ba"/>
      </symbol>
      <symbol id="sm-244">
         <name>_pmbus_read_write_temp_ot_fault_limit</name>
         <value>0xcb0</value>
         <object_component_ref idref="oc-ba"/>
      </symbol>
      <symbol id="sm-245">
         <name>_pmbus_read_write_vout_ov_fault_limit</name>
         <value>0xc64</value>
         <object_component_ref idref="oc-ba"/>
      </symbol>
      <symbol id="sm-246">
         <name>_device_id_string</name>
         <value>0x7f58</value>
         <object_component_ref idref="oc-76"/>
      </symbol>
      <symbol id="sm-247">
         <name>_status_bit_mask</name>
         <value>0x11d0</value>
         <object_component_ref idref="oc-75"/>
      </symbol>
      <symbol id="sm-248">
         <name>_pmbus_read_write_light_load_config</name>
         <value>0xcf0</value>
         <object_component_ref idref="oc-ba"/>
      </symbol>
      <symbol id="sm-249">
         <name>_pmbus_read_write_temp_device</name>
         <value>0xcb8</value>
         <object_component_ref idref="oc-ba"/>
      </symbol>
      <symbol id="sm-24a">
         <name>_pmbus_read_write_iout_oc_fault_limit</name>
         <value>0xcfc</value>
         <object_component_ref idref="oc-ba"/>
      </symbol>
      <symbol id="sm-24b">
         <name>_pmbus_read_write_vout_ov_warn_limit</name>
         <value>0xc60</value>
         <object_component_ref idref="oc-ba"/>
      </symbol>
      <symbol id="sm-24c">
         <name>_mfr_ic_device_rev</name>
         <value>0x122c</value>
         <object_component_ref idref="oc-75"/>
      </symbol>
      <symbol id="sm-24d">
         <name>_mfr_model</name>
         <value>0x11ec</value>
         <object_component_ref idref="oc-75"/>
      </symbol>
      <symbol id="sm-24e">
         <name>_mfr_serial</name>
         <value>0x1218</value>
         <object_component_ref idref="oc-75"/>
      </symbol>
      <symbol id="sm-24f">
         <name>_pmbus_read_write_vin_ov_fault_limit</name>
         <value>0xc98</value>
         <object_component_ref idref="oc-ba"/>
      </symbol>
      <symbol id="sm-250">
         <name>_pmbus_read_write_pfc_os_enable</name>
         <value>0xce0</value>
         <object_component_ref idref="oc-ba"/>
      </symbol>
      <symbol id="sm-251">
         <name>_pmbus_read_write_temp_ot_warn_limit</name>
         <value>0xcac</value>
         <object_component_ref idref="oc-ba"/>
      </symbol>
      <symbol id="sm-252">
         <name>_mfr_date</name>
         <value>0x1204</value>
         <object_component_ref idref="oc-75"/>
      </symbol>
      <symbol id="sm-253">
         <name>_pmbus_read_write_pgood_on_limit</name>
         <value>0xcd0</value>
         <object_component_ref idref="oc-ba"/>
      </symbol>
      <symbol id="sm-254">
         <name>_pmbus_read_write_clear_faults</name>
         <value>0xd24</value>
         <object_component_ref idref="oc-ba"/>
      </symbol>
      <symbol id="sm-255">
         <name>_get_pmbus_address</name>
         <value>0xd28</value>
         <object_component_ref idref="oc-ba"/>
      </symbol>
      <symbol id="sm-256">
         <name>_pmbus_read_write_vout_command</name>
         <value>0xc84</value>
         <object_component_ref idref="oc-ba"/>
      </symbol>
      <symbol id="sm-257">
         <name>_mfr_ic_device</name>
         <value>0x1220</value>
         <object_component_ref idref="oc-75"/>
      </symbol>
      <symbol id="sm-258">
         <name>_pmbus_read_write_filter_gains</name>
         <value>0xd18</value>
         <object_component_ref idref="oc-ba"/>
      </symbol>
      <symbol id="sm-259">
         <name>_pmbus_read_write_vout</name>
         <value>0xc88</value>
         <object_component_ref idref="oc-ba"/>
      </symbol>
      <symbol id="sm-25a">
         <name>_pmbus_read_write_status_word</name>
         <value>0xcc0</value>
         <object_component_ref idref="oc-ba"/>
      </symbol>
      <symbol id="sm-25b">
         <name>_pmbus_read_write_vout_uv_fault_limit</name>
         <value>0xc58</value>
         <object_component_ref idref="oc-ba"/>
      </symbol>
      <symbol id="sm-25c">
         <name>_pmbus_read_write_restore_default_all</name>
         <value>0xccc</value>
         <object_component_ref idref="oc-ba"/>
      </symbol>
      <symbol id="sm-274">
         <name>_clear_program_flash</name>
         <value>0xe84</value>
         <object_component_ref idref="oc-b3"/>
      </symbol>
      <symbol id="sm-275">
         <name>_zero_out_integrity_word</name>
         <value>0xe38</value>
         <object_component_ref idref="oc-b3"/>
      </symbol>
      <symbol id="sm-2a2">
         <name>rom_main</name>
         <value>0xffffa4dc</value>
      </symbol>
      <symbol id="sm-2be">
         <name>_cmd_dcdc_paged</name>
         <value>0x12c8</value>
         <object_component_ref idref="oc-87"/>
      </symbol>
      <symbol id="sm-2bf">
         <name>_pmbus_index_array</name>
         <value>0x10d0</value>
         <object_component_ref idref="oc-b9"/>
      </symbol>
      <symbol id="sm-2c0">
         <name>_pmbus_read_write_message</name>
         <value>0xeb8</value>
         <object_component_ref idref="oc-b7"/>
      </symbol>
      <symbol id="sm-2c1">
         <name>_pmbus_commands</name>
         <value>0xf20</value>
         <object_component_ref idref="oc-b8"/>
      </symbol>
      <symbol id="sm-2c2">
         <name>_cmd_dcdc_nonpaged</name>
         <value>0x12e8</value>
         <object_component_ref idref="oc-87"/>
      </symbol>
      <symbol id="sm-37a">
         <name>_pmbus_read_write_rom_mode</name>
         <value>0xfc</value>
         <object_component_ref idref="oc-b1"/>
      </symbol>
      <symbol id="sm-37b">
         <name>_pmbus_read_write_device_id</name>
         <value>0x40c</value>
         <object_component_ref idref="oc-b1"/>
      </symbol>
      <symbol id="sm-37c">
         <name>_pmbus_read_two_byte_handler</name>
         <value>0x4f4</value>
         <object_component_ref idref="oc-b1"/>
      </symbol>
      <symbol id="sm-37d">
         <name>_pmbus_read_write_debug_buffer</name>
         <value>0x428</value>
         <object_component_ref idref="oc-b1"/>
      </symbol>
      <symbol id="sm-37e">
         <name>_pmbus_read_write_cmd_dcdc_paged</name>
         <value>0x45c</value>
         <object_component_ref idref="oc-b1"/>
      </symbol>
      <symbol id="sm-37f">
         <name>_pmbus_invalid_write</name>
         <value>0x124</value>
         <object_component_ref idref="oc-b1"/>
      </symbol>
      <symbol id="sm-380">
         <name>_pmbus_read_write_mfr_id</name>
         <value>0x370</value>
         <object_component_ref idref="oc-b1"/>
      </symbol>
      <symbol id="sm-381">
         <name>_pmbus_read_write_mfr_location</name>
         <value>0x354</value>
         <object_component_ref idref="oc-b1"/>
      </symbol>
      <symbol id="sm-382">
         <name>_pmbus_read_write_user_ram_00</name>
         <value>0x94</value>
         <object_component_ref idref="oc-b1"/>
      </symbol>
      <symbol id="sm-383">
         <name>_pmbus_read_write_capability</name>
         <value>0x4d8</value>
         <object_component_ref idref="oc-b1"/>
      </symbol>
      <symbol id="sm-384">
         <name>_init_pmbus</name>
         <value>0x508</value>
         <object_component_ref idref="oc-b1"/>
      </symbol>
      <symbol id="sm-385">
         <name>_watchdog_reset</name>
         <value>0x20</value>
         <object_component_ref idref="oc-b1"/>
      </symbol>
      <symbol id="sm-386">
         <name>_pmbus_read_write_mfr_ic_device</name>
         <value>0x3b0</value>
         <object_component_ref idref="oc-b1"/>
      </symbol>
      <symbol id="sm-387">
         <name>_pmbus_read_write_mfr_date</name>
         <value>0x3d4</value>
         <object_component_ref idref="oc-b1"/>
      </symbol>
      <symbol id="sm-388">
         <name>_yes_text</name>
         <value>0x12c4</value>
         <object_component_ref idref="oc-8d"/>
      </symbol>
      <symbol id="sm-389">
         <name>_pmbus_read_write_parm_info</name>
         <value>0x268</value>
         <object_component_ref idref="oc-b1"/>
      </symbol>
      <symbol id="sm-38a">
         <name>_pmbus_write_gui_constant</name>
         <value>0x88</value>
         <object_component_ref idref="oc-b1"/>
      </symbol>
      <symbol id="sm-38b">
         <name>_parm_mem_start</name>
         <value>0x1234</value>
         <object_component_ref idref="oc-b6"/>
      </symbol>
      <symbol id="sm-38c">
         <name>_debug_7_text</name>
         <value>0x12b8</value>
         <object_component_ref idref="oc-8d"/>
      </symbol>
      <symbol id="sm-38d">
         <name>_debug_6_text</name>
         <value>0x12b0</value>
         <object_component_ref idref="oc-8d"/>
      </symbol>
      <symbol id="sm-38e">
         <name>_debug_5_text</name>
         <value>0x12a8</value>
         <object_component_ref idref="oc-8d"/>
      </symbol>
      <symbol id="sm-38f">
         <name>_debug_4_text</name>
         <value>0x12a0</value>
         <object_component_ref idref="oc-8d"/>
      </symbol>
      <symbol id="sm-390">
         <name>_debug_3_text</name>
         <value>0x1298</value>
         <object_component_ref idref="oc-8d"/>
      </symbol>
      <symbol id="sm-391">
         <name>_debug_2_text</name>
         <value>0x1290</value>
         <object_component_ref idref="oc-8d"/>
      </symbol>
      <symbol id="sm-392">
         <name>_debug_1_text</name>
         <value>0x1288</value>
         <object_component_ref idref="oc-8d"/>
      </symbol>
      <symbol id="sm-393">
         <name>_debug_0_text</name>
         <value>0x1280</value>
         <object_component_ref idref="oc-8d"/>
      </symbol>
      <symbol id="sm-394">
         <name>_parm_mem_length</name>
         <value>0x1308</value>
         <object_component_ref idref="oc-b5"/>
      </symbol>
      <symbol id="sm-395">
         <name>_pmbus_read_write_mfr_serial</name>
         <value>0x300</value>
         <object_component_ref idref="oc-b1"/>
      </symbol>
      <symbol id="sm-396">
         <name>_pmbus_read_write_mfr_ic_device_rev</name>
         <value>0x390</value>
         <object_component_ref idref="oc-b1"/>
      </symbol>
      <symbol id="sm-397">
         <name>_pmbus_read_write_mfr_model</name>
         <value>0x338</value>
         <object_component_ref idref="oc-b1"/>
      </symbol>
      <symbol id="sm-398">
         <name>_pmbus_read_write_parm_value</name>
         <value>0x144</value>
         <object_component_ref idref="oc-b1"/>
      </symbol>
      <symbol id="sm-399">
         <name>_pmbus_read_write_mfr_revision</name>
         <value>0x31c</value>
         <object_component_ref idref="oc-b1"/>
      </symbol>
      <symbol id="sm-39a">
         <name>_send_string</name>
         <value>0x48</value>
         <object_component_ref idref="oc-b1"/>
      </symbol>
      <symbol id="sm-39b">
         <name>_pmbus_read_write_cmd_dcdc_nonpaged</name>
         <value>0x490</value>
         <object_component_ref idref="oc-b1"/>
      </symbol>
      <symbol id="sm-39c">
         <name>_pmbus_invalid_read</name>
         <value>0xb0</value>
         <object_component_ref idref="oc-b1"/>
      </symbol>
      <symbol id="sm-39d">
         <name>_na_text</name>
         <value>0x12c0</value>
         <object_component_ref idref="oc-8d"/>
      </symbol>
      <symbol id="sm-39e">
         <name>_pmbus_write_rom_mode</name>
         <value>0x6c</value>
         <object_component_ref idref="oc-b1"/>
      </symbol>
      <symbol id="sm-39f">
         <name>_pmbus_read_one_byte_handler</name>
         <value>0x114</value>
         <object_component_ref idref="oc-b1"/>
      </symbol>
      <symbol id="sm-3a0">
         <name>_pmbus_read_write_mfr_setup_id</name>
         <value>0x2e4</value>
         <object_component_ref idref="oc-b1"/>
      </symbol>
      <symbol id="sm-3a1">
         <name>_pmbus_read_write_pmbus_revision</name>
         <value>0x128</value>
         <object_component_ref idref="oc-b1"/>
      </symbol>
      <symbol id="sm-3a2">
         <name>_pmbus_read_write_invalid_command</name>
         <value>0x3f0</value>
         <object_component_ref idref="oc-b1"/>
      </symbol>
      <symbol id="sm-3e0">
         <name>_pmbus_read_block_handler</name>
         <value>0x8d8</value>
         <object_component_ref idref="oc-b2"/>
      </symbol>
      <symbol id="sm-3e1">
         <name>_pmbus_write_block_handler</name>
         <value>0x818</value>
         <object_component_ref idref="oc-b2"/>
      </symbol>
      <symbol id="sm-3e2">
         <name>_pmbus_idle_handler</name>
         <value>0x988</value>
         <object_component_ref idref="oc-b2"/>
      </symbol>
      <symbol id="sm-3e3">
         <name>_pmbus_handler</name>
         <value>0xa5c</value>
         <object_component_ref idref="oc-b2"/>
      </symbol>
      <symbol id="sm-3e4">
         <name>_pmbus_read_wait_for_eom_handler</name>
         <value>0x8b0</value>
         <object_component_ref idref="oc-b2"/>
      </symbol>
   </symbol_table>
   <title>Link successful</title>
</link_info>
