<?xml version="1.0"?>
<link_info>
   <banner>TI ARM Linker PC v5.2.9</banner>
   <copyright>Copyright (c) 1996-2017 Texas Instruments Incorporated</copyright>
   <link_time>0x666bcf3e</link_time>
   <link_errors>0x2e</link_errors>
   <output_file>UCD3138A_new_project.out</output_file>
   <entry_point>
      <name>_c_int00</name>
      <address>0x5f8</address>
   </entry_point>
   <input_file_list>
      <input_file id="fl-2">
         <path>.\</path>
         <kind>object</kind>
         <file>main.obj</file>
         <name>main.obj</name>
      </input_file>
      <input_file id="fl-3">
         <path>.\APP\Defintion\</path>
         <kind>object</kind>
         <file>cyclone_global_variables_defs.obj</file>
         <name>cyclone_global_variables_defs.obj</name>
      </input_file>
      <input_file id="fl-4">
         <path>.\APP\Interrupt\</path>
         <kind>object</kind>
         <file>interrupts.obj</file>
         <name>interrupts.obj</name>
      </input_file>
      <input_file id="fl-5">
         <path>.\APP\Interrupt\</path>
         <kind>object</kind>
         <file>software_interrupt.obj</file>
         <name>software_interrupt.obj</name>
      </input_file>
      <input_file id="fl-6">
         <path>.\APP\Interrupt\</path>
         <kind>object</kind>
         <file>software_interrupt_wrapper.obj</file>
         <name>software_interrupt_wrapper.obj</name>
      </input_file>
      <input_file id="fl-7">
         <path>.\APP\Interrupt\</path>
         <kind>object</kind>
         <file>standard_interrupt.obj</file>
         <name>standard_interrupt.obj</name>
      </input_file>
      <input_file id="fl-8">
         <path>.\Device\UCD3138A\Source\</path>
         <kind>object</kind>
         <file>clear_program_flash.obj</file>
         <name>clear_program_flash.obj</name>
      </input_file>
      <input_file id="fl-9">
         <path>.\Device\UCD3138A\Source\</path>
         <kind>object</kind>
         <file>load_UCD3138A.obj</file>
         <name>load_UCD3138A.obj</name>
      </input_file>
      <input_file id="fl-131">
         <path>D:\APP\CCS\ccs\tools\compiler\ti-cgt-arm_5.2.9\lib\</path>
         <kind>archive</kind>
         <file>rtsv4_A_be_tiarm9.lib</file>
         <name>copy_decompress_none.obj</name>
      </input_file>
      <input_file id="fl-132">
         <path>D:\APP\CCS\ccs\tools\compiler\ti-cgt-arm_5.2.9\lib\</path>
         <kind>archive</kind>
         <file>rtsv4_A_be_tiarm9.lib</file>
         <name>copy_decompress_rle.obj</name>
      </input_file>
      <input_file id="fl-133">
         <path>D:\APP\CCS\ccs\tools\compiler\ti-cgt-arm_5.2.9\lib\</path>
         <kind>archive</kind>
         <file>rtsv4_A_be_tiarm9.lib</file>
         <name>copy_zero_init.obj</name>
      </input_file>
      <input_file id="fl-134">
         <path>D:\APP\CCS\ccs\tools\compiler\ti-cgt-arm_5.2.9\lib\</path>
         <kind>archive</kind>
         <file>rtsv4_A_be_tiarm9.lib</file>
         <name>memcpy32.obj</name>
      </input_file>
      <input_file id="fl-135">
         <path>D:\APP\CCS\ccs\tools\compiler\ti-cgt-arm_5.2.9\lib\</path>
         <kind>archive</kind>
         <file>rtsv4_A_be_tiarm9.lib</file>
         <name>memset32.obj</name>
      </input_file>
   </input_file_list>
   <object_component_list>
      <object_component id="oc-61">
         <name>LoopMuxRegsFile</name>
         <uninitialized>true</uninitialized>
         <run_address>0x20000</run_address>
         <size>0x78</size>
         <input_file_ref idref="fl-3"/>
      </object_component>
      <object_component id="oc-59">
         <name>FaultMuxRegsFile</name>
         <uninitialized>true</uninitialized>
         <run_address>0x30000</run_address>
         <size>0x80</size>
         <input_file_ref idref="fl-3"/>
      </object_component>
      <object_component id="oc-67">
         <name>Uart0RegsFile</name>
         <uninitialized>true</uninitialized>
         <run_address>0xfff7ec00</run_address>
         <size>0x38</size>
         <input_file_ref idref="fl-3"/>
      </object_component>
      <object_component id="oc-68">
         <name>Uart1RegsFile</name>
         <uninitialized>true</uninitialized>
         <run_address>0xfff7ed00</run_address>
         <size>0x38</size>
         <input_file_ref idref="fl-3"/>
      </object_component>
      <object_component id="oc-52">
         <name>AdcRegsFile</name>
         <uninitialized>true</uninitialized>
         <run_address>0x40000</run_address>
         <size>0x98</size>
         <input_file_ref idref="fl-3"/>
      </object_component>
      <object_component id="oc-58">
         <name>Dpwm3RegsFile</name>
         <uninitialized>true</uninitialized>
         <run_address>0x50000</run_address>
         <size>0x8c</size>
         <input_file_ref idref="fl-3"/>
      </object_component>
      <object_component id="oc-60">
         <name>Filter2RegsFile</name>
         <uninitialized>true</uninitialized>
         <run_address>0x60000</run_address>
         <size>0x64</size>
         <input_file_ref idref="fl-3"/>
      </object_component>
      <object_component id="oc-57">
         <name>Dpwm2RegsFile</name>
         <uninitialized>true</uninitialized>
         <run_address>0x70000</run_address>
         <size>0x8c</size>
         <input_file_ref idref="fl-3"/>
      </object_component>
      <object_component id="oc-5c">
         <name>FeCtrl2RegsFile</name>
         <uninitialized>true</uninitialized>
         <run_address>0x80000</run_address>
         <size>0x44</size>
         <input_file_ref idref="fl-3"/>
      </object_component>
      <object_component id="oc-5e">
         <name>Filter1RegsFile</name>
         <uninitialized>true</uninitialized>
         <run_address>0x90000</run_address>
         <size>0x64</size>
         <input_file_ref idref="fl-3"/>
      </object_component>
      <object_component id="oc-56">
         <name>Dpwm1RegsFile</name>
         <uninitialized>true</uninitialized>
         <run_address>0xa0000</run_address>
         <size>0x8c</size>
         <input_file_ref idref="fl-3"/>
      </object_component>
      <object_component id="oc-5b">
         <name>FeCtrl1RegsFile</name>
         <uninitialized>true</uninitialized>
         <run_address>0xb0000</run_address>
         <size>0x44</size>
         <input_file_ref idref="fl-3"/>
      </object_component>
      <object_component id="oc-5d">
         <name>Filter0RegsFile</name>
         <uninitialized>true</uninitialized>
         <run_address>0xc0000</run_address>
         <size>0x64</size>
         <input_file_ref idref="fl-3"/>
      </object_component>
      <object_component id="oc-55">
         <name>Dpwm0RegsFile</name>
         <uninitialized>true</uninitialized>
         <run_address>0xd0000</run_address>
         <size>0x8c</size>
         <input_file_ref idref="fl-3"/>
      </object_component>
      <object_component id="oc-5a">
         <name>FeCtrl0RegsFile</name>
         <uninitialized>true</uninitialized>
         <run_address>0xe0000</run_address>
         <size>0x44</size>
         <input_file_ref idref="fl-3"/>
      </object_component>
      <object_component id="oc-62">
         <name>MiscAnalogRegsFile</name>
         <uninitialized>true</uninitialized>
         <run_address>0xfff7f000</run_address>
         <size>0x48</size>
         <input_file_ref idref="fl-3"/>
      </object_component>
      <object_component id="oc-64">
         <name>PMBusRegsFile</name>
         <uninitialized>true</uninitialized>
         <run_address>0xfff7f600</run_address>
         <size>0x24</size>
         <input_file_ref idref="fl-3"/>
      </object_component>
      <object_component id="oc-5f">
         <name>GioRegsFile</name>
         <uninitialized>true</uninitialized>
         <run_address>0xfff7fa00</run_address>
         <size>0x40</size>
         <input_file_ref idref="fl-3"/>
      </object_component>
      <object_component id="oc-66">
         <name>TimerRegsFile</name>
         <uninitialized>true</uninitialized>
         <run_address>0xfff7fd00</run_address>
         <size>0x9c</size>
         <input_file_ref idref="fl-3"/>
      </object_component>
      <object_component id="oc-53">
         <name>CimRegsFile</name>
         <uninitialized>true</uninitialized>
         <run_address>0xffffff20</run_address>
         <size>0x18</size>
         <input_file_ref idref="fl-3"/>
      </object_component>
      <object_component id="oc-54">
         <name>DecRegsFile</name>
         <uninitialized>true</uninitialized>
         <run_address>0xfffffe00</run_address>
         <size>0x9c</size>
         <input_file_ref idref="fl-3"/>
      </object_component>
      <object_component id="oc-63">
         <name>MmcRegsFile</name>
         <uninitialized>true</uninitialized>
         <run_address>0xfffffd00</run_address>
         <size>0x3c</size>
         <input_file_ref idref="fl-3"/>
      </object_component>
      <object_component id="oc-65">
         <name>SysRegsFile</name>
         <uninitialized>true</uninitialized>
         <run_address>0xffffffd0</run_address>
         <size>0x30</size>
         <input_file_ref idref="fl-3"/>
      </object_component>
      <object_component id="oc-71">
         <name>.text:retain</name>
         <load_address>0x20</load_address>
         <run_address>0x20</run_address>
         <size>0x424</size>
         <input_file_ref idref="fl-5"/>
      </object_component>
      <object_component id="oc-86">
         <name>.text</name>
         <load_address>0x444</load_address>
         <run_address>0x444</run_address>
         <size>0xd8</size>
         <input_file_ref idref="fl-9"/>
      </object_component>
      <object_component id="oc-a6">
         <name>.text</name>
         <load_address>0x51c</load_address>
         <run_address>0x51c</run_address>
         <size>0xc8</size>
         <input_file_ref idref="fl-8"/>
      </object_component>
      <object_component id="oc-6b">
         <name>.text:retain</name>
         <load_address>0x5e4</load_address>
         <run_address>0x5e4</run_address>
         <size>0x10</size>
         <input_file_ref idref="fl-4"/>
      </object_component>
      <object_component id="oc-47">
         <name>.text</name>
         <load_address>0x5f4</load_address>
         <run_address>0x5f4</run_address>
         <size>0x8</size>
         <input_file_ref idref="fl-2"/>
      </object_component>
      <object_component id="oc-7c">
         <name>.text:retain</name>
         <load_address>0x5fc</load_address>
         <run_address>0x5fc</run_address>
         <size>0x4</size>
         <input_file_ref idref="fl-7"/>
      </object_component>
      <object_component id="oc-f2">
         <name>.tramp._c_int00.1</name>
         <load_address>0x600</load_address>
         <run_address>0x600</run_address>
         <size>0x10</size>
         <input_file_ref idref="fl-2"/>
      </object_component>
      <object_component id="oc-87">
         <name>.vectors</name>
         <load_address>0x0</load_address>
         <run_address>0x0</run_address>
         <size>0x20</size>
         <input_file_ref idref="fl-9"/>
      </object_component>
      <object_component id="oc-48">
         <name>.bss</name>
         <uninitialized>true</uninitialized>
         <run_address>0x1919c</run_address>
         <size>0x53</size>
         <input_file_ref idref="fl-2"/>
      </object_component>
      <object_component id="oc-4a">
         <name>.bss:_program_area</name>
         <uninitialized>true</uninitialized>
         <run_address>0x1911c</run_address>
         <size>0x80</size>
         <input_file_ref idref="fl-2"/>
      </object_component>
      <object_component id="oc-4b">
         <name>.bss:_xn_bins</name>
         <uninitialized>true</uninitialized>
         <run_address>0x1901c</run_address>
         <size>0x100</size>
         <input_file_ref idref="fl-2"/>
      </object_component>
      <object_component id="oc-4c">
         <name>.bss:_pmbus_buffer</name>
         <uninitialized>true</uninitialized>
         <run_address>0x191f0</run_address>
         <size>0x34</size>
         <input_file_ref idref="fl-2"/>
      </object_component>
      <object_component id="oc-2a">
         <name>_StackUSER_</name>
         <uninitialized>true</uninitialized>
         <run_address>0x19e6c</run_address>
         <size>0x0</size>
      </object_component>
      <object_component id="oc-49">
         <name>.debug_info</name>
         <load_address>0x0</load_address>
         <run_address>0x0</run_address>
         <size>0x911</size>
         <input_file_ref idref="fl-2"/>
      </object_component>
      <object_component id="oc-51">
         <name>.debug_info</name>
         <load_address>0x911</load_address>
         <run_address>0x911</run_address>
         <size>0x178b8</size>
         <input_file_ref idref="fl-3"/>
      </object_component>
      <object_component id="oc-6a">
         <name>.debug_info</name>
         <load_address>0x181c9</load_address>
         <run_address>0x181c9</run_address>
         <size>0x3cc</size>
         <input_file_ref idref="fl-4"/>
      </object_component>
      <object_component id="oc-70">
         <name>.debug_info</name>
         <load_address>0x18595</load_address>
         <run_address>0x18595</run_address>
         <size>0x2b6b</size>
         <input_file_ref idref="fl-5"/>
      </object_component>
      <object_component id="oc-76">
         <name>.debug_info</name>
         <load_address>0x1b100</load_address>
         <run_address>0x1b100</run_address>
         <size>0x20e</size>
         <input_file_ref idref="fl-6"/>
      </object_component>
      <object_component id="oc-7b">
         <name>.debug_info</name>
         <load_address>0x1b30e</load_address>
         <run_address>0x1b30e</run_address>
         <size>0x23c</size>
         <input_file_ref idref="fl-7"/>
      </object_component>
      <object_component id="oc-81">
         <name>.debug_info</name>
         <load_address>0x1b54a</load_address>
         <run_address>0x1b54a</run_address>
         <size>0x15de</size>
         <input_file_ref idref="fl-8"/>
      </object_component>
      <object_component id="oc-88">
         <name>.debug_info</name>
         <load_address>0x1cb28</load_address>
         <run_address>0x1cb28</run_address>
         <size>0x180</size>
         <input_file_ref idref="fl-9"/>
      </object_component>
      <object_component id="oc-8c">
         <name>.debug_info</name>
         <load_address>0x1cca8</load_address>
         <run_address>0x1cca8</run_address>
         <size>0x222</size>
         <input_file_ref idref="fl-131"/>
      </object_component>
      <object_component id="oc-91">
         <name>.debug_info</name>
         <load_address>0x1ceca</load_address>
         <run_address>0x1ceca</run_address>
         <size>0x203</size>
         <input_file_ref idref="fl-132"/>
      </object_component>
      <object_component id="oc-96">
         <name>.debug_info</name>
         <load_address>0x1d0cd</load_address>
         <run_address>0x1d0cd</run_address>
         <size>0x211</size>
         <input_file_ref idref="fl-133"/>
      </object_component>
      <object_component id="oc-9b">
         <name>.debug_info</name>
         <load_address>0x1d2de</load_address>
         <run_address>0x1d2de</run_address>
         <size>0xab</size>
         <input_file_ref idref="fl-134"/>
      </object_component>
      <object_component id="oc-9f">
         <name>.debug_info</name>
         <load_address>0x1d389</load_address>
         <run_address>0x1d389</run_address>
         <size>0xab</size>
         <input_file_ref idref="fl-135"/>
      </object_component>
      <object_component id="oc-f3">
         <name>.debug_info</name>
         <load_address>0x1d434</load_address>
         <run_address>0x1d434</run_address>
         <size>0xfb</size>
      </object_component>
      <object_component id="oc-4d">
         <name>.debug_frame</name>
         <load_address>0x0</load_address>
         <run_address>0x0</run_address>
         <size>0x51</size>
         <input_file_ref idref="fl-2"/>
      </object_component>
      <object_component id="oc-6c">
         <name>.debug_frame</name>
         <load_address>0x51</load_address>
         <run_address>0x51</run_address>
         <size>0x74</size>
         <input_file_ref idref="fl-4"/>
      </object_component>
      <object_component id="oc-72">
         <name>.debug_frame</name>
         <load_address>0xc5</load_address>
         <run_address>0xc5</run_address>
         <size>0x4d</size>
         <input_file_ref idref="fl-5"/>
      </object_component>
      <object_component id="oc-77">
         <name>.debug_frame</name>
         <load_address>0x112</load_address>
         <run_address>0x112</run_address>
         <size>0x30</size>
         <input_file_ref idref="fl-6"/>
      </object_component>
      <object_component id="oc-7d">
         <name>.debug_frame</name>
         <load_address>0x142</load_address>
         <run_address>0x142</run_address>
         <size>0x41</size>
         <input_file_ref idref="fl-7"/>
      </object_component>
      <object_component id="oc-82">
         <name>.debug_frame</name>
         <load_address>0x183</load_address>
         <run_address>0x183</run_address>
         <size>0x52</size>
         <input_file_ref idref="fl-8"/>
      </object_component>
      <object_component id="oc-8d">
         <name>.debug_frame</name>
         <load_address>0x1d5</load_address>
         <run_address>0x1d5</run_address>
         <size>0x30</size>
         <input_file_ref idref="fl-131"/>
      </object_component>
      <object_component id="oc-92">
         <name>.debug_frame</name>
         <load_address>0x205</load_address>
         <run_address>0x205</run_address>
         <size>0x30</size>
         <input_file_ref idref="fl-132"/>
      </object_component>
      <object_component id="oc-97">
         <name>.debug_frame</name>
         <load_address>0x235</load_address>
         <run_address>0x235</run_address>
         <size>0x30</size>
         <input_file_ref idref="fl-133"/>
      </object_component>
      <object_component id="oc-4e">
         <name>.debug_line</name>
         <load_address>0x0</load_address>
         <run_address>0x0</run_address>
         <size>0x57</size>
         <input_file_ref idref="fl-2"/>
      </object_component>
      <object_component id="oc-6d">
         <name>.debug_line</name>
         <load_address>0x57</load_address>
         <run_address>0x57</run_address>
         <size>0x8f</size>
         <input_file_ref idref="fl-4"/>
      </object_component>
      <object_component id="oc-73">
         <name>.debug_line</name>
         <load_address>0xe6</load_address>
         <run_address>0xe6</run_address>
         <size>0x129</size>
         <input_file_ref idref="fl-5"/>
      </object_component>
      <object_component id="oc-78">
         <name>.debug_line</name>
         <load_address>0x20f</load_address>
         <run_address>0x20f</run_address>
         <size>0x4e</size>
         <input_file_ref idref="fl-6"/>
      </object_component>
      <object_component id="oc-7e">
         <name>.debug_line</name>
         <load_address>0x25d</load_address>
         <run_address>0x25d</run_address>
         <size>0x5e</size>
         <input_file_ref idref="fl-7"/>
      </object_component>
      <object_component id="oc-83">
         <name>.debug_line</name>
         <load_address>0x2bb</load_address>
         <run_address>0x2bb</run_address>
         <size>0x94</size>
         <input_file_ref idref="fl-8"/>
      </object_component>
      <object_component id="oc-89">
         <name>.debug_line</name>
         <load_address>0x34f</load_address>
         <run_address>0x34f</run_address>
         <size>0xba</size>
         <input_file_ref idref="fl-9"/>
      </object_component>
      <object_component id="oc-8e">
         <name>.debug_line</name>
         <load_address>0x409</load_address>
         <run_address>0x409</run_address>
         <size>0x37</size>
         <input_file_ref idref="fl-131"/>
      </object_component>
      <object_component id="oc-93">
         <name>.debug_line</name>
         <load_address>0x440</load_address>
         <run_address>0x440</run_address>
         <size>0x36</size>
         <input_file_ref idref="fl-132"/>
      </object_component>
      <object_component id="oc-98">
         <name>.debug_line</name>
         <load_address>0x476</load_address>
         <run_address>0x476</run_address>
         <size>0x31</size>
         <input_file_ref idref="fl-133"/>
      </object_component>
      <object_component id="oc-9c">
         <name>.debug_line</name>
         <load_address>0x4a7</load_address>
         <run_address>0x4a7</run_address>
         <size>0x2d</size>
         <input_file_ref idref="fl-134"/>
      </object_component>
      <object_component id="oc-a0">
         <name>.debug_line</name>
         <load_address>0x4d4</load_address>
         <run_address>0x4d4</run_address>
         <size>0x2d</size>
         <input_file_ref idref="fl-135"/>
      </object_component>
      <object_component id="oc-4f">
         <name>.debug_abbrev</name>
         <load_address>0x0</load_address>
         <run_address>0x0</run_address>
         <size>0xa9</size>
         <input_file_ref idref="fl-2"/>
      </object_component>
      <object_component id="oc-69">
         <name>.debug_abbrev</name>
         <load_address>0xa9</load_address>
         <run_address>0xa9</run_address>
         <size>0x93</size>
         <input_file_ref idref="fl-3"/>
      </object_component>
      <object_component id="oc-6e">
         <name>.debug_abbrev</name>
         <load_address>0x13c</load_address>
         <run_address>0x13c</run_address>
         <size>0x5b</size>
         <input_file_ref idref="fl-4"/>
      </object_component>
      <object_component id="oc-74">
         <name>.debug_abbrev</name>
         <load_address>0x197</load_address>
         <run_address>0x197</run_address>
         <size>0x11f</size>
         <input_file_ref idref="fl-5"/>
      </object_component>
      <object_component id="oc-79">
         <name>.debug_abbrev</name>
         <load_address>0x2b6</load_address>
         <run_address>0x2b6</run_address>
         <size>0xa4</size>
         <input_file_ref idref="fl-6"/>
      </object_component>
      <object_component id="oc-7f">
         <name>.debug_abbrev</name>
         <load_address>0x35a</load_address>
         <run_address>0x35a</run_address>
         <size>0x5b</size>
         <input_file_ref idref="fl-7"/>
      </object_component>
      <object_component id="oc-84">
         <name>.debug_abbrev</name>
         <load_address>0x3b5</load_address>
         <run_address>0x3b5</run_address>
         <size>0xc8</size>
         <input_file_ref idref="fl-8"/>
      </object_component>
      <object_component id="oc-8a">
         <name>.debug_abbrev</name>
         <load_address>0x47d</load_address>
         <run_address>0x47d</run_address>
         <size>0x4f</size>
         <input_file_ref idref="fl-9"/>
      </object_component>
      <object_component id="oc-8f">
         <name>.debug_abbrev</name>
         <load_address>0x4cc</load_address>
         <run_address>0x4cc</run_address>
         <size>0xb0</size>
         <input_file_ref idref="fl-131"/>
      </object_component>
      <object_component id="oc-94">
         <name>.debug_abbrev</name>
         <load_address>0x57c</load_address>
         <run_address>0x57c</run_address>
         <size>0xf2</size>
         <input_file_ref idref="fl-132"/>
      </object_component>
      <object_component id="oc-99">
         <name>.debug_abbrev</name>
         <load_address>0x66e</load_address>
         <run_address>0x66e</run_address>
         <size>0xb0</size>
         <input_file_ref idref="fl-133"/>
      </object_component>
      <object_component id="oc-9d">
         <name>.debug_abbrev</name>
         <load_address>0x71e</load_address>
         <run_address>0x71e</run_address>
         <size>0x48</size>
         <input_file_ref idref="fl-134"/>
      </object_component>
      <object_component id="oc-a1">
         <name>.debug_abbrev</name>
         <load_address>0x766</load_address>
         <run_address>0x766</run_address>
         <size>0x3a</size>
         <input_file_ref idref="fl-135"/>
      </object_component>
      <object_component id="oc-f4">
         <name>.debug_abbrev</name>
         <load_address>0x7a0</load_address>
         <run_address>0x7a0</run_address>
         <size>0x24</size>
      </object_component>
      <object_component id="oc-50">
         <name>.debug_aranges</name>
         <load_address>0x0</load_address>
         <run_address>0x0</run_address>
         <size>0x28</size>
         <input_file_ref idref="fl-2"/>
      </object_component>
      <object_component id="oc-6f">
         <name>.debug_aranges</name>
         <load_address>0x28</load_address>
         <run_address>0x28</run_address>
         <size>0x38</size>
         <input_file_ref idref="fl-4"/>
      </object_component>
      <object_component id="oc-75">
         <name>.debug_aranges</name>
         <load_address>0x60</load_address>
         <run_address>0x60</run_address>
         <size>0x20</size>
         <input_file_ref idref="fl-5"/>
      </object_component>
      <object_component id="oc-7a">
         <name>.debug_aranges</name>
         <load_address>0x80</load_address>
         <run_address>0x80</run_address>
         <size>0x18</size>
         <input_file_ref idref="fl-6"/>
      </object_component>
      <object_component id="oc-80">
         <name>.debug_aranges</name>
         <load_address>0x98</load_address>
         <run_address>0x98</run_address>
         <size>0x20</size>
         <input_file_ref idref="fl-7"/>
      </object_component>
      <object_component id="oc-85">
         <name>.debug_aranges</name>
         <load_address>0xb8</load_address>
         <run_address>0xb8</run_address>
         <size>0x28</size>
         <input_file_ref idref="fl-8"/>
      </object_component>
      <object_component id="oc-8b">
         <name>.debug_aranges</name>
         <load_address>0xe0</load_address>
         <run_address>0xe0</run_address>
         <size>0x28</size>
         <input_file_ref idref="fl-9"/>
      </object_component>
      <object_component id="oc-90">
         <name>.debug_aranges</name>
         <load_address>0x108</load_address>
         <run_address>0x108</run_address>
         <size>0x18</size>
         <input_file_ref idref="fl-131"/>
      </object_component>
      <object_component id="oc-95">
         <name>.debug_aranges</name>
         <load_address>0x120</load_address>
         <run_address>0x120</run_address>
         <size>0x18</size>
         <input_file_ref idref="fl-132"/>
      </object_component>
      <object_component id="oc-9a">
         <name>.debug_aranges</name>
         <load_address>0x138</load_address>
         <run_address>0x138</run_address>
         <size>0x18</size>
         <input_file_ref idref="fl-133"/>
      </object_component>
      <object_component id="oc-9e">
         <name>.debug_aranges</name>
         <load_address>0x150</load_address>
         <run_address>0x150</run_address>
         <size>0x18</size>
         <input_file_ref idref="fl-134"/>
      </object_component>
      <object_component id="oc-a2">
         <name>.debug_aranges</name>
         <load_address>0x168</load_address>
         <run_address>0x168</run_address>
         <size>0x18</size>
         <input_file_ref idref="fl-135"/>
      </object_component>
   </object_component_list>
   <logical_group_list>
      <logical_group id="lg-2" display="no" color="cyan">
         <name>LoopMuxRegsFile</name>
         <run_address>0x20000</run_address>
         <size>0x78</size>
         <contents>
            <object_component_ref idref="oc-61"/>
         </contents>
      </logical_group>
      <logical_group id="lg-3" display="no" color="cyan">
         <name>FaultMuxRegsFile</name>
         <run_address>0x30000</run_address>
         <size>0x80</size>
         <contents>
            <object_component_ref idref="oc-59"/>
         </contents>
      </logical_group>
      <logical_group id="lg-4" display="no" color="cyan">
         <name>Uart0RegsFile</name>
         <run_address>0xfff7ec00</run_address>
         <size>0x38</size>
         <contents>
            <object_component_ref idref="oc-67"/>
         </contents>
      </logical_group>
      <logical_group id="lg-5" display="no" color="cyan">
         <name>Uart1RegsFile</name>
         <run_address>0xfff7ed00</run_address>
         <size>0x38</size>
         <contents>
            <object_component_ref idref="oc-68"/>
         </contents>
      </logical_group>
      <logical_group id="lg-6" display="no" color="cyan">
         <name>AdcRegsFile</name>
         <run_address>0x40000</run_address>
         <size>0x98</size>
         <contents>
            <object_component_ref idref="oc-52"/>
         </contents>
      </logical_group>
      <logical_group id="lg-7" display="no" color="cyan">
         <name>Dpwm3RegsFile</name>
         <run_address>0x50000</run_address>
         <size>0x8c</size>
         <contents>
            <object_component_ref idref="oc-58"/>
         </contents>
      </logical_group>
      <logical_group id="lg-8" display="no" color="cyan">
         <name>Filter2RegsFile</name>
         <run_address>0x60000</run_address>
         <size>0x64</size>
         <contents>
            <object_component_ref idref="oc-60"/>
         </contents>
      </logical_group>
      <logical_group id="lg-9" display="no" color="cyan">
         <name>Dpwm2RegsFile</name>
         <run_address>0x70000</run_address>
         <size>0x8c</size>
         <contents>
            <object_component_ref idref="oc-57"/>
         </contents>
      </logical_group>
      <logical_group id="lg-a" display="no" color="cyan">
         <name>FeCtrl2RegsFile</name>
         <run_address>0x80000</run_address>
         <size>0x44</size>
         <contents>
            <object_component_ref idref="oc-5c"/>
         </contents>
      </logical_group>
      <logical_group id="lg-b" display="no" color="cyan">
         <name>Filter1RegsFile</name>
         <run_address>0x90000</run_address>
         <size>0x64</size>
         <contents>
            <object_component_ref idref="oc-5e"/>
         </contents>
      </logical_group>
      <logical_group id="lg-c" display="no" color="cyan">
         <name>Dpwm1RegsFile</name>
         <run_address>0xa0000</run_address>
         <size>0x8c</size>
         <contents>
            <object_component_ref idref="oc-56"/>
         </contents>
      </logical_group>
      <logical_group id="lg-d" display="no" color="cyan">
         <name>FeCtrl1RegsFile</name>
         <run_address>0xb0000</run_address>
         <size>0x44</size>
         <contents>
            <object_component_ref idref="oc-5b"/>
         </contents>
      </logical_group>
      <logical_group id="lg-e" display="no" color="cyan">
         <name>Filter0RegsFile</name>
         <run_address>0xc0000</run_address>
         <size>0x64</size>
         <contents>
            <object_component_ref idref="oc-5d"/>
         </contents>
      </logical_group>
      <logical_group id="lg-f" display="no" color="cyan">
         <name>Dpwm0RegsFile</name>
         <run_address>0xd0000</run_address>
         <size>0x8c</size>
         <contents>
            <object_component_ref idref="oc-55"/>
         </contents>
      </logical_group>
      <logical_group id="lg-10" display="no" color="cyan">
         <name>FeCtrl0RegsFile</name>
         <run_address>0xe0000</run_address>
         <size>0x44</size>
         <contents>
            <object_component_ref idref="oc-5a"/>
         </contents>
      </logical_group>
      <logical_group id="lg-11" display="no" color="cyan">
         <name>MiscAnalogRegsFile</name>
         <run_address>0xfff7f000</run_address>
         <size>0x48</size>
         <contents>
            <object_component_ref idref="oc-62"/>
         </contents>
      </logical_group>
      <logical_group id="lg-12" display="no" color="cyan">
         <name>PMBusRegsFile</name>
         <run_address>0xfff7f600</run_address>
         <size>0x24</size>
         <contents>
            <object_component_ref idref="oc-64"/>
         </contents>
      </logical_group>
      <logical_group id="lg-13" display="no" color="cyan">
         <name>GioRegsFile</name>
         <run_address>0xfff7fa00</run_address>
         <size>0x40</size>
         <contents>
            <object_component_ref idref="oc-5f"/>
         </contents>
      </logical_group>
      <logical_group id="lg-14" display="no" color="cyan">
         <name>TimerRegsFile</name>
         <run_address>0xfff7fd00</run_address>
         <size>0x9c</size>
         <contents>
            <object_component_ref idref="oc-66"/>
         </contents>
      </logical_group>
      <logical_group id="lg-15" display="no" color="cyan">
         <name>CimRegsFile</name>
         <run_address>0xffffff20</run_address>
         <size>0x18</size>
         <contents>
            <object_component_ref idref="oc-53"/>
         </contents>
      </logical_group>
      <logical_group id="lg-16" display="no" color="cyan">
         <name>DecRegsFile</name>
         <run_address>0xfffffe00</run_address>
         <size>0x9c</size>
         <contents>
            <object_component_ref idref="oc-54"/>
         </contents>
      </logical_group>
      <logical_group id="lg-17" display="no" color="cyan">
         <name>MmcRegsFile</name>
         <run_address>0xfffffd00</run_address>
         <size>0x3c</size>
         <contents>
            <object_component_ref idref="oc-63"/>
         </contents>
      </logical_group>
      <logical_group id="lg-18" display="no" color="cyan">
         <name>SysRegsFile</name>
         <run_address>0xffffffd0</run_address>
         <size>0x30</size>
         <contents>
            <object_component_ref idref="oc-65"/>
         </contents>
      </logical_group>
      <logical_group id="lg-19" display="no" color="cyan">
         <name>.fiq</name>
         <run_address>0x0</run_address>
         <size>0x0</size>
         <contents>
         </contents>
      </logical_group>
      <logical_group id="lg-1a" display="no" color="cyan">
         <name>.text</name>
         <load_address>0x20</load_address>
         <run_address>0x20</run_address>
         <size>0x5f0</size>
         <contents>
            <object_component_ref idref="oc-71"/>
            <object_component_ref idref="oc-86"/>
            <object_component_ref idref="oc-a6"/>
            <object_component_ref idref="oc-6b"/>
            <object_component_ref idref="oc-47"/>
            <object_component_ref idref="oc-7c"/>
            <object_component_ref idref="oc-f2"/>
         </contents>
      </logical_group>
      <logical_group id="lg-1b" display="no" color="cyan">
         <name>.const</name>
         <run_address>0x0</run_address>
         <size>0x0</size>
         <contents>
         </contents>
      </logical_group>
      <logical_group id="lg-1c" display="no" color="cyan">
         <name>.cinit</name>
         <run_address>0x0</run_address>
         <size>0x0</size>
         <contents>
         </contents>
      </logical_group>
      <logical_group id="lg-1d" display="no" color="cyan">
         <name>FixedDeviceID</name>
         <run_address>0x0</run_address>
         <size>0x0</size>
         <contents>
         </contents>
      </logical_group>
      <logical_group id="lg-1e" display="no" color="cyan">
         <name>FixedTfaStep</name>
         <run_address>0x0</run_address>
         <size>0x0</size>
         <contents>
         </contents>
      </logical_group>
      <logical_group id="lg-1f" display="no" color="cyan">
         <name>FixedConstants</name>
         <run_address>0x0</run_address>
         <size>0x0</size>
         <contents>
         </contents>
      </logical_group>
      <logical_group id="lg-20" display="no" color="cyan">
         <name>.flashi</name>
         <run_address>0x0</run_address>
         <size>0x0</size>
         <contents>
         </contents>
      </logical_group>
      <logical_group id="lg-21" display="no" color="cyan">
         <name>.vectors</name>
         <load_address>0x0</load_address>
         <run_address>0x0</run_address>
         <size>0x20</size>
         <contents>
            <object_component_ref idref="oc-87"/>
         </contents>
      </logical_group>
      <logical_group id="lg-22" display="no" color="cyan">
         <name>.sine</name>
         <run_address>0x0</run_address>
         <size>0x0</size>
         <contents>
         </contents>
      </logical_group>
      <logical_group id="lg-23" display="no" color="cyan">
         <name>.dflash</name>
         <run_address>0x0</run_address>
         <size>0x0</size>
         <contents>
         </contents>
      </logical_group>
      <logical_group id="lg-24" display="no" color="cyan">
         <name>.CONFIG</name>
         <run_address>0x0</run_address>
         <size>0x0</size>
         <contents>
         </contents>
      </logical_group>
      <logical_group id="lg-25" display="no" color="cyan">
         <name>.CONFIG_B</name>
         <run_address>0x0</run_address>
         <size>0x0</size>
         <contents>
         </contents>
      </logical_group>
      <logical_group id="lg-26" display="no" color="cyan">
         <name>.PASSW</name>
         <run_address>0x0</run_address>
         <size>0x0</size>
         <contents>
         </contents>
      </logical_group>
      <logical_group id="lg-27" display="no" color="cyan">
         <name>TesterVars</name>
         <run_address>0x0</run_address>
         <size>0x0</size>
         <contents>
         </contents>
      </logical_group>
      <logical_group id="lg-28" display="no" color="cyan">
         <name>.bss</name>
         <run_address>0x1901c</run_address>
         <size>0x208</size>
         <contents>
            <object_component_ref idref="oc-48"/>
            <object_component_ref idref="oc-4a"/>
            <object_component_ref idref="oc-4b"/>
            <object_component_ref idref="oc-4c"/>
         </contents>
      </logical_group>
      <logical_group id="lg-29" display="no" color="cyan">
         <name>.stack</name>
         <run_address>0x19e6c</run_address>
         <size>0x0</size>
         <contents>
            <object_component_ref idref="oc-2a"/>
         </contents>
      </logical_group>
      <logical_group id="lg-2b" display="no" color="cyan">
         <name>.romlock</name>
         <run_address>0x0</run_address>
         <size>0x0</size>
         <contents>
         </contents>
      </logical_group>
      <logical_group id="lg-2c" display="no" color="cyan">
         <name>LoopMuxRegsFile</name>
         <run_address>0x0</run_address>
         <size>0x0</size>
         <contents>
         </contents>
      </logical_group>
      <logical_group id="lg-2d" display="no" color="cyan">
         <name>FaultMuxRegsFile</name>
         <run_address>0x0</run_address>
         <size>0x0</size>
         <contents>
         </contents>
      </logical_group>
      <logical_group id="lg-2e" display="no" color="cyan">
         <name>Uart0RegsFile</name>
         <run_address>0x0</run_address>
         <size>0x0</size>
         <contents>
         </contents>
      </logical_group>
      <logical_group id="lg-2f" display="no" color="cyan">
         <name>Uart1RegsFile</name>
         <run_address>0x0</run_address>
         <size>0x0</size>
         <contents>
         </contents>
      </logical_group>
      <logical_group id="lg-30" display="no" color="cyan">
         <name>AdcRegsFile</name>
         <run_address>0x0</run_address>
         <size>0x0</size>
         <contents>
         </contents>
      </logical_group>
      <logical_group id="lg-31" display="no" color="cyan">
         <name>Dpwm3RegsFile</name>
         <run_address>0x0</run_address>
         <size>0x0</size>
         <contents>
         </contents>
      </logical_group>
      <logical_group id="lg-32" display="no" color="cyan">
         <name>Filter2RegsFile</name>
         <run_address>0x0</run_address>
         <size>0x0</size>
         <contents>
         </contents>
      </logical_group>
      <logical_group id="lg-33" display="no" color="cyan">
         <name>Dpwm2RegsFile</name>
         <run_address>0x0</run_address>
         <size>0x0</size>
         <contents>
         </contents>
      </logical_group>
      <logical_group id="lg-34" display="no" color="cyan">
         <name>FeCtrl2RegsFile</name>
         <run_address>0x0</run_address>
         <size>0x0</size>
         <contents>
         </contents>
      </logical_group>
      <logical_group id="lg-35" display="no" color="cyan">
         <name>Filter1RegsFile</name>
         <run_address>0x0</run_address>
         <size>0x0</size>
         <contents>
         </contents>
      </logical_group>
      <logical_group id="lg-36" display="no" color="cyan">
         <name>Dpwm1RegsFile</name>
         <run_address>0x0</run_address>
         <size>0x0</size>
         <contents>
         </contents>
      </logical_group>
      <logical_group id="lg-37" display="no" color="cyan">
         <name>FeCtrl1RegsFile</name>
         <run_address>0x0</run_address>
         <size>0x0</size>
         <contents>
         </contents>
      </logical_group>
      <logical_group id="lg-38" display="no" color="cyan">
         <name>Filter0RegsFile</name>
         <run_address>0x0</run_address>
         <size>0x0</size>
         <contents>
         </contents>
      </logical_group>
      <logical_group id="lg-39" display="no" color="cyan">
         <name>Dpwm0RegsFile</name>
         <run_address>0x0</run_address>
         <size>0x0</size>
         <contents>
         </contents>
      </logical_group>
      <logical_group id="lg-3a" display="no" color="cyan">
         <name>FeCtrl0RegsFile</name>
         <run_address>0x0</run_address>
         <size>0x0</size>
         <contents>
         </contents>
      </logical_group>
      <logical_group id="lg-3b" display="no" color="cyan">
         <name>MiscAnalogRegsFile</name>
         <run_address>0x0</run_address>
         <size>0x0</size>
         <contents>
         </contents>
      </logical_group>
      <logical_group id="lg-3c" display="no" color="cyan">
         <name>PMBusRegsFile</name>
         <run_address>0x0</run_address>
         <size>0x0</size>
         <contents>
         </contents>
      </logical_group>
      <logical_group id="lg-3d" display="no" color="cyan">
         <name>GioRegsFile</name>
         <run_address>0x0</run_address>
         <size>0x0</size>
         <contents>
         </contents>
      </logical_group>
      <logical_group id="lg-3e" display="no" color="cyan">
         <name>TimerRegsFile</name>
         <run_address>0x0</run_address>
         <size>0x0</size>
         <contents>
         </contents>
      </logical_group>
      <logical_group id="lg-3f" display="no" color="cyan">
         <name>CimRegsFile</name>
         <run_address>0x0</run_address>
         <size>0x0</size>
         <contents>
         </contents>
      </logical_group>
      <logical_group id="lg-40" display="no" color="cyan">
         <name>DecRegsFile</name>
         <run_address>0x0</run_address>
         <size>0x0</size>
         <contents>
         </contents>
      </logical_group>
      <logical_group id="lg-41" display="no" color="cyan">
         <name>MmcRegsFile</name>
         <run_address>0x0</run_address>
         <size>0x0</size>
         <contents>
         </contents>
      </logical_group>
      <logical_group id="lg-42" display="no" color="cyan">
         <name>SysRegsFile</name>
         <run_address>0x0</run_address>
         <size>0x0</size>
         <contents>
         </contents>
      </logical_group>
      <logical_group id="lg-e7" display="never" color="cyan">
         <name>.debug_info</name>
         <load_address>0x0</load_address>
         <run_address>0x0</run_address>
         <size>0x1d52f</size>
         <contents>
            <object_component_ref idref="oc-49"/>
            <object_component_ref idref="oc-51"/>
            <object_component_ref idref="oc-6a"/>
            <object_component_ref idref="oc-70"/>
            <object_component_ref idref="oc-76"/>
            <object_component_ref idref="oc-7b"/>
            <object_component_ref idref="oc-81"/>
            <object_component_ref idref="oc-88"/>
            <object_component_ref idref="oc-8c"/>
            <object_component_ref idref="oc-91"/>
            <object_component_ref idref="oc-96"/>
            <object_component_ref idref="oc-9b"/>
            <object_component_ref idref="oc-9f"/>
            <object_component_ref idref="oc-f3"/>
         </contents>
      </logical_group>
      <logical_group id="lg-e9" display="never" color="cyan">
         <name>.debug_frame</name>
         <load_address>0x0</load_address>
         <run_address>0x0</run_address>
         <size>0x265</size>
         <contents>
            <object_component_ref idref="oc-4d"/>
            <object_component_ref idref="oc-6c"/>
            <object_component_ref idref="oc-72"/>
            <object_component_ref idref="oc-77"/>
            <object_component_ref idref="oc-7d"/>
            <object_component_ref idref="oc-82"/>
            <object_component_ref idref="oc-8d"/>
            <object_component_ref idref="oc-92"/>
            <object_component_ref idref="oc-97"/>
         </contents>
      </logical_group>
      <logical_group id="lg-eb" display="never" color="cyan">
         <name>.debug_line</name>
         <load_address>0x0</load_address>
         <run_address>0x0</run_address>
         <size>0x501</size>
         <contents>
            <object_component_ref idref="oc-4e"/>
            <object_component_ref idref="oc-6d"/>
            <object_component_ref idref="oc-73"/>
            <object_component_ref idref="oc-78"/>
            <object_component_ref idref="oc-7e"/>
            <object_component_ref idref="oc-83"/>
            <object_component_ref idref="oc-89"/>
            <object_component_ref idref="oc-8e"/>
            <object_component_ref idref="oc-93"/>
            <object_component_ref idref="oc-98"/>
            <object_component_ref idref="oc-9c"/>
            <object_component_ref idref="oc-a0"/>
         </contents>
      </logical_group>
      <logical_group id="lg-ed" display="never" color="cyan">
         <name>.debug_abbrev</name>
         <load_address>0x0</load_address>
         <run_address>0x0</run_address>
         <size>0x7c4</size>
         <contents>
            <object_component_ref idref="oc-4f"/>
            <object_component_ref idref="oc-69"/>
            <object_component_ref idref="oc-6e"/>
            <object_component_ref idref="oc-74"/>
            <object_component_ref idref="oc-79"/>
            <object_component_ref idref="oc-7f"/>
            <object_component_ref idref="oc-84"/>
            <object_component_ref idref="oc-8a"/>
            <object_component_ref idref="oc-8f"/>
            <object_component_ref idref="oc-94"/>
            <object_component_ref idref="oc-99"/>
            <object_component_ref idref="oc-9d"/>
            <object_component_ref idref="oc-a1"/>
            <object_component_ref idref="oc-f4"/>
         </contents>
      </logical_group>
      <logical_group id="lg-ef" display="never" color="cyan">
         <name>.debug_aranges</name>
         <load_address>0x0</load_address>
         <run_address>0x0</run_address>
         <size>0x180</size>
         <contents>
            <object_component_ref idref="oc-50"/>
            <object_component_ref idref="oc-6f"/>
            <object_component_ref idref="oc-75"/>
            <object_component_ref idref="oc-7a"/>
            <object_component_ref idref="oc-80"/>
            <object_component_ref idref="oc-85"/>
            <object_component_ref idref="oc-8b"/>
            <object_component_ref idref="oc-90"/>
            <object_component_ref idref="oc-95"/>
            <object_component_ref idref="oc-9a"/>
            <object_component_ref idref="oc-9e"/>
            <object_component_ref idref="oc-a2"/>
         </contents>
      </logical_group>
   </logical_group_list>
   <placement_map>
      <memory_area display="no" color="green">
         <name>VECS</name>
         <page_id>0x0</page_id>
         <origin>0x0</origin>
         <length>0x20</length>
         <used_space>0x20</used_space>
         <unused_space>0x0</unused_space>
         <attributes>RWIX</attributes>
         <usage_details>
            <allocated_space>
               <start_address>0x0</start_address>
               <size>0x20</size>
               <logical_group_ref idref="lg-21"/>
            </allocated_space>
         </usage_details>
      </memory_area>
      <memory_area display="yes" color="green">
         <name>PFLASH</name>
         <page_id>0x0</page_id>
         <origin>0x20</origin>
         <length>0x7f38</length>
         <used_space>0x5f0</used_space>
         <unused_space>0x7948</unused_space>
         <attributes>RX</attributes>
         <usage_details>
            <allocated_space>
               <start_address>0x20</start_address>
               <size>0x5f0</size>
               <logical_group_ref idref="lg-1a"/>
            </allocated_space>
            <available_space>
               <start_address>0x610</start_address>
               <size>0x7948</size>
            </available_space>
         </usage_details>
      </memory_area>
      <memory_area display="no" color="green">
         <name>DEVICEID</name>
         <page_id>0x0</page_id>
         <origin>0x7f58</origin>
         <length>0x20</length>
         <used_space>0x0</used_space>
         <unused_space>0x20</unused_space>
         <attributes>RX</attributes>
         <usage_details>
         </usage_details>
      </memory_area>
      <memory_area display="no" color="green">
         <name>FIXTFA</name>
         <page_id>0x0</page_id>
         <origin>0x7f78</origin>
         <length>0x4</length>
         <used_space>0x0</used_space>
         <unused_space>0x4</unused_space>
         <attributes>RX</attributes>
         <usage_details>
         </usage_details>
      </memory_area>
      <memory_area display="yes" color="green">
         <name>FIXCONST</name>
         <page_id>0x0</page_id>
         <origin>0x7f7c</origin>
         <length>0x80</length>
         <used_space>0x0</used_space>
         <unused_space>0x80</unused_space>
         <attributes>RX</attributes>
         <usage_details>
         </usage_details>
      </memory_area>
      <memory_area display="no" color="green">
         <name>FLASHSUM</name>
         <page_id>0x0</page_id>
         <origin>0x7ffc</origin>
         <length>0x4</length>
         <used_space>0x0</used_space>
         <unused_space>0x4</unused_space>
         <attributes>RX</attributes>
         <usage_details>
         </usage_details>
      </memory_area>
      <memory_area display="yes" color="green">
         <name>ROM</name>
         <page_id>0x0</page_id>
         <origin>0xa020</origin>
         <length>0xbe0</length>
         <used_space>0x0</used_space>
         <unused_space>0xbe0</unused_space>
         <attributes>RWIX</attributes>
         <usage_details>
         </usage_details>
      </memory_area>
      <memory_area display="yes" color="green">
         <name>SINE</name>
         <page_id>0x0</page_id>
         <origin>0xac00</origin>
         <length>0x282</length>
         <used_space>0x0</used_space>
         <unused_space>0x282</unused_space>
         <attributes>RWIX</attributes>
         <usage_details>
         </usage_details>
      </memory_area>
      <memory_area display="yes" color="green">
         <name>EXP</name>
         <page_id>0x0</page_id>
         <origin>0xae82</origin>
         <length>0x7a</length>
         <used_space>0x0</used_space>
         <unused_space>0x7a</unused_space>
         <attributes>RWIX</attributes>
         <usage_details>
         </usage_details>
      </memory_area>
      <memory_area display="yes" color="green">
         <name>DFLASH</name>
         <page_id>0x0</page_id>
         <origin>0x18800</origin>
         <length>0x800</length>
         <used_space>0x0</used_space>
         <unused_space>0x800</unused_space>
         <attributes>RX</attributes>
         <usage_details>
         </usage_details>
      </memory_area>
      <memory_area display="no" color="green">
         <name>TESTER</name>
         <page_id>0x0</page_id>
         <origin>0x19000</origin>
         <length>0x1c</length>
         <used_space>0x0</used_space>
         <unused_space>0x1c</unused_space>
         <attributes>RW</attributes>
         <usage_details>
         </usage_details>
      </memory_area>
      <memory_area display="yes" color="green">
         <name>RAM</name>
         <page_id>0x0</page_id>
         <origin>0x1901c</origin>
         <length>0xe50</length>
         <used_space>0x208</used_space>
         <unused_space>0xc48</unused_space>
         <attributes>RW</attributes>
         <usage_details>
            <allocated_space>
               <start_address>0x1901c</start_address>
               <size>0x208</size>
               <logical_group_ref idref="lg-28"/>
            </allocated_space>
            <available_space>
               <start_address>0x19224</start_address>
               <size>0xc48</size>
            </available_space>
         </usage_details>
      </memory_area>
      <memory_area display="yes" color="green">
         <name>STACKS</name>
         <page_id>0x0</page_id>
         <origin>0x19e6c</origin>
         <length>0x190</length>
         <used_space>0x0</used_space>
         <unused_space>0x190</unused_space>
         <attributes>RW</attributes>
         <usage_details>
            <allocated_space>
               <start_address>0x19e6c</start_address>
               <size>0x0</size>
               <logical_group_ref idref="lg-29"/>
            </allocated_space>
            <available_space>
               <start_address>0x19e6c</start_address>
               <size>0x190</size>
            </available_space>
         </usage_details>
      </memory_area>
      <memory_area display="no" color="green">
         <name>ROMLOCK</name>
         <page_id>0x0</page_id>
         <origin>0x19ffc</origin>
         <length>0x4</length>
         <used_space>0x0</used_space>
         <unused_space>0x4</unused_space>
         <attributes>RW</attributes>
         <usage_details>
         </usage_details>
      </memory_area>
      <memory_area display="yes" color="green">
         <name>LOOP_MUX</name>
         <page_id>0x0</page_id>
         <origin>0x20000</origin>
         <length>0x90</length>
         <used_space>0x78</used_space>
         <unused_space>0x18</unused_space>
         <attributes>RWIX</attributes>
         <usage_details>
            <allocated_space>
               <start_address>0x20000</start_address>
               <size>0x78</size>
               <logical_group_ref idref="lg-2"/>
            </allocated_space>
            <available_space>
               <start_address>0x20078</start_address>
               <size>0x18</size>
            </available_space>
         </usage_details>
      </memory_area>
      <memory_area display="yes" color="green">
         <name>LOOP_MUX</name>
         <page_id>0x0</page_id>
         <origin>0x20000</origin>
         <length>0x78</length>
         <used_space>0x0</used_space>
         <unused_space>0x78</unused_space>
         <attributes>RWIX</attributes>
         <usage_details>
         </usage_details>
      </memory_area>
      <memory_area display="yes" color="green">
         <name>FAULT_MUX</name>
         <page_id>0x0</page_id>
         <origin>0x30000</origin>
         <length>0x80</length>
         <used_space>0x80</used_space>
         <unused_space>0x0</unused_space>
         <attributes>RWIX</attributes>
         <usage_details>
            <allocated_space>
               <start_address>0x30000</start_address>
               <size>0x80</size>
               <logical_group_ref idref="lg-3"/>
            </allocated_space>
         </usage_details>
      </memory_area>
      <memory_area display="yes" color="green">
         <name>FAULT_MUX</name>
         <page_id>0x0</page_id>
         <origin>0x30000</origin>
         <length>0x80</length>
         <used_space>0x0</used_space>
         <unused_space>0x80</unused_space>
         <attributes>RWIX</attributes>
         <usage_details>
         </usage_details>
      </memory_area>
      <memory_area display="yes" color="green">
         <name>ADC</name>
         <page_id>0x0</page_id>
         <origin>0x40000</origin>
         <length>0x98</length>
         <used_space>0x98</used_space>
         <unused_space>0x0</unused_space>
         <attributes>RWIX</attributes>
         <usage_details>
            <allocated_space>
               <start_address>0x40000</start_address>
               <size>0x98</size>
               <logical_group_ref idref="lg-6"/>
            </allocated_space>
         </usage_details>
      </memory_area>
      <memory_area display="yes" color="green">
         <name>ADC</name>
         <page_id>0x0</page_id>
         <origin>0x40000</origin>
         <length>0x98</length>
         <used_space>0x0</used_space>
         <unused_space>0x98</unused_space>
         <attributes>RWIX</attributes>
         <usage_details>
         </usage_details>
      </memory_area>
      <memory_area display="yes" color="green">
         <name>DPWM3</name>
         <page_id>0x0</page_id>
         <origin>0x50000</origin>
         <length>0x90</length>
         <used_space>0x8c</used_space>
         <unused_space>0x4</unused_space>
         <attributes>RWIX</attributes>
         <usage_details>
            <allocated_space>
               <start_address>0x50000</start_address>
               <size>0x8c</size>
               <logical_group_ref idref="lg-7"/>
            </allocated_space>
            <available_space>
               <start_address>0x5008c</start_address>
               <size>0x4</size>
            </available_space>
         </usage_details>
      </memory_area>
      <memory_area display="yes" color="green">
         <name>DPWM3</name>
         <page_id>0x0</page_id>
         <origin>0x50000</origin>
         <length>0x8c</length>
         <used_space>0x0</used_space>
         <unused_space>0x8c</unused_space>
         <attributes>RWIX</attributes>
         <usage_details>
         </usage_details>
      </memory_area>
      <memory_area display="no" color="green">
         <name>FILTER2</name>
         <page_id>0x0</page_id>
         <origin>0x60000</origin>
         <length>0x64</length>
         <used_space>0x64</used_space>
         <unused_space>0x0</unused_space>
         <attributes>RWIX</attributes>
         <usage_details>
            <allocated_space>
               <start_address>0x60000</start_address>
               <size>0x64</size>
               <logical_group_ref idref="lg-8"/>
            </allocated_space>
         </usage_details>
      </memory_area>
      <memory_area display="no" color="green">
         <name>FILTER2</name>
         <page_id>0x0</page_id>
         <origin>0x60000</origin>
         <length>0x64</length>
         <used_space>0x0</used_space>
         <unused_space>0x64</unused_space>
         <attributes>RWIX</attributes>
         <usage_details>
         </usage_details>
      </memory_area>
      <memory_area display="yes" color="green">
         <name>DPWM2</name>
         <page_id>0x0</page_id>
         <origin>0x70000</origin>
         <length>0x90</length>
         <used_space>0x8c</used_space>
         <unused_space>0x4</unused_space>
         <attributes>RWIX</attributes>
         <usage_details>
            <allocated_space>
               <start_address>0x70000</start_address>
               <size>0x8c</size>
               <logical_group_ref idref="lg-9"/>
            </allocated_space>
            <available_space>
               <start_address>0x7008c</start_address>
               <size>0x4</size>
            </available_space>
         </usage_details>
      </memory_area>
      <memory_area display="yes" color="green">
         <name>DPWM2</name>
         <page_id>0x0</page_id>
         <origin>0x70000</origin>
         <length>0x8c</length>
         <used_space>0x0</used_space>
         <unused_space>0x8c</unused_space>
         <attributes>RWIX</attributes>
         <usage_details>
         </usage_details>
      </memory_area>
      <memory_area display="no" color="green">
         <name>FE_CTRL2</name>
         <page_id>0x0</page_id>
         <origin>0x80000</origin>
         <length>0x44</length>
         <used_space>0x44</used_space>
         <unused_space>0x0</unused_space>
         <attributes>RWIX</attributes>
         <usage_details>
            <allocated_space>
               <start_address>0x80000</start_address>
               <size>0x44</size>
               <logical_group_ref idref="lg-a"/>
            </allocated_space>
         </usage_details>
      </memory_area>
      <memory_area display="no" color="green">
         <name>FE_CTRL2</name>
         <page_id>0x0</page_id>
         <origin>0x80000</origin>
         <length>0x44</length>
         <used_space>0x0</used_space>
         <unused_space>0x44</unused_space>
         <attributes>RWIX</attributes>
         <usage_details>
         </usage_details>
      </memory_area>
      <memory_area display="no" color="green">
         <name>FILTER1</name>
         <page_id>0x0</page_id>
         <origin>0x90000</origin>
         <length>0x64</length>
         <used_space>0x64</used_space>
         <unused_space>0x0</unused_space>
         <attributes>RWIX</attributes>
         <usage_details>
            <allocated_space>
               <start_address>0x90000</start_address>
               <size>0x64</size>
               <logical_group_ref idref="lg-b"/>
            </allocated_space>
         </usage_details>
      </memory_area>
      <memory_area display="no" color="green">
         <name>FILTER1</name>
         <page_id>0x0</page_id>
         <origin>0x90000</origin>
         <length>0x64</length>
         <used_space>0x0</used_space>
         <unused_space>0x64</unused_space>
         <attributes>RWIX</attributes>
         <usage_details>
         </usage_details>
      </memory_area>
      <memory_area display="yes" color="green">
         <name>DPWM1</name>
         <page_id>0x0</page_id>
         <origin>0xa0000</origin>
         <length>0x90</length>
         <used_space>0x8c</used_space>
         <unused_space>0x4</unused_space>
         <attributes>RWIX</attributes>
         <usage_details>
            <allocated_space>
               <start_address>0xa0000</start_address>
               <size>0x8c</size>
               <logical_group_ref idref="lg-c"/>
            </allocated_space>
            <available_space>
               <start_address>0xa008c</start_address>
               <size>0x4</size>
            </available_space>
         </usage_details>
      </memory_area>
      <memory_area display="yes" color="green">
         <name>DPWM1</name>
         <page_id>0x0</page_id>
         <origin>0xa0000</origin>
         <length>0x8c</length>
         <used_space>0x0</used_space>
         <unused_space>0x8c</unused_space>
         <attributes>RWIX</attributes>
         <usage_details>
         </usage_details>
      </memory_area>
      <memory_area display="no" color="green">
         <name>FE_CTRL1</name>
         <page_id>0x0</page_id>
         <origin>0xb0000</origin>
         <length>0x44</length>
         <used_space>0x44</used_space>
         <unused_space>0x0</unused_space>
         <attributes>RWIX</attributes>
         <usage_details>
            <allocated_space>
               <start_address>0xb0000</start_address>
               <size>0x44</size>
               <logical_group_ref idref="lg-d"/>
            </allocated_space>
         </usage_details>
      </memory_area>
      <memory_area display="no" color="green">
         <name>FE_CTRL1</name>
         <page_id>0x0</page_id>
         <origin>0xb0000</origin>
         <length>0x44</length>
         <used_space>0x0</used_space>
         <unused_space>0x44</unused_space>
         <attributes>RWIX</attributes>
         <usage_details>
         </usage_details>
      </memory_area>
      <memory_area display="no" color="green">
         <name>FILTER0</name>
         <page_id>0x0</page_id>
         <origin>0xc0000</origin>
         <length>0x64</length>
         <used_space>0x64</used_space>
         <unused_space>0x0</unused_space>
         <attributes>RWIX</attributes>
         <usage_details>
            <allocated_space>
               <start_address>0xc0000</start_address>
               <size>0x64</size>
               <logical_group_ref idref="lg-e"/>
            </allocated_space>
         </usage_details>
      </memory_area>
      <memory_area display="no" color="green">
         <name>FILTER0</name>
         <page_id>0x0</page_id>
         <origin>0xc0000</origin>
         <length>0x64</length>
         <used_space>0x0</used_space>
         <unused_space>0x64</unused_space>
         <attributes>RWIX</attributes>
         <usage_details>
         </usage_details>
      </memory_area>
      <memory_area display="yes" color="green">
         <name>DPWM0</name>
         <page_id>0x0</page_id>
         <origin>0xd0000</origin>
         <length>0x90</length>
         <used_space>0x8c</used_space>
         <unused_space>0x4</unused_space>
         <attributes>RWIX</attributes>
         <usage_details>
            <allocated_space>
               <start_address>0xd0000</start_address>
               <size>0x8c</size>
               <logical_group_ref idref="lg-f"/>
            </allocated_space>
            <available_space>
               <start_address>0xd008c</start_address>
               <size>0x4</size>
            </available_space>
         </usage_details>
      </memory_area>
      <memory_area display="yes" color="green">
         <name>DPWM0</name>
         <page_id>0x0</page_id>
         <origin>0xd0000</origin>
         <length>0x8c</length>
         <used_space>0x0</used_space>
         <unused_space>0x8c</unused_space>
         <attributes>RWIX</attributes>
         <usage_details>
         </usage_details>
      </memory_area>
      <memory_area display="no" color="green">
         <name>FE_CTRL0</name>
         <page_id>0x0</page_id>
         <origin>0xe0000</origin>
         <length>0x44</length>
         <used_space>0x44</used_space>
         <unused_space>0x0</unused_space>
         <attributes>RWIX</attributes>
         <usage_details>
            <allocated_space>
               <start_address>0xe0000</start_address>
               <size>0x44</size>
               <logical_group_ref idref="lg-10"/>
            </allocated_space>
         </usage_details>
      </memory_area>
      <memory_area display="no" color="green">
         <name>FE_CTRL0</name>
         <page_id>0x0</page_id>
         <origin>0xe0000</origin>
         <length>0x44</length>
         <used_space>0x0</used_space>
         <unused_space>0x44</unused_space>
         <attributes>RWIX</attributes>
         <usage_details>
         </usage_details>
      </memory_area>
      <memory_area display="no" color="green">
         <name>UART0</name>
         <page_id>0x0</page_id>
         <origin>0xfff7ec00</origin>
         <length>0x50</length>
         <used_space>0x38</used_space>
         <unused_space>0x18</unused_space>
         <attributes>RWIX</attributes>
         <usage_details>
            <allocated_space>
               <start_address>0xfff7ec00</start_address>
               <size>0x38</size>
               <logical_group_ref idref="lg-4"/>
            </allocated_space>
            <available_space>
               <start_address>0xfff7ec38</start_address>
               <size>0x18</size>
            </available_space>
         </usage_details>
      </memory_area>
      <memory_area display="no" color="green">
         <name>UART0</name>
         <page_id>0x0</page_id>
         <origin>0xfff7ec00</origin>
         <length>0x38</length>
         <used_space>0x0</used_space>
         <unused_space>0x38</unused_space>
         <attributes>RWIX</attributes>
         <usage_details>
         </usage_details>
      </memory_area>
      <memory_area display="no" color="green">
         <name>UART1</name>
         <page_id>0x0</page_id>
         <origin>0xfff7ed00</origin>
         <length>0x50</length>
         <used_space>0x38</used_space>
         <unused_space>0x18</unused_space>
         <attributes>RWIX</attributes>
         <usage_details>
            <allocated_space>
               <start_address>0xfff7ed00</start_address>
               <size>0x38</size>
               <logical_group_ref idref="lg-5"/>
            </allocated_space>
            <available_space>
               <start_address>0xfff7ed38</start_address>
               <size>0x18</size>
            </available_space>
         </usage_details>
      </memory_area>
      <memory_area display="no" color="green">
         <name>UART1</name>
         <page_id>0x0</page_id>
         <origin>0xfff7ed00</origin>
         <length>0x38</length>
         <used_space>0x0</used_space>
         <unused_space>0x38</unused_space>
         <attributes>RWIX</attributes>
         <usage_details>
         </usage_details>
      </memory_area>
      <memory_area display="no" color="green">
         <name>MISC_ANALOG</name>
         <page_id>0x0</page_id>
         <origin>0xfff7f000</origin>
         <length>0x4c</length>
         <used_space>0x48</used_space>
         <unused_space>0x4</unused_space>
         <attributes>RWIX</attributes>
         <usage_details>
            <allocated_space>
               <start_address>0xfff7f000</start_address>
               <size>0x48</size>
               <logical_group_ref idref="lg-11"/>
            </allocated_space>
            <available_space>
               <start_address>0xfff7f048</start_address>
               <size>0x4</size>
            </available_space>
         </usage_details>
      </memory_area>
      <memory_area display="no" color="green">
         <name>MISC_ANALOG</name>
         <page_id>0x0</page_id>
         <origin>0xfff7f000</origin>
         <length>0x48</length>
         <used_space>0x0</used_space>
         <unused_space>0x48</unused_space>
         <attributes>RWIX</attributes>
         <usage_details>
         </usage_details>
      </memory_area>
      <memory_area display="no" color="green">
         <name>PMBUS</name>
         <page_id>0x0</page_id>
         <origin>0xfff7f600</origin>
         <length>0x24</length>
         <used_space>0x24</used_space>
         <unused_space>0x0</unused_space>
         <attributes>RWIX</attributes>
         <usage_details>
            <allocated_space>
               <start_address>0xfff7f600</start_address>
               <size>0x24</size>
               <logical_group_ref idref="lg-12"/>
            </allocated_space>
         </usage_details>
      </memory_area>
      <memory_area display="no" color="green">
         <name>PMBUS</name>
         <page_id>0x0</page_id>
         <origin>0xfff7f600</origin>
         <length>0x24</length>
         <used_space>0x0</used_space>
         <unused_space>0x24</unused_space>
         <attributes>RWIX</attributes>
         <usage_details>
         </usage_details>
      </memory_area>
      <memory_area display="no" color="green">
         <name>GIO</name>
         <page_id>0x0</page_id>
         <origin>0xfff7fa00</origin>
         <length>0x40</length>
         <used_space>0x40</used_space>
         <unused_space>0x0</unused_space>
         <attributes>RWIX</attributes>
         <usage_details>
            <allocated_space>
               <start_address>0xfff7fa00</start_address>
               <size>0x40</size>
               <logical_group_ref idref="lg-13"/>
            </allocated_space>
         </usage_details>
      </memory_area>
      <memory_area display="no" color="green">
         <name>GIO</name>
         <page_id>0x0</page_id>
         <origin>0xfff7fa00</origin>
         <length>0x40</length>
         <used_space>0x0</used_space>
         <unused_space>0x40</unused_space>
         <attributes>RWIX</attributes>
         <usage_details>
         </usage_details>
      </memory_area>
      <memory_area display="yes" color="green">
         <name>TIMER</name>
         <page_id>0x0</page_id>
         <origin>0xfff7fd00</origin>
         <length>0x9c</length>
         <used_space>0x9c</used_space>
         <unused_space>0x0</unused_space>
         <attributes>RWIX</attributes>
         <usage_details>
            <allocated_space>
               <start_address>0xfff7fd00</start_address>
               <size>0x9c</size>
               <logical_group_ref idref="lg-14"/>
            </allocated_space>
         </usage_details>
      </memory_area>
      <memory_area display="yes" color="green">
         <name>TIMER</name>
         <page_id>0x0</page_id>
         <origin>0xfff7fd00</origin>
         <length>0x9c</length>
         <used_space>0x0</used_space>
         <unused_space>0x9c</unused_space>
         <attributes>RWIX</attributes>
         <usage_details>
         </usage_details>
      </memory_area>
      <memory_area display="no" color="green">
         <name>MMC</name>
         <page_id>0x0</page_id>
         <origin>0xfffffd00</origin>
         <length>0x3c</length>
         <used_space>0x3c</used_space>
         <unused_space>0x0</unused_space>
         <attributes>RWIX</attributes>
         <usage_details>
            <allocated_space>
               <start_address>0xfffffd00</start_address>
               <size>0x3c</size>
               <logical_group_ref idref="lg-17"/>
            </allocated_space>
         </usage_details>
      </memory_area>
      <memory_area display="no" color="green">
         <name>MMC</name>
         <page_id>0x0</page_id>
         <origin>0xfffffd00</origin>
         <length>0x3c</length>
         <used_space>0x0</used_space>
         <unused_space>0x3c</unused_space>
         <attributes>RWIX</attributes>
         <usage_details>
         </usage_details>
      </memory_area>
      <memory_area display="yes" color="green">
         <name>DEC</name>
         <page_id>0x0</page_id>
         <origin>0xfffffe00</origin>
         <length>0x9c</length>
         <used_space>0x9c</used_space>
         <unused_space>0x0</unused_space>
         <attributes>RWIX</attributes>
         <usage_details>
            <allocated_space>
               <start_address>0xfffffe00</start_address>
               <size>0x9c</size>
               <logical_group_ref idref="lg-16"/>
            </allocated_space>
         </usage_details>
      </memory_area>
      <memory_area display="yes" color="green">
         <name>DEC</name>
         <page_id>0x0</page_id>
         <origin>0xfffffe00</origin>
         <length>0x9c</length>
         <used_space>0x0</used_space>
         <unused_space>0x9c</unused_space>
         <attributes>RWIX</attributes>
         <usage_details>
         </usage_details>
      </memory_area>
      <memory_area display="no" color="green">
         <name>CIM</name>
         <page_id>0x0</page_id>
         <origin>0xffffff20</origin>
         <length>0x18</length>
         <used_space>0x18</used_space>
         <unused_space>0x0</unused_space>
         <attributes>RWIX</attributes>
         <usage_details>
            <allocated_space>
               <start_address>0xffffff20</start_address>
               <size>0x18</size>
               <logical_group_ref idref="lg-15"/>
            </allocated_space>
         </usage_details>
      </memory_area>
      <memory_area display="no" color="green">
         <name>CIM</name>
         <page_id>0x0</page_id>
         <origin>0xffffff20</origin>
         <length>0x18</length>
         <used_space>0x0</used_space>
         <unused_space>0x18</unused_space>
         <attributes>RWIX</attributes>
         <usage_details>
         </usage_details>
      </memory_area>
      <memory_area display="no" color="green">
         <name>SYS</name>
         <page_id>0x0</page_id>
         <origin>0xffffffd0</origin>
         <length>0x30</length>
         <used_space>0x30</used_space>
         <unused_space>0x0</unused_space>
         <attributes>RWIX</attributes>
         <usage_details>
            <allocated_space>
               <start_address>0xffffffd0</start_address>
               <size>0x30</size>
               <logical_group_ref idref="lg-18"/>
            </allocated_space>
         </usage_details>
      </memory_area>
      <memory_area display="no" color="green">
         <name>SYS</name>
         <page_id>0x0</page_id>
         <origin>0xffffffd0</origin>
         <length>0x30</length>
         <used_space>0x0</used_space>
         <unused_space>0x30</unused_space>
         <attributes>RWIX</attributes>
         <usage_details>
         </usage_details>
      </memory_area>
   </placement_map>
   <veneer_list>
      <veneer>
         <callee_name>_c_int00</callee_name>
         <callee_addr>0x5f8</callee_addr>
         <veneer_object_component_ref idref="oc-f2"/>
         <veneer_address>0x600</veneer_address>
         <caller_list>
            <veneer_call_site>
               <caller_address>0x4fc</caller_address>
               <caller_object_component_ref idref="oc-86-64ed04"/>
            </veneer_call_site>
         </caller_list>
      </veneer>
   </veneer_list>
   <symbol_table>
      <symbol id="sm-0">
         <name>_StackUSER_</name>
         <value>0x19f24</value>
      </symbol>
      <symbol id="sm-1">
         <name>_StackFIQ_</name>
         <value>0x19f94</value>
      </symbol>
      <symbol id="sm-2">
         <name>_StackIRQ_</name>
         <value>0x19fe8</value>
      </symbol>
      <symbol id="sm-3">
         <name>_StackABORT_</name>
         <value>0x19fec</value>
      </symbol>
      <symbol id="sm-4">
         <name>_StackUND_</name>
         <value>0x19ff0</value>
      </symbol>
      <symbol id="sm-5">
         <name>_StackSUPER_</name>
         <value>0x19ffc</value>
      </symbol>
      <symbol id="sm-6">
         <name>cinit</name>
         <value>0xffffffff</value>
      </symbol>
      <symbol id="sm-7">
         <name>___cinit__</name>
         <value>0xffffffff</value>
      </symbol>
      <symbol id="sm-8">
         <name>pinit</name>
         <value>0xffffffff</value>
      </symbol>
      <symbol id="sm-9">
         <name>___pinit__</name>
         <value>0xffffffff</value>
      </symbol>
      <symbol id="sm-a">
         <name>binit</name>
         <value>0xffffffff</value>
      </symbol>
      <symbol id="sm-b">
         <name>___binit__</name>
         <value>0xffffffff</value>
      </symbol>
      <symbol id="sm-c">
         <name>___c_args__</name>
         <value>0xffffffff</value>
      </symbol>
      <symbol id="sm-d">
         <name>.text</name>
         <value>0x20</value>
      </symbol>
      <symbol id="sm-e">
         <name>___text__</name>
         <value>0x20</value>
      </symbol>
      <symbol id="sm-f">
         <name>etext</name>
         <value>0x610</value>
      </symbol>
      <symbol id="sm-10">
         <name>___etext__</name>
         <value>0x610</value>
      </symbol>
      <symbol id="sm-11">
         <name>.bss</name>
         <value>0x1901c</value>
      </symbol>
      <symbol id="sm-12">
         <name>___bss__</name>
         <value>0x1901c</value>
      </symbol>
      <symbol id="sm-13">
         <name>end</name>
         <value>0x19224</value>
      </symbol>
      <symbol id="sm-14">
         <name>___end__</name>
         <value>0x19224</value>
      </symbol>
      <symbol id="sm-b6">
         <name>_main</name>
         <value>0x5f4</value>
         <object_component_ref idref="oc-47"/>
      </symbol>
      <symbol id="sm-b7">
         <name>_flash_write_status</name>
         <value>0x191b0</value>
         <object_component_ref idref="oc-48"/>
      </symbol>
      <symbol id="sm-b8">
         <name>_loop_counter</name>
         <value>0x191a4</value>
         <object_component_ref idref="oc-48"/>
      </symbol>
      <symbol id="sm-b9">
         <name>_second_pmbus_status_word</name>
         <value>0x191ec</value>
         <object_component_ref idref="oc-48"/>
      </symbol>
      <symbol id="sm-ba">
         <name>_parm_index</name>
         <value>0x191b4</value>
         <object_component_ref idref="oc-48"/>
      </symbol>
      <symbol id="sm-bb">
         <name>_c_int00</name>
         <value>0x5f8</value>
         <object_component_ref idref="oc-47"/>
      </symbol>
      <symbol id="sm-bc">
         <name>_pmbus_status_half_word_0_value_ored</name>
         <value>0x191c0</value>
         <object_component_ref idref="oc-48"/>
      </symbol>
      <symbol id="sm-bd">
         <name>_parm_offset</name>
         <value>0x191b6</value>
         <object_component_ref idref="oc-48"/>
      </symbol>
      <symbol id="sm-be">
         <name>_pmbus_status_fans_1_2</name>
         <value>0x191e8</value>
         <object_component_ref idref="oc-48"/>
      </symbol>
      <symbol id="sm-bf">
         <name>_setup_id_length</name>
         <value>0x191ee</value>
         <object_component_ref idref="oc-48"/>
      </symbol>
      <symbol id="sm-c0">
         <name>_pmbus_status_cml</name>
         <value>0x191e7</value>
         <object_component_ref idref="oc-48"/>
      </symbol>
      <symbol id="sm-c1">
         <name>_pmbus_buffer</name>
         <value>0x191f0</value>
         <object_component_ref idref="oc-4c"/>
      </symbol>
      <symbol id="sm-c2">
         <name>_parm_count</name>
         <value>0x191b8</value>
         <object_component_ref idref="oc-48"/>
      </symbol>
      <symbol id="sm-c3">
         <name>_pmbus_pec_buffer_number_of_bytes</name>
         <value>0x191d8</value>
         <object_component_ref idref="oc-48"/>
      </symbol>
      <symbol id="sm-c4">
         <name>_zoiw_address</name>
         <value>0x1919c</value>
         <object_component_ref idref="oc-48"/>
      </symbol>
      <symbol id="sm-c5">
         <name>_xn_bins</name>
         <value>0x1901c</value>
         <object_component_ref idref="oc-4b"/>
      </symbol>
      <symbol id="sm-c6">
         <name>_start_monitor</name>
         <value>0x191ac</value>
         <object_component_ref idref="oc-48"/>
      </symbol>
      <symbol id="sm-c7">
         <name>_program_area</name>
         <value>0x1911c</value>
         <object_component_ref idref="oc-4a"/>
      </symbol>
      <symbol id="sm-c8">
         <name>_pmbus_pec_valid</name>
         <value>0x191c8</value>
         <object_component_ref idref="oc-48"/>
      </symbol>
      <symbol id="sm-c9">
         <name>_page</name>
         <value>0x191e4</value>
         <object_component_ref idref="oc-48"/>
      </symbol>
      <symbol id="sm-ca">
         <name>_number_of_samples</name>
         <value>0x191a8</value>
         <object_component_ref idref="oc-48"/>
      </symbol>
      <symbol id="sm-cb">
         <name>_pmbus_status_temperature</name>
         <value>0x191e5</value>
         <object_component_ref idref="oc-48"/>
      </symbol>
      <symbol id="sm-cc">
         <name>_parm_size</name>
         <value>0x191b9</value>
         <object_component_ref idref="oc-48"/>
      </symbol>
      <symbol id="sm-cd">
         <name>_pmbus_buffer_position</name>
         <value>0x191bc</value>
         <object_component_ref idref="oc-48"/>
      </symbol>
      <symbol id="sm-ce">
         <name>_status_cml</name>
         <value>0x191b1</value>
         <object_component_ref idref="oc-48"/>
      </symbol>
      <symbol id="sm-cf">
         <name>_pmbus_pec_buffer</name>
         <value>0x191cc</value>
         <object_component_ref idref="oc-48"/>
      </symbol>
      <symbol id="sm-d0">
         <name>_debug_buffer</name>
         <value>0x191dc</value>
         <object_component_ref idref="oc-48"/>
      </symbol>
      <symbol id="sm-d1">
         <name>_pmbus_status_fans_3_4</name>
         <value>0x191e9</value>
         <object_component_ref idref="oc-48"/>
      </symbol>
      <symbol id="sm-d2">
         <name>_pmbus_state</name>
         <value>0x191ba</value>
         <object_component_ref idref="oc-48"/>
      </symbol>
      <symbol id="sm-d3">
         <name>_pmbus_watchdog_timer</name>
         <value>0x191c4</value>
         <object_component_ref idref="oc-48"/>
      </symbol>
      <symbol id="sm-d4">
         <name>_zoiw_flash_key</name>
         <value>0x191a0</value>
         <object_component_ref idref="oc-48"/>
      </symbol>
      <symbol id="sm-d5">
         <name>_pmbus_status_half_word_0_value</name>
         <value>0x191be</value>
         <object_component_ref idref="oc-48"/>
      </symbol>
      <symbol id="sm-d6">
         <name>_gui_constant_pointer</name>
         <value>0x191b2</value>
         <object_component_ref idref="oc-48"/>
      </symbol>
      <symbol id="sm-d7">
         <name>_user_ram_00</name>
         <value>0x191b3</value>
         <object_component_ref idref="oc-48"/>
      </symbol>
      <symbol id="sm-d8">
         <name>_pmbus_status_word</name>
         <value>0x191ea</value>
         <object_component_ref idref="oc-48"/>
      </symbol>
      <symbol id="sm-d9">
         <name>_pmbus_status_input</name>
         <value>0x191e6</value>
         <object_component_ref idref="oc-48"/>
      </symbol>
      <symbol id="sm-da">
         <name>_pmbus_number_of_bytes</name>
         <value>0x191bb</value>
         <object_component_ref idref="oc-48"/>
      </symbol>
      <symbol id="sm-112">
         <name>_MmcRegs</name>
         <value>0xfffffd00</value>
         <object_component_ref idref="oc-63"/>
      </symbol>
      <symbol id="sm-113">
         <name>_PMBusRegs</name>
         <value>0xfff7f600</value>
         <object_component_ref idref="oc-64"/>
      </symbol>
      <symbol id="sm-114">
         <name>_TimerRegs</name>
         <value>0xfff7fd00</value>
         <object_component_ref idref="oc-66"/>
      </symbol>
      <symbol id="sm-115">
         <name>_CimRegs</name>
         <value>0xffffff20</value>
         <object_component_ref idref="oc-53"/>
      </symbol>
      <symbol id="sm-116">
         <name>_GioRegs</name>
         <value>0xfff7fa00</value>
         <object_component_ref idref="oc-5f"/>
      </symbol>
      <symbol id="sm-117">
         <name>_Filter2Regs</name>
         <value>0x60000</value>
         <object_component_ref idref="oc-60"/>
      </symbol>
      <symbol id="sm-118">
         <name>_Uart1Regs</name>
         <value>0xfff7ed00</value>
         <object_component_ref idref="oc-68"/>
      </symbol>
      <symbol id="sm-119">
         <name>_FeCtrl0Regs</name>
         <value>0xe0000</value>
         <object_component_ref idref="oc-5a"/>
      </symbol>
      <symbol id="sm-11a">
         <name>_SysRegs</name>
         <value>0xffffffd0</value>
         <object_component_ref idref="oc-65"/>
      </symbol>
      <symbol id="sm-11b">
         <name>_Dpwm0Regs</name>
         <value>0xd0000</value>
         <object_component_ref idref="oc-55"/>
      </symbol>
      <symbol id="sm-11c">
         <name>_Uart0Regs</name>
         <value>0xfff7ec00</value>
         <object_component_ref idref="oc-67"/>
      </symbol>
      <symbol id="sm-11d">
         <name>_FeCtrl1Regs</name>
         <value>0xb0000</value>
         <object_component_ref idref="oc-5b"/>
      </symbol>
      <symbol id="sm-11e">
         <name>_Filter0Regs</name>
         <value>0xc0000</value>
         <object_component_ref idref="oc-5d"/>
      </symbol>
      <symbol id="sm-11f">
         <name>_AdcRegs</name>
         <value>0x40000</value>
         <object_component_ref idref="oc-52"/>
      </symbol>
      <symbol id="sm-120">
         <name>_Dpwm1Regs</name>
         <value>0xa0000</value>
         <object_component_ref idref="oc-56"/>
      </symbol>
      <symbol id="sm-121">
         <name>_FaultMuxRegs</name>
         <value>0x30000</value>
         <object_component_ref idref="oc-59"/>
      </symbol>
      <symbol id="sm-122">
         <name>_DecRegs</name>
         <value>0xfffffe00</value>
         <object_component_ref idref="oc-54"/>
      </symbol>
      <symbol id="sm-123">
         <name>_FeCtrl2Regs</name>
         <value>0x80000</value>
         <object_component_ref idref="oc-5c"/>
      </symbol>
      <symbol id="sm-124">
         <name>_Filter1Regs</name>
         <value>0x90000</value>
         <object_component_ref idref="oc-5e"/>
      </symbol>
      <symbol id="sm-125">
         <name>_Dpwm2Regs</name>
         <value>0x70000</value>
         <object_component_ref idref="oc-57"/>
      </symbol>
      <symbol id="sm-126">
         <name>_LoopMuxRegs</name>
         <value>0x20000</value>
         <object_component_ref idref="oc-61"/>
      </symbol>
      <symbol id="sm-127">
         <name>_MiscAnalogRegs</name>
         <value>0xfff7f000</value>
         <object_component_ref idref="oc-62"/>
      </symbol>
      <symbol id="sm-128">
         <name>_Dpwm3Regs</name>
         <value>0x50000</value>
         <object_component_ref idref="oc-58"/>
      </symbol>
      <symbol id="sm-13c">
         <name>_abort_prefetch_exception</name>
         <value>0x5e8</value>
         <object_component_ref idref="oc-6b"/>
      </symbol>
      <symbol id="sm-13d">
         <name>_abort_data_fetch_exception</name>
         <value>0x5ec</value>
         <object_component_ref idref="oc-6b"/>
      </symbol>
      <symbol id="sm-13e">
         <name>_undefined_instruction_exception</name>
         <value>0x5e4</value>
         <object_component_ref idref="oc-6b"/>
      </symbol>
      <symbol id="sm-13f">
         <name>_fast_interrupt</name>
         <value>0x5f0</value>
         <object_component_ref idref="oc-6b"/>
      </symbol>
      <symbol id="sm-17c">
         <name>_software_interrupt</name>
         <value>0x20</value>
         <object_component_ref idref="oc-71"/>
      </symbol>
      <symbol id="sm-193">
         <name>_standard_interrupt</name>
         <value>0x5fc</value>
         <object_component_ref idref="oc-7c"/>
      </symbol>
      <symbol id="sm-1ad">
         <name>_clear_program_flash</name>
         <value>0x51c</value>
         <object_component_ref idref="oc-a6"/>
      </symbol>
      <symbol id="sm-1ae">
         <name>_zero_out_integrity_word</name>
         <value>0x558</value>
         <object_component_ref idref="oc-a6"/>
      </symbol>
      <symbol id="sm-1db">
         <name>rom_main</name>
         <value>0xffffa4dc</value>
      </symbol>
   </symbol_table>
   <title>Link errors: red sections failed placement</title>
</link_info>
