******************************************************************************
                  TI ARM Linker PC v5.2.9                      
******************************************************************************
>> Linked Fri Jun 14 13:03:58 2024

OUTPUT FILE NAME:   <UCD3138A_new_project.out>
ENTRY POINT SYMBOL: "_c_int00"  address: 000005f8


MEMORY CONFIGURATION

         name            origin    length      used     unused   attr    fill
----------------------  --------  ---------  --------  --------  ----  --------
  VECS                  00000000   00000020  00000020  00000000  RWIX
  PFLASH                00000020   00007f38  000005f0  00007948  R  X
  DEVICEID              00007f58   00000020  00000000  00000020  R  X
  FIXTFA                00007f78   00000004  00000000  00000004  R  X
  FIXCONST              00007f7c   00000080  00000000  00000080  R  X
  FLASHSUM              00007ffc   00000004  00000000  00000004  R  X
  ROM                   0000a020   00000be0  00000000  00000be0  RWIX
  SINE                  0000ac00   00000282  00000000  00000282  RWIX
  EXP                   0000ae82   0000007a  00000000  0000007a  RWIX
  DFLASH                00018800   00000800  00000000  00000800  R  X
  TESTER                00019000   0000001c  00000000  0000001c  RW  
  RAM                   0001901c   00000e50  00000208  00000c48  RW  
  STACKS                00019e6c   00000190  00000000  00000190  RW  
  ROMLOCK               00019ffc   00000004  00000000  00000004  RW  
  LOOP_MUX              00020000   00000090  00000078  00000018  RWIX
  LOOP_MUX              00020000   00000078  00000000  00000078  RWIX
  FAULT_MUX             00030000   00000080  00000080  00000000  RWIX
  FAULT_MUX             00030000   00000080  00000000  00000080  RWIX
  ADC                   00040000   00000098  00000098  00000000  RWIX
  ADC                   00040000   00000098  00000000  00000098  RWIX
  DPWM3                 00050000   00000090  0000008c  00000004  RWIX
  DPWM3                 00050000   0000008c  00000000  0000008c  RWIX
  FILTER2               00060000   00000064  00000064  00000000  RWIX
  FILTER2               00060000   00000064  00000000  00000064  RWIX
  DPWM2                 00070000   00000090  0000008c  00000004  RWIX
  DPWM2                 00070000   0000008c  00000000  0000008c  RWIX
  FE_CTRL2              00080000   00000044  00000044  00000000  RWIX
  FE_CTRL2              00080000   00000044  00000000  00000044  RWIX
  FILTER1               00090000   00000064  00000064  00000000  RWIX
  FILTER1               00090000   00000064  00000000  00000064  RWIX
  DPWM1                 000a0000   00000090  0000008c  00000004  RWIX
  DPWM1                 000a0000   0000008c  00000000  0000008c  RWIX
  FE_CTRL1              000b0000   00000044  00000044  00000000  RWIX
  FE_CTRL1              000b0000   00000044  00000000  00000044  RWIX
  FILTER0               000c0000   00000064  00000064  00000000  RWIX
  FILTER0               000c0000   00000064  00000000  00000064  RWIX
  DPWM0                 000d0000   00000090  0000008c  00000004  RWIX
  DPWM0                 000d0000   0000008c  00000000  0000008c  RWIX
  FE_CTRL0              000e0000   00000044  00000044  00000000  RWIX
  FE_CTRL0              000e0000   00000044  00000000  00000044  RWIX
  UART0                 fff7ec00   00000050  00000038  00000018  RWIX
  UART0                 fff7ec00   00000038  00000000  00000038  RWIX
  UART1                 fff7ed00   00000050  00000038  00000018  RWIX
  UART1                 fff7ed00   00000038  00000000  00000038  RWIX
  MISC_ANALOG           fff7f000   0000004c  00000048  00000004  RWIX
  MISC_ANALOG           fff7f000   00000048  00000000  00000048  RWIX
  PMBUS                 fff7f600   00000024  00000024  00000000  RWIX
  PMBUS                 fff7f600   00000024  00000000  00000024  RWIX
  GIO                   fff7fa00   00000040  00000040  00000000  RWIX
  GIO                   fff7fa00   00000040  00000000  00000040  RWIX
  TIMER                 fff7fd00   0000009c  0000009c  00000000  RWIX
  TIMER                 fff7fd00   0000009c  00000000  0000009c  RWIX
  MMC                   fffffd00   0000003c  0000003c  00000000  RWIX
  MMC                   fffffd00   0000003c  00000000  0000003c  RWIX
  DEC                   fffffe00   0000009c  0000009c  00000000  RWIX
  DEC                   fffffe00   0000009c  00000000  0000009c  RWIX
  CIM                   ffffff20   00000018  00000018  00000000  RWIX
  CIM                   ffffff20   00000018  00000000  00000018  RWIX
  SYS                   ffffffd0   00000030  00000030  00000000  RWIX
  SYS                   ffffffd0   00000030  00000000  00000030  RWIX


SECTION ALLOCATION MAP

 output                                  attributes/
section   page    origin      length       input sections
--------  ----  ----------  ----------   ----------------
.vectors   0    00000000    00000020     
                  00000000    00000020     load_UCD3138A.obj (.vectors)

.text      0    00000020    000005f0     
                  00000020    00000424     software_interrupt.obj (.text:retain)
                  00000444    000000d8     load_UCD3138A.obj (.text)
                  0000051c    000000c8     clear_program_flash.obj (.text)
                  000005e4    00000010     interrupts.obj (.text:retain)
                  000005f4    00000008     main.obj (.text)
                  000005fc    00000004     standard_interrupt.obj (.text:retain)
                  00000600    00000010     main.obj (.tramp._c_int00.1)

.bss       0    0001901c    00000208     UNINITIALIZED
                  0001901c    00000100     main.obj (.bss:_xn_bins)
                  0001911c    00000080     main.obj (.bss:_program_area)
                  0001919c    00000053     main.obj (.bss)
                  000191ef    00000001     --HOLE--
                  000191f0    00000034     main.obj (.bss:_pmbus_buffer)

.stack     0    00019e6c    00000000     UNINITIALIZED

LoopMuxRegsFile 
*          0    00020000    00000078     UNINITIALIZED
                  00020000    00000078     cyclone_global_variables_defs.obj (LoopMuxRegsFile)

FaultMuxRegsFile 
*          0    00030000    00000080     UNINITIALIZED
                  00030000    00000080     cyclone_global_variables_defs.obj (FaultMuxRegsFile)

AdcRegsFile 
*          0    00040000    00000098     UNINITIALIZED
                  00040000    00000098     cyclone_global_variables_defs.obj (AdcRegsFile)

Dpwm3RegsFile 
*          0    00050000    0000008c     UNINITIALIZED
                  00050000    0000008c     cyclone_global_variables_defs.obj (Dpwm3RegsFile)

Filter2RegsFile 
*          0    00060000    00000064     UNINITIALIZED
                  00060000    00000064     cyclone_global_variables_defs.obj (Filter2RegsFile)

Dpwm2RegsFile 
*          0    00070000    0000008c     UNINITIALIZED
                  00070000    0000008c     cyclone_global_variables_defs.obj (Dpwm2RegsFile)

FeCtrl2RegsFile 
*          0    00080000    00000044     UNINITIALIZED
                  00080000    00000044     cyclone_global_variables_defs.obj (FeCtrl2RegsFile)

Filter1RegsFile 
*          0    00090000    00000064     UNINITIALIZED
                  00090000    00000064     cyclone_global_variables_defs.obj (Filter1RegsFile)

Dpwm1RegsFile 
*          0    000a0000    0000008c     UNINITIALIZED
                  000a0000    0000008c     cyclone_global_variables_defs.obj (Dpwm1RegsFile)

FeCtrl1RegsFile 
*          0    000b0000    00000044     UNINITIALIZED
                  000b0000    00000044     cyclone_global_variables_defs.obj (FeCtrl1RegsFile)

Filter0RegsFile 
*          0    000c0000    00000064     UNINITIALIZED
                  000c0000    00000064     cyclone_global_variables_defs.obj (Filter0RegsFile)

Dpwm0RegsFile 
*          0    000d0000    0000008c     UNINITIALIZED
                  000d0000    0000008c     cyclone_global_variables_defs.obj (Dpwm0RegsFile)

FeCtrl0RegsFile 
*          0    000e0000    00000044     UNINITIALIZED
                  000e0000    00000044     cyclone_global_variables_defs.obj (FeCtrl0RegsFile)

Uart0RegsFile 
*          0    fff7ec00    00000038     UNINITIALIZED
                  fff7ec00    00000038     cyclone_global_variables_defs.obj (Uart0RegsFile)

Uart1RegsFile 
*          0    fff7ed00    00000038     UNINITIALIZED
                  fff7ed00    00000038     cyclone_global_variables_defs.obj (Uart1RegsFile)

MiscAnalogRegsFile 
*          0    fff7f000    00000048     UNINITIALIZED
                  fff7f000    00000048     cyclone_global_variables_defs.obj (MiscAnalogRegsFile)

PMBusRegsFile 
*          0    fff7f600    00000024     UNINITIALIZED
                  fff7f600    00000024     cyclone_global_variables_defs.obj (PMBusRegsFile)

GioRegsFile 
*          0    fff7fa00    00000040     UNINITIALIZED
                  fff7fa00    00000040     cyclone_global_variables_defs.obj (GioRegsFile)

TimerRegsFile 
*          0    fff7fd00    0000009c     UNINITIALIZED
                  fff7fd00    0000009c     cyclone_global_variables_defs.obj (TimerRegsFile)

MmcRegsFile 
*          0    fffffd00    0000003c     UNINITIALIZED
                  fffffd00    0000003c     cyclone_global_variables_defs.obj (MmcRegsFile)

DecRegsFile 
*          0    fffffe00    0000009c     UNINITIALIZED
                  fffffe00    0000009c     cyclone_global_variables_defs.obj (DecRegsFile)

CimRegsFile 
*          0    ffffff20    00000018     UNINITIALIZED
                  ffffff20    00000018     cyclone_global_variables_defs.obj (CimRegsFile)

SysRegsFile 
*          0    ffffffd0    00000030     UNINITIALIZED
                  ffffffd0    00000030     cyclone_global_variables_defs.obj (SysRegsFile)

.cinit     0    00000020    00000000     UNINITIALIZED

VENEERS

callee name               veneer name
   callee addr  veneer addr  call addr  call info
--------------  -----------  ---------  ----------------
_c_int00                  $Ven$TA$L$PI$$_c_int00
   000005f8     00000600     000004fc   load_UCD3138A.obj (.text)

[1 trampolines]
[1 trampoline calls]


GLOBAL SYMBOLS: SORTED ALPHABETICALLY BY Name 

address   name                                
-------   ----                                
0001901c  .bss                                
00000020  .text                               
00040000  _AdcRegs                            
ffffff20  _CimRegs                            
fffffe00  _DecRegs                            
000d0000  _Dpwm0Regs                          
000a0000  _Dpwm1Regs                          
00070000  _Dpwm2Regs                          
00050000  _Dpwm3Regs                          
00030000  _FaultMuxRegs                       
000e0000  _FeCtrl0Regs                        
000b0000  _FeCtrl1Regs                        
00080000  _FeCtrl2Regs                        
000c0000  _Filter0Regs                        
00090000  _Filter1Regs                        
00060000  _Filter2Regs                        
fff7fa00  _GioRegs                            
00020000  _LoopMuxRegs                        
fff7f000  _MiscAnalogRegs                     
fffffd00  _MmcRegs                            
fff7f600  _PMBusRegs                          
00019fec  _StackABORT_                        
00019f94  _StackFIQ_                          
00019fe8  _StackIRQ_                          
00019ffc  _StackSUPER_                        
00019ff0  _StackUND_                          
00019f24  _StackUSER_                         
ffffffd0  _SysRegs                            
fff7fd00  _TimerRegs                          
fff7ec00  _Uart0Regs                          
fff7ed00  _Uart1Regs                          
ffffffff  ___binit__                          
0001901c  ___bss__                            
ffffffff  ___c_args__                         
ffffffff  ___cinit__                          
00019224  ___end__                            
00000610  ___etext__                          
ffffffff  ___pinit__                          
00000020  ___text__                           
000005ec  _abort_data_fetch_exception         
000005e8  _abort_prefetch_exception           
000005f8  _c_int00                            
0000051c  _clear_program_flash                
000191dc  _debug_buffer                       
000005f0  _fast_interrupt                     
000191b0  _flash_write_status                 
000191b2  _gui_constant_pointer               
000191a4  _loop_counter                       
000005f4  _main                               
000191a8  _number_of_samples                  
000191e4  _page                               
000191b8  _parm_count                         
000191b4  _parm_index                         
000191b6  _parm_offset                        
000191b9  _parm_size                          
000191f0  _pmbus_buffer                       
000191bc  _pmbus_buffer_position              
000191bb  _pmbus_number_of_bytes              
000191cc  _pmbus_pec_buffer                   
000191d8  _pmbus_pec_buffer_number_of_bytes   
000191c8  _pmbus_pec_valid                    
000191ba  _pmbus_state                        
000191e7  _pmbus_status_cml                   
000191e8  _pmbus_status_fans_1_2              
000191e9  _pmbus_status_fans_3_4              
000191be  _pmbus_status_half_word_0_value     
000191c0  _pmbus_status_half_word_0_value_ored
000191e6  _pmbus_status_input                 
000191e5  _pmbus_status_temperature           
000191ea  _pmbus_status_word                  
000191c4  _pmbus_watchdog_timer               
0001911c  _program_area                       
000191ec  _second_pmbus_status_word           
000191ee  _setup_id_length                    
00000020  _software_interrupt                 
000005fc  _standard_interrupt                 
000191ac  _start_monitor                      
000191b1  _status_cml                         
000005e4  _undefined_instruction_exception    
000191b3  _user_ram_00                        
0001901c  _xn_bins                            
00000558  _zero_out_integrity_word            
0001919c  _zoiw_address                       
000191a0  _zoiw_flash_key                     
ffffffff  binit                               
ffffffff  cinit                               
00019224  end                                 
00000610  etext                               
ffffffff  pinit                               
ffffa4dc  rom_main                            


GLOBAL SYMBOLS: SORTED BY Symbol Address 

address   name                                
-------   ----                                
00000020  .text                               
00000020  ___text__                           
00000020  _software_interrupt                 
0000051c  _clear_program_flash                
00000558  _zero_out_integrity_word            
000005e4  _undefined_instruction_exception    
000005e8  _abort_prefetch_exception           
000005ec  _abort_data_fetch_exception         
000005f0  _fast_interrupt                     
000005f4  _main                               
000005f8  _c_int00                            
000005fc  _standard_interrupt                 
00000610  ___etext__                          
00000610  etext                               
0001901c  .bss                                
0001901c  ___bss__                            
0001901c  _xn_bins                            
0001911c  _program_area                       
0001919c  _zoiw_address                       
000191a0  _zoiw_flash_key                     
000191a4  _loop_counter                       
000191a8  _number_of_samples                  
000191ac  _start_monitor                      
000191b0  _flash_write_status                 
000191b1  _status_cml                         
000191b2  _gui_constant_pointer               
000191b3  _user_ram_00                        
000191b4  _parm_index                         
000191b6  _parm_offset                        
000191b8  _parm_count                         
000191b9  _parm_size                          
000191ba  _pmbus_state                        
000191bb  _pmbus_number_of_bytes              
000191bc  _pmbus_buffer_position              
000191be  _pmbus_status_half_word_0_value     
000191c0  _pmbus_status_half_word_0_value_ored
000191c4  _pmbus_watchdog_timer               
000191c8  _pmbus_pec_valid                    
000191cc  _pmbus_pec_buffer                   
000191d8  _pmbus_pec_buffer_number_of_bytes   
000191dc  _debug_buffer                       
000191e4  _page                               
000191e5  _pmbus_status_temperature           
000191e6  _pmbus_status_input                 
000191e7  _pmbus_status_cml                   
000191e8  _pmbus_status_fans_1_2              
000191e9  _pmbus_status_fans_3_4              
000191ea  _pmbus_status_word                  
000191ec  _second_pmbus_status_word           
000191ee  _setup_id_length                    
000191f0  _pmbus_buffer                       
00019224  ___end__                            
00019224  end                                 
00019f24  _StackUSER_                         
00019f94  _StackFIQ_                          
00019fe8  _StackIRQ_                          
00019fec  _StackABORT_                        
00019ff0  _StackUND_                          
00019ffc  _StackSUPER_                        
00020000  _LoopMuxRegs                        
00030000  _FaultMuxRegs                       
00040000  _AdcRegs                            
00050000  _Dpwm3Regs                          
00060000  _Filter2Regs                        
00070000  _Dpwm2Regs                          
00080000  _FeCtrl2Regs                        
00090000  _Filter1Regs                        
000a0000  _Dpwm1Regs                          
000b0000  _FeCtrl1Regs                        
000c0000  _Filter0Regs                        
000d0000  _Dpwm0Regs                          
000e0000  _FeCtrl0Regs                        
fff7ec00  _Uart0Regs                          
fff7ed00  _Uart1Regs                          
fff7f000  _MiscAnalogRegs                     
fff7f600  _PMBusRegs                          
fff7fa00  _GioRegs                            
fff7fd00  _TimerRegs                          
ffffa4dc  rom_main                            
fffffd00  _MmcRegs                            
fffffe00  _DecRegs                            
ffffff20  _CimRegs                            
ffffffd0  _SysRegs                            
ffffffff  ___binit__                          
ffffffff  ___c_args__                         
ffffffff  ___cinit__                          
ffffffff  ___pinit__                          
ffffffff  binit                               
ffffffff  cinit                               
ffffffff  pinit                               

[90 symbols]
